Archive member included to satisfy reference by file (symbol)

d:/software/embededtools/drivers/gcc-arm-none-eabi/bin/../lib/gcc/arm-none-eabi/10.3.1/../../../../arm-none-eabi/lib/thumb/v7-m/nofp\libg.a(lib_a-errno.o)
                              CMakeFiles/Cyber-VCM-CLion.elf.dir/Core/Src/syscalls.c.obj (__errno)
d:/software/embededtools/drivers/gcc-arm-none-eabi/bin/../lib/gcc/arm-none-eabi/10.3.1/../../../../arm-none-eabi/lib/thumb/v7-m/nofp\libg.a(lib_a-exit.o)
                              d:/software/embededtools/drivers/gcc-arm-none-eabi/bin/../lib/gcc/arm-none-eabi/10.3.1/../../../../arm-none-eabi/lib/thumb/v7-m/nofp/crt0.o (exit)
d:/software/embededtools/drivers/gcc-arm-none-eabi/bin/../lib/gcc/arm-none-eabi/10.3.1/../../../../arm-none-eabi/lib/thumb/v7-m/nofp\libg.a(lib_a-impure.o)
                              d:/software/embededtools/drivers/gcc-arm-none-eabi/bin/../lib/gcc/arm-none-eabi/10.3.1/../../../../arm-none-eabi/lib/thumb/v7-m/nofp\libg.a(lib_a-exit.o) (_global_impure_ptr)
d:/software/embededtools/drivers/gcc-arm-none-eabi/bin/../lib/gcc/arm-none-eabi/10.3.1/../../../../arm-none-eabi/lib/thumb/v7-m/nofp\libg.a(lib_a-init.o)
                              d:/software/embededtools/drivers/gcc-arm-none-eabi/bin/../lib/gcc/arm-none-eabi/10.3.1/../../../../arm-none-eabi/lib/thumb/v7-m/nofp/crt0.o (__libc_init_array)
d:/software/embededtools/drivers/gcc-arm-none-eabi/bin/../lib/gcc/arm-none-eabi/10.3.1/../../../../arm-none-eabi/lib/thumb/v7-m/nofp\libg.a(lib_a-memcpy.o)
                              CMakeFiles/Cyber-VCM-CLion.elf.dir/Middlewares/Third_Party/FreeRTOS/Source/CMSIS_RTOS_V2/cmsis_os2.c.obj (memcpy)
d:/software/embededtools/drivers/gcc-arm-none-eabi/bin/../lib/gcc/arm-none-eabi/10.3.1/../../../../arm-none-eabi/lib/thumb/v7-m/nofp\libg.a(lib_a-memset.o)
                              d:/software/embededtools/drivers/gcc-arm-none-eabi/bin/../lib/gcc/arm-none-eabi/10.3.1/../../../../arm-none-eabi/lib/thumb/v7-m/nofp/crt0.o (memset)
d:/software/embededtools/drivers/gcc-arm-none-eabi/bin/../lib/gcc/arm-none-eabi/10.3.1/../../../../arm-none-eabi/lib/thumb/v7-m/nofp\libg.a(lib_a-__call_atexit.o)
                              d:/software/embededtools/drivers/gcc-arm-none-eabi/bin/../lib/gcc/arm-none-eabi/10.3.1/../../../../arm-none-eabi/lib/thumb/v7-m/nofp\libg.a(lib_a-exit.o) (__call_exitprocs)
d:/software/embededtools/drivers/gcc-arm-none-eabi/bin/../lib/gcc/arm-none-eabi/10.3.1/../../../../arm-none-eabi/lib/thumb/v7-m/nofp\libg.a(lib_a-atexit.o)
                              d:/software/embededtools/drivers/gcc-arm-none-eabi/bin/../lib/gcc/arm-none-eabi/10.3.1/../../../../arm-none-eabi/lib/thumb/v7-m/nofp\libg.a(lib_a-__call_atexit.o) (atexit)
d:/software/embededtools/drivers/gcc-arm-none-eabi/bin/../lib/gcc/arm-none-eabi/10.3.1/../../../../arm-none-eabi/lib/thumb/v7-m/nofp\libg.a(lib_a-fini.o)
                              d:/software/embededtools/drivers/gcc-arm-none-eabi/bin/../lib/gcc/arm-none-eabi/10.3.1/../../../../arm-none-eabi/lib/thumb/v7-m/nofp\libg.a(lib_a-__call_atexit.o) (__libc_fini_array)
d:/software/embededtools/drivers/gcc-arm-none-eabi/bin/../lib/gcc/arm-none-eabi/10.3.1/../../../../arm-none-eabi/lib/thumb/v7-m/nofp\libg.a(lib_a-lock.o)
                              d:/software/embededtools/drivers/gcc-arm-none-eabi/bin/../lib/gcc/arm-none-eabi/10.3.1/../../../../arm-none-eabi/lib/thumb/v7-m/nofp\libg.a(lib_a-__call_atexit.o) (__retarget_lock_acquire_recursive)
d:/software/embededtools/drivers/gcc-arm-none-eabi/bin/../lib/gcc/arm-none-eabi/10.3.1/../../../../arm-none-eabi/lib/thumb/v7-m/nofp\libg.a(lib_a-__atexit.o)
                              d:/software/embededtools/drivers/gcc-arm-none-eabi/bin/../lib/gcc/arm-none-eabi/10.3.1/../../../../arm-none-eabi/lib/thumb/v7-m/nofp\libg.a(lib_a-atexit.o) (__register_exitproc)

Discarded input sections

 .text          0x00000000        0x0 d:/software/embededtools/drivers/gcc-arm-none-eabi/bin/../lib/gcc/arm-none-eabi/10.3.1/thumb/v7-m/nofp/crti.o
 .data          0x00000000        0x0 d:/software/embededtools/drivers/gcc-arm-none-eabi/bin/../lib/gcc/arm-none-eabi/10.3.1/thumb/v7-m/nofp/crti.o
 .bss           0x00000000        0x0 d:/software/embededtools/drivers/gcc-arm-none-eabi/bin/../lib/gcc/arm-none-eabi/10.3.1/thumb/v7-m/nofp/crti.o
 .data          0x00000000        0x4 d:/software/embededtools/drivers/gcc-arm-none-eabi/bin/../lib/gcc/arm-none-eabi/10.3.1/thumb/v7-m/nofp/crtbegin.o
 .rodata        0x00000000       0x24 d:/software/embededtools/drivers/gcc-arm-none-eabi/bin/../lib/gcc/arm-none-eabi/10.3.1/thumb/v7-m/nofp/crtbegin.o
 .text          0x00000000       0x7c d:/software/embededtools/drivers/gcc-arm-none-eabi/bin/../lib/gcc/arm-none-eabi/10.3.1/../../../../arm-none-eabi/lib/thumb/v7-m/nofp/crt0.o
 .data          0x00000000        0x0 d:/software/embededtools/drivers/gcc-arm-none-eabi/bin/../lib/gcc/arm-none-eabi/10.3.1/../../../../arm-none-eabi/lib/thumb/v7-m/nofp/crt0.o
[...]
Memory Configuration

Name             Origin             Length             Attributes
RAM              0x20000000         0x00005000         xrw
FLASH            0x08000000         0x00020000         xr
*default*        0x00000000         0xffffffff

Linker script and memory map

LOAD d:/software/embededtools/drivers/gcc-arm-none-eabi/bin/../lib/gcc/arm-none-eabi/10.3.1/thumb/v7-m/nofp/crti.o
LOAD d:/software/embededtools/drivers/gcc-arm-none-eabi/bin/../lib/gcc/arm-none-eabi/10.3.1/thumb/v7-m/nofp/crtbegin.o
LOAD d:/software/embededtools/drivers/gcc-arm-none-eabi/bin/../lib/gcc/arm-none-eabi/10.3.1/../../../../arm-none-eabi/lib/thumb/v7-m/nofp/crt0.o
LOAD CMakeFiles/Cyber-VCM-CLion.elf.dir/Core/Src/adc.c.obj
LOAD CMakeFiles/Cyber-VCM-CLion.elf.dir/Core/Src/dma.c.obj
LOAD CMakeFiles/Cyber-VCM-CLion.elf.dir/Core/Src/freertos.c.obj
LOAD CMakeFiles/Cyber-VCM-CLion.elf.dir/Core/Src/gpio.c.obj
LOAD CMakeFiles/Cyber-VCM-CLion.elf.dir/Core/Src/main.c.obj
LOAD CMakeFiles/Cyber-VCM-CLion.elf.dir/Core/Src/stm32f1xx_hal_msp.c.obj
LOAD CMakeFiles/Cyber-VCM-CLion.elf.dir/Core/Src/stm32f1xx_hal_timebase_tim.c.obj
LOAD CMakeFiles/Cyber-VCM-CLion.elf.dir/Core/Src/stm32f1xx_it.c.obj
LOAD CMakeFiles/Cyber-VCM-CLion.elf.dir/Core/Src/syscalls.c.obj
LOAD CMakeFiles/Cyber-VCM-CLion.elf.dir/Core/Src/system_stm32f1xx.c.obj
LOAD CMakeFiles/Cyber-VCM-CLion.elf.dir/Core/Src/tim.c.obj
LOAD CMakeFiles/Cyber-VCM-CLion.elf.dir/Core/Src/usart.c.obj
LOAD CMakeFiles/Cyber-VCM-CLion.elf.dir/Drivers/STM32F1xx_HAL_Driver/Src/stm32f1xx_hal.c.obj
LOAD CMakeFiles/Cyber-VCM-CLion.elf.dir/Drivers/STM32F1xx_HAL_Driver/Src/stm32f1xx_hal_adc.c.obj
LOAD CMakeFiles/Cyber-VCM-CLion.elf.dir/Drivers/STM32F1xx_HAL_Driver/Src/stm32f1xx_hal_adc_ex.c.obj
LOAD CMakeFiles/Cyber-VCM-CLion.elf.dir/Drivers/STM32F1xx_HAL_Driver/Src/stm32f1xx_hal_cortex.c.obj
LOAD CMakeFiles/Cyber-VCM-CLion.elf.dir/Drivers/STM32F1xx_HAL_Driver/Src/stm32f1xx_hal_dma.c.obj
LOAD CMakeFiles/Cyber-VCM-CLion.elf.dir/Drivers/STM32F1xx_HAL_Driver/Src/stm32f1xx_hal_exti.c.obj
LOAD CMakeFiles/Cyber-VCM-CLion.elf.dir/Drivers/STM32F1xx_HAL_Driver/Src/stm32f1xx_hal_flash.c.obj
LOAD CMakeFiles/Cyber-VCM-CLion.elf.dir/Drivers/STM32F1xx_HAL_Driver/Src/stm32f1xx_hal_flash_ex.c.obj
LOAD CMakeFiles/Cyber-VCM-CLion.elf.dir/Drivers/STM32F1xx_HAL_Driver/Src/stm32f1xx_hal_gpio.c.obj
LOAD CMakeFiles/Cyber-VCM-CLion.elf.dir/Drivers/STM32F1xx_HAL_Driver/Src/stm32f1xx_hal_gpio_ex.c.obj
LOAD CMakeFiles/Cyber-VCM-CLion.elf.dir/Drivers/STM32F1xx_HAL_Driver/Src/stm32f1xx_hal_pwr.c.obj
LOAD CMakeFiles/Cyber-VCM-CLion.elf.dir/Drivers/STM32F1xx_HAL_Driver/Src/stm32f1xx_hal_rcc.c.obj
LOAD CMakeFiles/Cyber-VCM-CLion.elf.dir/Drivers/STM32F1xx_HAL_Driver/Src/stm32f1xx_hal_rcc_ex.c.obj
LOAD CMakeFiles/Cyber-VCM-CLion.elf.dir/Drivers/STM32F1xx_HAL_Driver/Src/stm32f1xx_hal_tim.c.obj
LOAD CMakeFiles/Cyber-VCM-CLion.elf.dir/Drivers/STM32F1xx_HAL_Driver/Src/stm32f1xx_hal_tim_ex.c.obj
LOAD CMakeFiles/Cyber-VCM-CLion.elf.dir/Drivers/STM32F1xx_HAL_Driver/Src/stm32f1xx_hal_uart.c.obj
LOAD CMakeFiles/Cyber-VCM-CLion.elf.dir/Middlewares/Third_Party/FreeRTOS/Source/CMSIS_RTOS_V2/cmsis_os2.c.obj
LOAD CMakeFiles/Cyber-VCM-CLion.elf.dir/Middlewares/Third_Party/FreeRTOS/Source/croutine.c.obj
LOAD CMakeFiles/Cyber-VCM-CLion.elf.dir/Middlewares/Third_Party/FreeRTOS/Source/event_groups.c.obj
LOAD CMakeFiles/Cyber-VCM-CLion.elf.dir/Middlewares/Third_Party/FreeRTOS/Source/list.c.obj
LOAD CMakeFiles/Cyber-VCM-CLion.elf.dir/Middlewares/Third_Party/FreeRTOS/Source/portable/GCC/ARM_CM3/port.c.obj
LOAD CMakeFiles/Cyber-VCM-CLion.elf.dir/Middlewares/Third_Party/FreeRTOS/Source/portable/MemMang/heap_4.c.obj
LOAD CMakeFiles/Cyber-VCM-CLion.elf.dir/Middlewares/Third_Party/FreeRTOS/Source/queue.c.obj
LOAD CMakeFiles/Cyber-VCM-CLion.elf.dir/Middlewares/Third_Party/FreeRTOS/Source/stream_buffer.c.obj
LOAD CMakeFiles/Cyber-VCM-CLion.elf.dir/Middlewares/Third_Party/FreeRTOS/Source/tasks.c.obj
LOAD CMakeFiles/Cyber-VCM-CLion.elf.dir/Middlewares/Third_Party/FreeRTOS/Source/timers.c.obj
LOAD CMakeFiles/Cyber-VCM-CLion.elf.dir/UserApp/main.cpp.obj
LOAD CMakeFiles/Cyber-VCM-CLion.elf.dir/UserApp/protocols/interface_uart.cpp.obj
LOAD CMakeFiles/Cyber-VCM-CLion.elf.dir/startup/startup_stm32f103xb.s.obj
LOAD d:/software/embededtools/drivers/gcc-arm-none-eabi/bin/../lib/gcc/arm-none-eabi/10.3.1/../../../../arm-none-eabi/lib/thumb/v7-m/nofp\libstdc++.a
LOAD d:/software/embededtools/drivers/gcc-arm-none-eabi/bin/../lib/gcc/arm-none-eabi/10.3.1/../../../../arm-none-eabi/lib/thumb/v7-m/nofp\libm.a
START GROUP
LOAD d:/software/embededtools/drivers/gcc-arm-none-eabi/bin/../lib/gcc/arm-none-eabi/10.3.1/thumb/v7-m/nofp\libgcc.a
LOAD d:/software/embededtools/drivers/gcc-arm-none-eabi/bin/../lib/gcc/arm-none-eabi/10.3.1/../../../../arm-none-eabi/lib/thumb/v7-m/nofp\libg.a
LOAD d:/software/embededtools/drivers/gcc-arm-none-eabi/bin/../lib/gcc/arm-none-eabi/10.3.1/../../../../arm-none-eabi/lib/thumb/v7-m/nofp\libc.a
END GROUP
LOAD d:/software/embededtools/drivers/gcc-arm-none-eabi/bin/../lib/gcc/arm-none-eabi/10.3.1/thumb/v7-m/nofp/crtend.o
LOAD d:/software/embededtools/drivers/gcc-arm-none-eabi/bin/../lib/gcc/arm-none-eabi/10.3.1/thumb/v7-m/nofp/crtn.o
                0x20005000                _estack = 0x20005000
                0x00000400                _Min_Heap_Size = 0x400
                0x00000400                _Min_Stack_Size = 0x400

.isr_vector     0x08000000      0x10c
                0x08000000                . = ALIGN (0x4)
 *(.isr_vector)
 .isr_vector    0x08000000      0x10c CMakeFiles/Cyber-VCM-CLion.elf.dir/startup/startup_stm32f103xb.s.obj
                0x08000000                g_pfnVectors
                0x0800010c                . = ALIGN (0x4)

.text           0x08000110     0x4334
                0x08000110                . = ALIGN (0x4)
 *(.text)
 .text          0x08000110       0x40 d:/software/embededtools/drivers/gcc-arm-none-eabi/bin/../lib/gcc/arm-none-eabi/10.3.1/thumb/v7-m/nofp/crtbegin.o
 .text          0x08000150       0xec d:/software/embededtools/drivers/gcc-arm-none-eabi/bin/../lib/gcc/arm-none-eabi/10.3.1/../../../../arm-none-eabi/lib/thumb/v7-m/nofp\libg.a(lib_a-memcpy.o)
                0x08000150                memcpy
 *(.text*)
 .text.MX_ADC1_Init
                0x0800023c       0x58 CMakeFiles/Cyber-VCM-CLion.elf.dir/Core/Src/adc.c.obj
                0x0800023c                MX_ADC1_Init
 .text.HAL_ADC_MspInit
                0x08000294       0x9c CMakeFiles/Cyber-VCM-CLion.elf.dir/Core/Src/adc.c.obj
                0x08000294                HAL_ADC_MspInit
 .text.MX_DMA_Init
                0x08000330       0x34 CMakeFiles/Cyber-VCM-CLion.elf.dir/Core/Src/dma.c.obj
                0x08000330                MX_DMA_Init
 .text.StartDefaultTask
                0x08000364        0xa CMakeFiles/Cyber-VCM-CLion.elf.dir/Core/Src/freertos.c.obj
                0x08000364                StartDefaultTask
 *fill*         0x0800036e        0x2 
 .text.MX_FREERTOS_Init
                0x08000370       0x20 CMakeFiles/Cyber-VCM-CLion.elf.dir/Core/Src/freertos.c.obj
                0x08000370                MX_FREERTOS_Init
 .text.MX_GPIO_Init
                0x08000390       0xc8 CMakeFiles/Cyber-VCM-CLion.elf.dir/Core/Src/gpio.c.obj
                0x08000390                MX_GPIO_Init
 .text.HAL_TIM_PeriodElapsedCallback
                0x08000458       0x18 CMakeFiles/Cyber-VCM-CLion.elf.dir/Core/Src/main.c.obj
                0x08000458                HAL_TIM_PeriodElapsedCallback
 .text.Error_Handler
                0x08000470        0x4 CMakeFiles/Cyber-VCM-CLion.elf.dir/Core/Src/main.c.obj
                0x08000470                Error_Handler
 .text.SystemClock_Config
                0x08000474       0x84 CMakeFiles/Cyber-VCM-CLion.elf.dir/Core/Src/main.c.obj
                0x08000474                SystemClock_Config
 .text.main     0x080004f8       0x34 CMakeFiles/Cyber-VCM-CLion.elf.dir/Core/Src/main.c.obj
                0x080004f8                main
 .text.HAL_MspInit
                0x0800052c       0x54 CMakeFiles/Cyber-VCM-CLion.elf.dir/Core/Src/stm32f1xx_hal_msp.c.obj
                0x0800052c                HAL_MspInit
 .text.HAL_InitTick
                0x08000580       0x78 CMakeFiles/Cyber-VCM-CLion.elf.dir/Core/Src/stm32f1xx_hal_timebase_tim.c.obj
                0x08000580                HAL_InitTick
 .text.NMI_Handler
                0x080005f8        0x2 CMakeFiles/Cyber-VCM-CLion.elf.dir/Core/Src/stm32f1xx_it.c.obj
                0x080005f8                NMI_Handler
 .text.HardFault_Handler
                0x080005fa        0x2 CMakeFiles/Cyber-VCM-CLion.elf.dir/Core/Src/stm32f1xx_it.c.obj
                0x080005fa                HardFault_Handler
 .text.MemManage_Handler
                0x080005fc        0x2 CMakeFiles/Cyber-VCM-CLion.elf.dir/Core/Src/stm32f1xx_it.c.obj
                0x080005fc                MemManage_Handler
 .text.BusFault_Handler
                0x080005fe        0x2 CMakeFiles/Cyber-VCM-CLion.elf.dir/Core/Src/stm32f1xx_it.c.obj
                0x080005fe                BusFault_Handler
 .text.UsageFault_Handler
                0x08000600        0x2 CMakeFiles/Cyber-VCM-CLion.elf.dir/Core/Src/stm32f1xx_it.c.obj
                0x08000600                UsageFault_Handler
 .text.DebugMon_Handler
                0x08000602        0x2 CMakeFiles/Cyber-VCM-CLion.elf.dir/Core/Src/stm32f1xx_it.c.obj
                0x08000602                DebugMon_Handler
 .text.DMA1_Channel1_IRQHandler
                0x08000604       0x10 CMakeFiles/Cyber-VCM-CLion.elf.dir/Core/Src/stm32f1xx_it.c.obj
                0x08000604                DMA1_Channel1_IRQHandler
 .text.TIM1_UP_IRQHandler
                0x08000614       0x10 CMakeFiles/Cyber-VCM-CLion.elf.dir/Core/Src/stm32f1xx_it.c.obj
                0x08000614                TIM1_UP_IRQHandler
 .text.USART1_IRQHandler
                0x08000624       0x10 CMakeFiles/Cyber-VCM-CLion.elf.dir/Core/Src/stm32f1xx_it.c.obj
                0x08000624                USART1_IRQHandler
 .text.SystemInit
                0x08000634        0x2 CMakeFiles/Cyber-VCM-CLion.elf.dir/Core/Src/system_stm32f1xx.c.obj
                0x08000634                SystemInit
 *fill*         0x08000636        0x2 
 .text.MX_TIM3_Init
                0x08000638       0x64 CMakeFiles/Cyber-VCM-CLion.elf.dir/Core/Src/tim.c.obj
                0x08000638                MX_TIM3_Init
 .text.MX_TIM4_Init
                0x0800069c       0x6c CMakeFiles/Cyber-VCM-CLion.elf.dir/Core/Src/tim.c.obj
                0x0800069c                MX_TIM4_Init
 .text.HAL_TIM_Base_MspInit
                0x08000708       0x4c CMakeFiles/Cyber-VCM-CLion.elf.dir/Core/Src/tim.c.obj
                0x08000708                HAL_TIM_Base_MspInit
 .text.HAL_TIM_Encoder_MspInit
                0x08000754       0x5c CMakeFiles/Cyber-VCM-CLion.elf.dir/Core/Src/tim.c.obj
                0x08000754                HAL_TIM_Encoder_MspInit
 .text.HAL_TIM_MspPostInit
                0x080007b0       0x64 CMakeFiles/Cyber-VCM-CLion.elf.dir/Core/Src/tim.c.obj
                0x080007b0                HAL_TIM_MspPostInit
 .text.MX_TIM2_Init
                0x08000814       0xa8 CMakeFiles/Cyber-VCM-CLion.elf.dir/Core/Src/tim.c.obj
                0x08000814                MX_TIM2_Init
 .text.MX_USART1_UART_Init
                0x080008bc       0x34 CMakeFiles/Cyber-VCM-CLion.elf.dir/Core/Src/usart.c.obj
                0x080008bc                MX_USART1_UART_Init
 .text.HAL_UART_MspInit
                0x080008f0       0x98 CMakeFiles/Cyber-VCM-CLion.elf.dir/Core/Src/usart.c.obj
                0x080008f0                HAL_UART_MspInit
 .text.HAL_Init
                0x08000988       0x24 CMakeFiles/Cyber-VCM-CLion.elf.dir/Drivers/STM32F1xx_HAL_Driver/Src/stm32f1xx_hal.c.obj
                0x08000988                HAL_Init
 .text.HAL_IncTick
                0x080009ac       0x18 CMakeFiles/Cyber-VCM-CLion.elf.dir/Drivers/STM32F1xx_HAL_Driver/Src/stm32f1xx_hal.c.obj
                0x080009ac                HAL_IncTick
 .text.HAL_GetTick
                0x080009c4        0xc CMakeFiles/Cyber-VCM-CLion.elf.dir/Drivers/STM32F1xx_HAL_Driver/Src/stm32f1xx_hal.c.obj
                0x080009c4                HAL_GetTick
 .text.HAL_ADC_ConfigChannel
                0x080009d0      0x144 CMakeFiles/Cyber-VCM-CLion.elf.dir/Drivers/STM32F1xx_HAL_Driver/Src/stm32f1xx_hal_adc.c.obj
                0x080009d0                HAL_ADC_ConfigChannel
 .text.ADC_ConversionStop_Disable
                0x08000b14       0x56 CMakeFiles/Cyber-VCM-CLion.elf.dir/Drivers/STM32F1xx_HAL_Driver/Src/stm32f1xx_hal_adc.c.obj
                0x08000b14                ADC_ConversionStop_Disable
 *fill*         0x08000b6a        0x2 
 .text.HAL_ADC_Init
                0x08000b6c      0x108 CMakeFiles/Cyber-VCM-CLion.elf.dir/Drivers/STM32F1xx_HAL_Driver/Src/stm32f1xx_hal_adc.c.obj
                0x08000b6c                HAL_ADC_Init
 .text.HAL_NVIC_SetPriorityGrouping
                0x08000c74       0x24 CMakeFiles/Cyber-VCM-CLion.elf.dir/Drivers/STM32F1xx_HAL_Driver/Src/stm32f1xx_hal_cortex.c.obj
                0x08000c74                HAL_NVIC_SetPriorityGrouping
 .text.HAL_NVIC_SetPriority
                0x08000c98       0x70 CMakeFiles/Cyber-VCM-CLion.elf.dir/Drivers/STM32F1xx_HAL_Driver/Src/stm32f1xx_hal_cortex.c.obj
                0x08000c98                HAL_NVIC_SetPriority
 .text.HAL_NVIC_EnableIRQ
                0x08000d08       0x1c CMakeFiles/Cyber-VCM-CLion.elf.dir/Drivers/STM32F1xx_HAL_Driver/Src/stm32f1xx_hal_cortex.c.obj
                0x08000d08                HAL_NVIC_EnableIRQ
 .text.HAL_DMA_Init
                0x08000d24       0x6c CMakeFiles/Cyber-VCM-CLion.elf.dir/Drivers/STM32F1xx_HAL_Driver/Src/stm32f1xx_hal_dma.c.obj
                0x08000d24                HAL_DMA_Init
 .text.HAL_DMA_Abort
                0x08000d90       0x44 CMakeFiles/Cyber-VCM-CLion.elf.dir/Drivers/STM32F1xx_HAL_Driver/Src/stm32f1xx_hal_dma.c.obj
                0x08000d90                HAL_DMA_Abort
 .text.HAL_DMA_Abort_IT
                0x08000dd4       0x98 CMakeFiles/Cyber-VCM-CLion.elf.dir/Drivers/STM32F1xx_HAL_Driver/Src/stm32f1xx_hal_dma.c.obj
                0x08000dd4                HAL_DMA_Abort_IT
 .text.HAL_DMA_IRQHandler
                0x08000e6c      0x144 CMakeFiles/Cyber-VCM-CLion.elf.dir/Drivers/STM32F1xx_HAL_Driver/Src/stm32f1xx_hal_dma.c.obj
                0x08000e6c                HAL_DMA_IRQHandler
 .text.HAL_GPIO_Init
                0x08000fb0      0x224 CMakeFiles/Cyber-VCM-CLion.elf.dir/Drivers/STM32F1xx_HAL_Driver/Src/stm32f1xx_hal_gpio.c.obj
                0x08000fb0                HAL_GPIO_Init
 .text.HAL_GPIO_WritePin
                0x080011d4        0xc CMakeFiles/Cyber-VCM-CLion.elf.dir/Drivers/STM32F1xx_HAL_Driver/Src/stm32f1xx_hal_gpio.c.obj
                0x080011d4                HAL_GPIO_WritePin
 .text.RCC_Delay
                0x080011e0       0x2c CMakeFiles/Cyber-VCM-CLion.elf.dir/Drivers/STM32F1xx_HAL_Driver/Src/stm32f1xx_hal_rcc.c.obj
 .text.HAL_RCC_OscConfig
                0x0800120c      0x410 CMakeFiles/Cyber-VCM-CLion.elf.dir/Drivers/STM32F1xx_HAL_Driver/Src/stm32f1xx_hal_rcc.c.obj
                0x0800120c                HAL_RCC_OscConfig
 .text.HAL_RCC_GetSysClockFreq
                0x0800161c       0x70 CMakeFiles/Cyber-VCM-CLion.elf.dir/Drivers/STM32F1xx_HAL_Driver/Src/stm32f1xx_hal_rcc.c.obj
                0x0800161c                HAL_RCC_GetSysClockFreq
 .text.HAL_RCC_ClockConfig
                0x0800168c      0x16c CMakeFiles/Cyber-VCM-CLion.elf.dir/Drivers/STM32F1xx_HAL_Driver/Src/stm32f1xx_hal_rcc.c.obj
                0x0800168c                HAL_RCC_ClockConfig
 .text.HAL_RCC_GetHCLKFreq
                0x080017f8        0xc CMakeFiles/Cyber-VCM-CLion.elf.dir/Drivers/STM32F1xx_HAL_Driver/Src/stm32f1xx_hal_rcc.c.obj
                0x080017f8                HAL_RCC_GetHCLKFreq
 .text.HAL_RCC_GetPCLK1Freq
                0x08001804       0x20 CMakeFiles/Cyber-VCM-CLion.elf.dir/Drivers/STM32F1xx_HAL_Driver/Src/stm32f1xx_hal_rcc.c.obj
                0x08001804                HAL_RCC_GetPCLK1Freq
 .text.HAL_RCC_GetPCLK2Freq
                0x08001824       0x20 CMakeFiles/Cyber-VCM-CLion.elf.dir/Drivers/STM32F1xx_HAL_Driver/Src/stm32f1xx_hal_rcc.c.obj
                0x08001824                HAL_RCC_GetPCLK2Freq
 .text.HAL_RCC_GetClockConfig
                0x08001844       0x3c CMakeFiles/Cyber-VCM-CLion.elf.dir/Drivers/STM32F1xx_HAL_Driver/Src/stm32f1xx_hal_rcc.c.obj
                0x08001844                HAL_RCC_GetClockConfig
 .text.HAL_RCCEx_PeriphCLKConfig
                0x08001880      0x118 CMakeFiles/Cyber-VCM-CLion.elf.dir/Drivers/STM32F1xx_HAL_Driver/Src/stm32f1xx_hal_rcc_ex.c.obj
                0x08001880                HAL_RCCEx_PeriphCLKConfig
 .text.TIM_OC1_SetConfig
                0x08001998       0x5c CMakeFiles/Cyber-VCM-CLion.elf.dir/Drivers/STM32F1xx_HAL_Driver/Src/stm32f1xx_hal_tim.c.obj
 .text.TIM_OC3_SetConfig
                0x080019f4       0x64 CMakeFiles/Cyber-VCM-CLion.elf.dir/Drivers/STM32F1xx_HAL_Driver/Src/stm32f1xx_hal_tim.c.obj
 .text.TIM_OC4_SetConfig
                0x08001a58       0x48 CMakeFiles/Cyber-VCM-CLion.elf.dir/Drivers/STM32F1xx_HAL_Driver/Src/stm32f1xx_hal_tim.c.obj
 .text.TIM_TI1_ConfigInputStage
                0x08001aa0       0x24 CMakeFiles/Cyber-VCM-CLion.elf.dir/Drivers/STM32F1xx_HAL_Driver/Src/stm32f1xx_hal_tim.c.obj
 .text.TIM_TI2_ConfigInputStage
                0x08001ac4       0x26 CMakeFiles/Cyber-VCM-CLion.elf.dir/Drivers/STM32F1xx_HAL_Driver/Src/stm32f1xx_hal_tim.c.obj
 .text.TIM_ITRx_SetConfig
                0x08001aea       0x10 CMakeFiles/Cyber-VCM-CLion.elf.dir/Drivers/STM32F1xx_HAL_Driver/Src/stm32f1xx_hal_tim.c.obj
 *fill*         0x08001afa        0x2 
 .text.HAL_TIM_Base_Start_IT
                0x08001afc       0x68 CMakeFiles/Cyber-VCM-CLion.elf.dir/Drivers/STM32F1xx_HAL_Driver/Src/stm32f1xx_hal_tim.c.obj
                0x08001afc                HAL_TIM_Base_Start_IT
 .text.HAL_TIM_PWM_MspInit
                0x08001b64        0x2 CMakeFiles/Cyber-VCM-CLion.elf.dir/Drivers/STM32F1xx_HAL_Driver/Src/stm32f1xx_hal_tim.c.obj
                0x08001b64                HAL_TIM_PWM_MspInit
 .text.HAL_TIM_OC_DelayElapsedCallback
                0x08001b66        0x2 CMakeFiles/Cyber-VCM-CLion.elf.dir/Drivers/STM32F1xx_HAL_Driver/Src/stm32f1xx_hal_tim.c.obj
                0x08001b66                HAL_TIM_OC_DelayElapsedCallback
 .text.HAL_TIM_IC_CaptureCallback
                0x08001b68        0x2 CMakeFiles/Cyber-VCM-CLion.elf.dir/Drivers/STM32F1xx_HAL_Driver/Src/stm32f1xx_hal_tim.c.obj
                0x08001b68                HAL_TIM_IC_CaptureCallback
 .text.HAL_TIM_PWM_PulseFinishedCallback
                0x08001b6a        0x2 CMakeFiles/Cyber-VCM-CLion.elf.dir/Drivers/STM32F1xx_HAL_Driver/Src/stm32f1xx_hal_tim.c.obj
                0x08001b6a                HAL_TIM_PWM_PulseFinishedCallback
 .text.HAL_TIM_TriggerCallback
                0x08001b6c        0x2 CMakeFiles/Cyber-VCM-CLion.elf.dir/Drivers/STM32F1xx_HAL_Driver/Src/stm32f1xx_hal_tim.c.obj
                0x08001b6c                HAL_TIM_TriggerCallback
 .text.HAL_TIM_IRQHandler
                0x08001b6e      0x17a CMakeFiles/Cyber-VCM-CLion.elf.dir/Drivers/STM32F1xx_HAL_Driver/Src/stm32f1xx_hal_tim.c.obj
                0x08001b6e                HAL_TIM_IRQHandler
 .text.TIM_Base_SetConfig
                0x08001ce8       0x74 CMakeFiles/Cyber-VCM-CLion.elf.dir/Drivers/STM32F1xx_HAL_Driver/Src/stm32f1xx_hal_tim.c.obj
                0x08001ce8                TIM_Base_SetConfig
 .text.HAL_TIM_Base_Init
                0x08001d5c       0x58 CMakeFiles/Cyber-VCM-CLion.elf.dir/Drivers/STM32F1xx_HAL_Driver/Src/stm32f1xx_hal_tim.c.obj
                0x08001d5c                HAL_TIM_Base_Init
 .text.HAL_TIM_PWM_Init
                0x08001db4       0x58 CMakeFiles/Cyber-VCM-CLion.elf.dir/Drivers/STM32F1xx_HAL_Driver/Src/stm32f1xx_hal_tim.c.obj
                0x08001db4                HAL_TIM_PWM_Init
 .text.HAL_TIM_Encoder_Init
                0x08001e0c       0xb8 CMakeFiles/Cyber-VCM-CLion.elf.dir/Drivers/STM32F1xx_HAL_Driver/Src/stm32f1xx_hal_tim.c.obj
                0x08001e0c                HAL_TIM_Encoder_Init
 .text.TIM_OC2_SetConfig
                0x08001ec4       0x64 CMakeFiles/Cyber-VCM-CLion.elf.dir/Drivers/STM32F1xx_HAL_Driver/Src/stm32f1xx_hal_tim.c.obj
                0x08001ec4                TIM_OC2_SetConfig
 .text.HAL_TIM_PWM_ConfigChannel
                0x08001f28       0xd0 CMakeFiles/Cyber-VCM-CLion.elf.dir/Drivers/STM32F1xx_HAL_Driver/Src/stm32f1xx_hal_tim.c.obj
                0x08001f28                HAL_TIM_PWM_ConfigChannel
 .text.TIM_ETR_SetConfig
                0x08001ff8       0x18 CMakeFiles/Cyber-VCM-CLion.elf.dir/Drivers/STM32F1xx_HAL_Driver/Src/stm32f1xx_hal_tim.c.obj
                0x08001ff8                TIM_ETR_SetConfig
 .text.HAL_TIM_ConfigClockSource
                0x08002010       0xda CMakeFiles/Cyber-VCM-CLion.elf.dir/Drivers/STM32F1xx_HAL_Driver/Src/stm32f1xx_hal_tim.c.obj
                0x08002010                HAL_TIM_ConfigClockSource
 *fill*         0x080020ea        0x2 
 .text.HAL_TIMEx_MasterConfigSynchronization
                0x080020ec       0x6c CMakeFiles/Cyber-VCM-CLion.elf.dir/Drivers/STM32F1xx_HAL_Driver/Src/stm32f1xx_hal_tim_ex.c.obj
                0x080020ec                HAL_TIMEx_MasterConfigSynchronization
 .text.HAL_TIMEx_CommutCallback
                0x08002158        0x2 CMakeFiles/Cyber-VCM-CLion.elf.dir/Drivers/STM32F1xx_HAL_Driver/Src/stm32f1xx_hal_tim_ex.c.obj
                0x08002158                HAL_TIMEx_CommutCallback
 .text.HAL_TIMEx_BreakCallback
                0x0800215a        0x2 CMakeFiles/Cyber-VCM-CLion.elf.dir/Drivers/STM32F1xx_HAL_Driver/Src/stm32f1xx_hal_tim_ex.c.obj
                0x0800215a                HAL_TIMEx_BreakCallback
 .text.UART_EndRxTransfer
                0x0800215c       0x32 CMakeFiles/Cyber-VCM-CLion.elf.dir/Drivers/STM32F1xx_HAL_Driver/Src/stm32f1xx_hal_uart.c.obj
 .text.UART_Transmit_IT
                0x0800218e       0x60 CMakeFiles/Cyber-VCM-CLion.elf.dir/Drivers/STM32F1xx_HAL_Driver/Src/stm32f1xx_hal_uart.c.obj
 *fill*         0x080021ee        0x2 
 .text.UART_SetConfig
                0x080021f0       0x94 CMakeFiles/Cyber-VCM-CLion.elf.dir/Drivers/STM32F1xx_HAL_Driver/Src/stm32f1xx_hal_uart.c.obj
 .text.HAL_UART_Init
                0x08002284       0x5e CMakeFiles/Cyber-VCM-CLion.elf.dir/Drivers/STM32F1xx_HAL_Driver/Src/stm32f1xx_hal_uart.c.obj
                0x08002284                HAL_UART_Init
 .text.HAL_UART_TxCpltCallback
                0x080022e2        0x2 CMakeFiles/Cyber-VCM-CLion.elf.dir/Drivers/STM32F1xx_HAL_Driver/Src/stm32f1xx_hal_uart.c.obj
                0x080022e2                HAL_UART_TxCpltCallback
 .text.UART_EndTransmit_IT
                0x080022e4       0x1a CMakeFiles/Cyber-VCM-CLion.elf.dir/Drivers/STM32F1xx_HAL_Driver/Src/stm32f1xx_hal_uart.c.obj
 .text.HAL_UART_RxCpltCallback
                0x080022fe        0x2 CMakeFiles/Cyber-VCM-CLion.elf.dir/Drivers/STM32F1xx_HAL_Driver/Src/stm32f1xx_hal_uart.c.obj
                0x080022fe                HAL_UART_RxCpltCallback
 .text.HAL_UART_ErrorCallback
                0x08002300        0x2 CMakeFiles/Cyber-VCM-CLion.elf.dir/Drivers/STM32F1xx_HAL_Driver/Src/stm32f1xx_hal_uart.c.obj
                0x08002300                HAL_UART_ErrorCallback
 .text.UART_DMAAbortOnError
                0x08002302       0x10 CMakeFiles/Cyber-VCM-CLion.elf.dir/Drivers/STM32F1xx_HAL_Driver/Src/stm32f1xx_hal_uart.c.obj
 .text.HAL_UARTEx_RxEventCallback
                0x08002312        0x2 CMakeFiles/Cyber-VCM-CLion.elf.dir/Drivers/STM32F1xx_HAL_Driver/Src/stm32f1xx_hal_uart.c.obj
                0x08002312                HAL_UARTEx_RxEventCallback
 .text.UART_Receive_IT
                0x08002314       0xd4 CMakeFiles/Cyber-VCM-CLion.elf.dir/Drivers/STM32F1xx_HAL_Driver/Src/stm32f1xx_hal_uart.c.obj
 .text.HAL_UART_IRQHandler
                0x080023e8      0x204 CMakeFiles/Cyber-VCM-CLion.elf.dir/Drivers/STM32F1xx_HAL_Driver/Src/stm32f1xx_hal_uart.c.obj
                0x080023e8                HAL_UART_IRQHandler
 .text.osKernelInitialize
                0x080025ec       0x44 CMakeFiles/Cyber-VCM-CLion.elf.dir/Middlewares/Third_Party/FreeRTOS/Source/CMSIS_RTOS_V2/cmsis_os2.c.obj
                0x080025ec                osKernelInitialize
 .text.osKernelStart
                0x08002630       0x4c CMakeFiles/Cyber-VCM-CLion.elf.dir/Middlewares/Third_Party/FreeRTOS/Source/CMSIS_RTOS_V2/cmsis_os2.c.obj
                0x08002630                osKernelStart
 .text.osThreadNew
                0x0800267c       0xec CMakeFiles/Cyber-VCM-CLion.elf.dir/Middlewares/Third_Party/FreeRTOS/Source/CMSIS_RTOS_V2/cmsis_os2.c.obj
                0x0800267c                osThreadNew
 .text.osDelay  0x08002768       0x44 CMakeFiles/Cyber-VCM-CLion.elf.dir/Middlewares/Third_Party/FreeRTOS/Source/CMSIS_RTOS_V2/cmsis_os2.c.obj
                0x08002768                osDelay
 .text.vApplicationGetIdleTaskMemory
                0x080027ac       0x18 CMakeFiles/Cyber-VCM-CLion.elf.dir/Middlewares/Third_Party/FreeRTOS/Source/CMSIS_RTOS_V2/cmsis_os2.c.obj
                0x080027ac                vApplicationGetIdleTaskMemory
 .text.vApplicationGetTimerTaskMemory
                0x080027c4       0x18 CMakeFiles/Cyber-VCM-CLion.elf.dir/Middlewares/Third_Party/FreeRTOS/Source/CMSIS_RTOS_V2/cmsis_os2.c.obj
                0x080027c4                vApplicationGetTimerTaskMemory
 .text.vListInitialise
                0x080027dc       0x16 CMakeFiles/Cyber-VCM-CLion.elf.dir/Middlewares/Third_Party/FreeRTOS/Source/list.c.obj
                0x080027dc                vListInitialise
 .text.vListInitialiseItem
                0x080027f2        0x6 CMakeFiles/Cyber-VCM-CLion.elf.dir/Middlewares/Third_Party/FreeRTOS/Source/list.c.obj
                0x080027f2                vListInitialiseItem
 .text.vListInsertEnd
                0x080027f8       0x16 CMakeFiles/Cyber-VCM-CLion.elf.dir/Middlewares/Third_Party/FreeRTOS/Source/list.c.obj
                0x080027f8                vListInsertEnd
 .text.vListInsert
                0x0800280e       0x32 CMakeFiles/Cyber-VCM-CLion.elf.dir/Middlewares/Third_Party/FreeRTOS/Source/list.c.obj
                0x0800280e                vListInsert
 .text.uxListRemove
                0x08002840       0x26 CMakeFiles/Cyber-VCM-CLion.elf.dir/Middlewares/Third_Party/FreeRTOS/Source/list.c.obj
                0x08002840                uxListRemove
 *fill*         0x08002866        0x2 
 .text.prvTaskExitError
                0x08002868       0x40 CMakeFiles/Cyber-VCM-CLion.elf.dir/Middlewares/Third_Party/FreeRTOS/Source/portable/GCC/ARM_CM3/port.c.obj
 .text.prvPortStartFirstTask
                0x080028a8       0x20 CMakeFiles/Cyber-VCM-CLion.elf.dir/Middlewares/Third_Party/FreeRTOS/Source/portable/GCC/ARM_CM3/port.c.obj
 .text.pxPortInitialiseStack
                0x080028c8       0x24 CMakeFiles/Cyber-VCM-CLion.elf.dir/Middlewares/Third_Party/FreeRTOS/Source/portable/GCC/ARM_CM3/port.c.obj
                0x080028c8                pxPortInitialiseStack
 *fill*         0x080028ec        0x4 
 .text.SVC_Handler
                0x080028f0       0x24 CMakeFiles/Cyber-VCM-CLion.elf.dir/Middlewares/Third_Party/FreeRTOS/Source/portable/GCC/ARM_CM3/port.c.obj
                0x080028f0                SVC_Handler
 .text.vPortEnterCritical
                0x08002914       0x44 CMakeFiles/Cyber-VCM-CLion.elf.dir/Middlewares/Third_Party/FreeRTOS/Source/portable/GCC/ARM_CM3/port.c.obj
                0x08002914                vPortEnterCritical
 .text.vPortExitCritical
                0x08002958       0x2c CMakeFiles/Cyber-VCM-CLion.elf.dir/Middlewares/Third_Party/FreeRTOS/Source/portable/GCC/ARM_CM3/port.c.obj
                0x08002958                vPortExitCritical
 *fill*         0x08002984        0xc 
 .text.PendSV_Handler
                0x08002990       0x44 CMakeFiles/Cyber-VCM-CLion.elf.dir/Middlewares/Third_Party/FreeRTOS/Source/portable/GCC/ARM_CM3/port.c.obj
                0x08002990                PendSV_Handler
 .text.SysTick_Handler
                0x080029d4       0x2c CMakeFiles/Cyber-VCM-CLion.elf.dir/Middlewares/Third_Party/FreeRTOS/Source/portable/GCC/ARM_CM3/port.c.obj
                0x080029d4                SysTick_Handler
 .text.vPortSetupTimerInterrupt
                0x08002a00       0x28 CMakeFiles/Cyber-VCM-CLion.elf.dir/Middlewares/Third_Party/FreeRTOS/Source/portable/GCC/ARM_CM3/port.c.obj
                0x08002a00                vPortSetupTimerInterrupt
 .text.xPortStartScheduler
                0x08002a28       0xc0 CMakeFiles/Cyber-VCM-CLion.elf.dir/Middlewares/Third_Party/FreeRTOS/Source/portable/GCC/ARM_CM3/port.c.obj
                0x08002a28                xPortStartScheduler
 .text.vPortValidateInterruptPriority
                0x08002ae8       0x5c CMakeFiles/Cyber-VCM-CLion.elf.dir/Middlewares/Third_Party/FreeRTOS/Source/portable/GCC/ARM_CM3/port.c.obj
                0x08002ae8                vPortValidateInterruptPriority
 .text.prvHeapInit
                0x08002b44       0x64 CMakeFiles/Cyber-VCM-CLion.elf.dir/Middlewares/Third_Party/FreeRTOS/Source/portable/MemMang/heap_4.c.obj
 .text.prvInsertBlockIntoFreeList
                0x08002ba8       0x60 CMakeFiles/Cyber-VCM-CLion.elf.dir/Middlewares/Third_Party/FreeRTOS/Source/portable/MemMang/heap_4.c.obj
 .text.pvPortMalloc
                0x08002c08       0xf0 CMakeFiles/Cyber-VCM-CLion.elf.dir/Middlewares/Third_Party/FreeRTOS/Source/portable/MemMang/heap_4.c.obj
                0x08002c08                pvPortMalloc
 .text.vPortFree
                0x08002cf8       0x70 CMakeFiles/Cyber-VCM-CLion.elf.dir/Middlewares/Third_Party/FreeRTOS/Source/portable/MemMang/heap_4.c.obj
                0x08002cf8                vPortFree
 .text.prvIsQueueFull
                0x08002d68       0x1e CMakeFiles/Cyber-VCM-CLion.elf.dir/Middlewares/Third_Party/FreeRTOS/Source/queue.c.obj
 .text.prvIsQueueEmpty
                0x08002d86       0x1a CMakeFiles/Cyber-VCM-CLion.elf.dir/Middlewares/Third_Party/FreeRTOS/Source/queue.c.obj
 .text.prvCopyDataToQueue
                0x08002da0       0x76 CMakeFiles/Cyber-VCM-CLion.elf.dir/Middlewares/Third_Party/FreeRTOS/Source/queue.c.obj
 .text.prvCopyDataFromQueue
                0x08002e16       0x24 CMakeFiles/Cyber-VCM-CLion.elf.dir/Middlewares/Third_Party/FreeRTOS/Source/queue.c.obj
 .text.prvUnlockQueue
                0x08002e3a       0x6e CMakeFiles/Cyber-VCM-CLion.elf.dir/Middlewares/Third_Party/FreeRTOS/Source/queue.c.obj
 .text.xQueueGenericReset
                0x08002ea8       0x84 CMakeFiles/Cyber-VCM-CLion.elf.dir/Middlewares/Third_Party/FreeRTOS/Source/queue.c.obj
                0x08002ea8                xQueueGenericReset
 .text.prvInitialiseNewQueue
                0x08002f2c       0x22 CMakeFiles/Cyber-VCM-CLion.elf.dir/Middlewares/Third_Party/FreeRTOS/Source/queue.c.obj
 .text.xQueueGenericCreateStatic
                0x08002f4e       0x92 CMakeFiles/Cyber-VCM-CLion.elf.dir/Middlewares/Third_Party/FreeRTOS/Source/queue.c.obj
                0x08002f4e                xQueueGenericCreateStatic
 .text.xQueueGenericSend
                0x08002fe0      0x188 CMakeFiles/Cyber-VCM-CLion.elf.dir/Middlewares/Third_Party/FreeRTOS/Source/queue.c.obj
                0x08002fe0                xQueueGenericSend
 .text.xQueueGenericSendFromISR
                0x08003168       0xcc CMakeFiles/Cyber-VCM-CLion.elf.dir/Middlewares/Third_Party/FreeRTOS/Source/queue.c.obj
                0x08003168                xQueueGenericSendFromISR
 .text.xQueueReceive
                0x08003234      0x15e CMakeFiles/Cyber-VCM-CLion.elf.dir/Middlewares/Third_Party/FreeRTOS/Source/queue.c.obj
                0x08003234                xQueueReceive
 *fill*         0x08003392        0x2 
 .text.vQueueAddToRegistry
                0x08003394       0x28 CMakeFiles/Cyber-VCM-CLion.elf.dir/Middlewares/Third_Party/FreeRTOS/Source/queue.c.obj
                0x08003394                vQueueAddToRegistry
 .text.vQueueWaitForMessageRestricted
                0x080033bc       0x52 CMakeFiles/Cyber-VCM-CLion.elf.dir/Middlewares/Third_Party/FreeRTOS/Source/queue.c.obj
                0x080033bc                vQueueWaitForMessageRestricted
 *fill*         0x0800340e        0x2 
 .text.prvResetNextTaskUnblockTime
                0x08003410       0x2c CMakeFiles/Cyber-VCM-CLion.elf.dir/Middlewares/Third_Party/FreeRTOS/Source/tasks.c.obj
 .text.prvInitialiseNewTask
                0x0800343c       0x9c CMakeFiles/Cyber-VCM-CLion.elf.dir/Middlewares/Third_Party/FreeRTOS/Source/tasks.c.obj
 .text.prvInitialiseTaskLists
                0x080034d8       0x68 CMakeFiles/Cyber-VCM-CLion.elf.dir/Middlewares/Third_Party/FreeRTOS/Source/tasks.c.obj
 .text.prvAddNewTaskToReadyList
                0x08003540       0xac CMakeFiles/Cyber-VCM-CLion.elf.dir/Middlewares/Third_Party/FreeRTOS/Source/tasks.c.obj
 .text.prvDeleteTCB
                0x080035ec       0x38 CMakeFiles/Cyber-VCM-CLion.elf.dir/Middlewares/Third_Party/FreeRTOS/Source/tasks.c.obj
 .text.prvCheckTasksWaitingTermination
                0x08003624       0x4c CMakeFiles/Cyber-VCM-CLion.elf.dir/Middlewares/Third_Party/FreeRTOS/Source/tasks.c.obj
 .text.prvIdleTask
                0x08003670       0x28 CMakeFiles/Cyber-VCM-CLion.elf.dir/Middlewares/Third_Party/FreeRTOS/Source/tasks.c.obj
 .text.prvAddCurrentTaskToDelayedList
                0x08003698       0x7c CMakeFiles/Cyber-VCM-CLion.elf.dir/Middlewares/Third_Party/FreeRTOS/Source/tasks.c.obj
 .text.xTaskCreateStatic
                0x08003714       0x74 CMakeFiles/Cyber-VCM-CLion.elf.dir/Middlewares/Third_Party/FreeRTOS/Source/tasks.c.obj
                0x08003714                xTaskCreateStatic
 .text.xTaskCreate
                0x08003788       0x68 CMakeFiles/Cyber-VCM-CLion.elf.dir/Middlewares/Third_Party/FreeRTOS/Source/tasks.c.obj
                0x08003788                xTaskCreate
 .text.vTaskStartScheduler
                0x080037f0       0x9c CMakeFiles/Cyber-VCM-CLion.elf.dir/Middlewares/Third_Party/FreeRTOS/Source/tasks.c.obj
                0x080037f0                vTaskStartScheduler
 .text.vTaskSuspendAll
                0x0800388c       0x10 CMakeFiles/Cyber-VCM-CLion.elf.dir/Middlewares/Third_Party/FreeRTOS/Source/tasks.c.obj
                0x0800388c                vTaskSuspendAll
 .text.xTaskGetTickCount
                0x0800389c        0xc CMakeFiles/Cyber-VCM-CLion.elf.dir/Middlewares/Third_Party/FreeRTOS/Source/tasks.c.obj
                0x0800389c                xTaskGetTickCount
 .text.xTaskIncrementTick
                0x080038a8      0x118 CMakeFiles/Cyber-VCM-CLion.elf.dir/Middlewares/Third_Party/FreeRTOS/Source/tasks.c.obj
                0x080038a8                xTaskIncrementTick
 .text.xTaskResumeAll
                0x080039c0       0xf8 CMakeFiles/Cyber-VCM-CLion.elf.dir/Middlewares/Third_Party/FreeRTOS/Source/tasks.c.obj
                0x080039c0                xTaskResumeAll
 .text.vTaskDelay
                0x08003ab8       0x4c CMakeFiles/Cyber-VCM-CLion.elf.dir/Middlewares/Third_Party/FreeRTOS/Source/tasks.c.obj
                0x08003ab8                vTaskDelay
 .text.vTaskSwitchContext
                0x08003b04       0x94 CMakeFiles/Cyber-VCM-CLion.elf.dir/Middlewares/Third_Party/FreeRTOS/Source/tasks.c.obj
                0x08003b04                vTaskSwitchContext
 .text.vTaskPlaceOnEventList
                0x08003b98       0x30 CMakeFiles/Cyber-VCM-CLion.elf.dir/Middlewares/Third_Party/FreeRTOS/Source/tasks.c.obj
                0x08003b98                vTaskPlaceOnEventList
 .text.vTaskPlaceOnEventListRestricted
                0x08003bc8       0x38 CMakeFiles/Cyber-VCM-CLion.elf.dir/Middlewares/Third_Party/FreeRTOS/Source/tasks.c.obj
                0x08003bc8                vTaskPlaceOnEventListRestricted
 .text.xTaskRemoveFromEventList
                0x08003c00       0x8c CMakeFiles/Cyber-VCM-CLion.elf.dir/Middlewares/Third_Party/FreeRTOS/Source/tasks.c.obj
                0x08003c00                xTaskRemoveFromEventList
 .text.vTaskInternalSetTimeOutState
                0x08003c8c       0x18 CMakeFiles/Cyber-VCM-CLion.elf.dir/Middlewares/Third_Party/FreeRTOS/Source/tasks.c.obj
                0x08003c8c                vTaskInternalSetTimeOutState
 .text.xTaskCheckForTimeOut
                0x08003ca4       0x84 CMakeFiles/Cyber-VCM-CLion.elf.dir/Middlewares/Third_Party/FreeRTOS/Source/tasks.c.obj
                0x08003ca4                xTaskCheckForTimeOut
 .text.vTaskMissedYield
                0x08003d28        0xc CMakeFiles/Cyber-VCM-CLion.elf.dir/Middlewares/Third_Party/FreeRTOS/Source/tasks.c.obj
                0x08003d28                vTaskMissedYield
 .text.xTaskGetSchedulerState
                0x08003d34       0x20 CMakeFiles/Cyber-VCM-CLion.elf.dir/Middlewares/Third_Party/FreeRTOS/Source/tasks.c.obj
                0x08003d34                xTaskGetSchedulerState
 .text.xTaskPriorityDisinherit
                0x08003d54       0x90 CMakeFiles/Cyber-VCM-CLion.elf.dir/Middlewares/Third_Party/FreeRTOS/Source/tasks.c.obj
                0x08003d54                xTaskPriorityDisinherit
 .text.prvGetNextExpireTime
                0x08003de4       0x20 CMakeFiles/Cyber-VCM-CLion.elf.dir/Middlewares/Third_Party/FreeRTOS/Source/timers.c.obj
 .text.prvInsertTimerInActiveList
                0x08003e04       0x48 CMakeFiles/Cyber-VCM-CLion.elf.dir/Middlewares/Third_Party/FreeRTOS/Source/timers.c.obj
 .text.prvCheckForValidListAndQueue
                0x08003e4c       0x70 CMakeFiles/Cyber-VCM-CLion.elf.dir/Middlewares/Third_Party/FreeRTOS/Source/timers.c.obj
 .text.xTimerCreateTimerTask
                0x08003ebc       0x64 CMakeFiles/Cyber-VCM-CLion.elf.dir/Middlewares/Third_Party/FreeRTOS/Source/timers.c.obj
                0x08003ebc                xTimerCreateTimerTask
 .text.xTimerGenericCommand
                0x08003f20       0x6c CMakeFiles/Cyber-VCM-CLion.elf.dir/Middlewares/Third_Party/FreeRTOS/Source/timers.c.obj
                0x08003f20                xTimerGenericCommand
 .text.prvSwitchTimerLists
                0x08003f8c       0x78 CMakeFiles/Cyber-VCM-CLion.elf.dir/Middlewares/Third_Party/FreeRTOS/Source/timers.c.obj
 .text.prvSampleTimeNow
                0x08004004       0x2c CMakeFiles/Cyber-VCM-CLion.elf.dir/Middlewares/Third_Party/FreeRTOS/Source/timers.c.obj
 .text.prvProcessExpiredTimer
                0x08004030       0x60 CMakeFiles/Cyber-VCM-CLion.elf.dir/Middlewares/Third_Party/FreeRTOS/Source/timers.c.obj
 .text.prvProcessTimerOrBlockTask
                0x08004090       0x74 CMakeFiles/Cyber-VCM-CLion.elf.dir/Middlewares/Third_Party/FreeRTOS/Source/timers.c.obj
 .text.prvProcessReceivedCommands
                0x08004104       0xf8 CMakeFiles/Cyber-VCM-CLion.elf.dir/Middlewares/Third_Party/FreeRTOS/Source/timers.c.obj
 .text.prvTimerTask
                0x080041fc       0x16 CMakeFiles/Cyber-VCM-CLion.elf.dir/Middlewares/Third_Party/FreeRTOS/Source/timers.c.obj
 *fill*         0x08004212        0x2 
 .text.Reset_Handler
                0x08004214       0x48 CMakeFiles/Cyber-VCM-CLion.elf.dir/startup/startup_stm32f103xb.s.obj
                0x08004214                Reset_Handler
 .text.Default_Handler
                0x0800425c        0x2 CMakeFiles/Cyber-VCM-CLion.elf.dir/startup/startup_stm32f103xb.s.obj
                0x0800425c                RTC_Alarm_IRQHandler
                0x0800425c                EXTI2_IRQHandler
                0x0800425c                TIM1_CC_IRQHandler
                0x0800425c                PVD_IRQHandler
                0x0800425c                EXTI3_IRQHandler
                0x0800425c                EXTI0_IRQHandler
                0x0800425c                I2C2_EV_IRQHandler
                0x0800425c                ADC1_2_IRQHandler
                0x0800425c                SPI1_IRQHandler
                0x0800425c                TAMPER_IRQHandler
                0x0800425c                DMA1_Channel4_IRQHandler
                0x0800425c                USART3_IRQHandler
                0x0800425c                RTC_IRQHandler
                0x0800425c                DMA1_Channel7_IRQHandler
                0x0800425c                CAN1_RX1_IRQHandler
                0x0800425c                TIM4_IRQHandler
                0x0800425c                I2C1_EV_IRQHandler
                0x0800425c                DMA1_Channel6_IRQHandler
                0x0800425c                TIM3_IRQHandler
                0x0800425c                RCC_IRQHandler
                0x0800425c                TIM1_TRG_COM_IRQHandler
                0x0800425c                Default_Handler
                0x0800425c                EXTI15_10_IRQHandler
                0x0800425c                EXTI9_5_IRQHandler
                0x0800425c                SPI2_IRQHandler
                0x0800425c                DMA1_Channel5_IRQHandler
                0x0800425c                EXTI4_IRQHandler
                0x0800425c                USB_LP_CAN1_RX0_IRQHandler
                0x0800425c                USB_HP_CAN1_TX_IRQHandler
                0x0800425c                DMA1_Channel3_IRQHandler
                0x0800425c                WWDG_IRQHandler
                0x0800425c                TIM2_IRQHandler
                0x0800425c                TIM1_BRK_IRQHandler
                0x0800425c                EXTI1_IRQHandler
                0x0800425c                USART2_IRQHandler
                0x0800425c                I2C2_ER_IRQHandler
                0x0800425c                DMA1_Channel2_IRQHandler
                0x0800425c                CAN1_SCE_IRQHandler
                0x0800425c                FLASH_IRQHandler
                0x0800425c                I2C1_ER_IRQHandler
                0x0800425c                USBWakeUp_IRQHandler
 *fill*         0x0800425e        0x2 
 .text.__libc_init_array
                0x08004260       0x48 d:/software/embededtools/drivers/gcc-arm-none-eabi/bin/../lib/gcc/arm-none-eabi/10.3.1/../../../../arm-none-eabi/lib/thumb/v7-m/nofp\libg.a(lib_a-init.o)
                0x08004260                __libc_init_array
 .text.memset   0x080042a8       0xa4 d:/software/embededtools/drivers/gcc-arm-none-eabi/bin/../lib/gcc/arm-none-eabi/10.3.1/../../../../arm-none-eabi/lib/thumb/v7-m/nofp\libg.a(lib_a-memset.o)
                0x080042a8                memset
 .text.startup.register_fini
                0x0800434c       0x14 d:/software/embededtools/drivers/gcc-arm-none-eabi/bin/../lib/gcc/arm-none-eabi/10.3.1/../../../../arm-none-eabi/lib/thumb/v7-m/nofp\libg.a(lib_a-__call_atexit.o)
 .text.atexit   0x08004360        0xc d:/software/embededtools/drivers/gcc-arm-none-eabi/bin/../lib/gcc/arm-none-eabi/10.3.1/../../../../arm-none-eabi/lib/thumb/v7-m/nofp\libg.a(lib_a-atexit.o)
                0x08004360                atexit
 .text.__libc_fini_array
                0x0800436c       0x2c d:/software/embededtools/drivers/gcc-arm-none-eabi/bin/../lib/gcc/arm-none-eabi/10.3.1/../../../../arm-none-eabi/lib/thumb/v7-m/nofp\libg.a(lib_a-fini.o)
                0x0800436c                __libc_fini_array
 .text.__retarget_lock_acquire_recursive
                0x08004398        0x4 d:/software/embededtools/drivers/gcc-arm-none-eabi/bin/../lib/gcc/arm-none-eabi/10.3.1/../../../../arm-none-eabi/lib/thumb/v7-m/nofp\libg.a(lib_a-lock.o)
                0x08004398                __retarget_lock_acquire_recursive
 .text.__retarget_lock_release_recursive
                0x0800439c        0x4 d:/software/embededtools/drivers/gcc-arm-none-eabi/bin/../lib/gcc/arm-none-eabi/10.3.1/../../../../arm-none-eabi/lib/thumb/v7-m/nofp\libg.a(lib_a-lock.o)
                0x0800439c                __retarget_lock_release_recursive
 .text.__register_exitproc
                0x080043a0       0x8c d:/software/embededtools/drivers/gcc-arm-none-eabi/bin/../lib/gcc/arm-none-eabi/10.3.1/../../../../arm-none-eabi/lib/thumb/v7-m/nofp\libg.a(lib_a-__atexit.o)
                0x080043a0                __register_exitproc
 *(.glue_7)
 .glue_7        0x0800442c        0x0 linker stubs
 *(.glue_7t)
 .glue_7t       0x0800442c        0x0 linker stubs
 *(.eh_frame)
 .eh_frame      0x0800442c        0x0 d:/software/embededtools/drivers/gcc-arm-none-eabi/bin/../lib/gcc/arm-none-eabi/10.3.1/thumb/v7-m/nofp/crtbegin.o
 *(.init)
 .init          0x0800442c        0x4 d:/software/embededtools/drivers/gcc-arm-none-eabi/bin/../lib/gcc/arm-none-eabi/10.3.1/thumb/v7-m/nofp/crti.o
                0x0800442c                _init
 .init          0x08004430        0x8 d:/software/embededtools/drivers/gcc-arm-none-eabi/bin/../lib/gcc/arm-none-eabi/10.3.1/thumb/v7-m/nofp/crtn.o
 *(.fini)
 .fini          0x08004438        0x4 d:/software/embededtools/drivers/gcc-arm-none-eabi/bin/../lib/gcc/arm-none-eabi/10.3.1/thumb/v7-m/nofp/crti.o
                0x08004438                _fini
 .fini          0x0800443c        0x8 d:/software/embededtools/drivers/gcc-arm-none-eabi/bin/../lib/gcc/arm-none-eabi/10.3.1/thumb/v7-m/nofp/crtn.o
                0x08004444                . = ALIGN (0x4)
                0x08004444                _etext = .

.vfp11_veneer   0x08004444        0x0
 .vfp11_veneer  0x08004444        0x0 linker stubs

.v4_bx          0x08004444        0x0
 .v4_bx         0x08004444        0x0 linker stubs

.iplt           0x08004444        0x0
 .iplt          0x08004444        0x0 d:/software/embededtools/drivers/gcc-arm-none-eabi/bin/../lib/gcc/arm-none-eabi/10.3.1/thumb/v7-m/nofp/crtbegin.o

.rodata         0x08004444       0x78
                0x08004444                . = ALIGN (0x4)
 *(.rodata)
 *(.rodata*)
 .rodata.str1.4
                0x08004444        0xc CMakeFiles/Cyber-VCM-CLion.elf.dir/Core/Src/freertos.c.obj
 .rodata.defaultTask_attributes
                0x08004450       0x24 CMakeFiles/Cyber-VCM-CLion.elf.dir/Core/Src/freertos.c.obj
                0x08004450                defaultTask_attributes
 .rodata.AHBPrescTable
                0x08004474       0x10 CMakeFiles/Cyber-VCM-CLion.elf.dir/Core/Src/system_stm32f1xx.c.obj
                0x08004474                AHBPrescTable
 .rodata.APBPrescTable
                0x08004484        0x8 CMakeFiles/Cyber-VCM-CLion.elf.dir/Core/Src/system_stm32f1xx.c.obj
                0x08004484                APBPrescTable
 .rodata.HAL_RCC_GetSysClockFreq.str1.4
                0x0800448c       0x11 CMakeFiles/Cyber-VCM-CLion.elf.dir/Drivers/STM32F1xx_HAL_Driver/Src/stm32f1xx_hal_rcc.c.obj
 *fill*         0x0800449d        0x3 
 .rodata.vTaskStartScheduler.str1.4
                0x080044a0        0x5 CMakeFiles/Cyber-VCM-CLion.elf.dir/Middlewares/Third_Party/FreeRTOS/Source/tasks.c.obj
 *fill*         0x080044a5        0x3 
 .rodata.prvCheckForValidListAndQueue.str1.4
                0x080044a8        0x5 CMakeFiles/Cyber-VCM-CLion.elf.dir/Middlewares/Third_Party/FreeRTOS/Source/timers.c.obj
 *fill*         0x080044ad        0x3 
 .rodata.xTimerCreateTimerTask.str1.4
                0x080044b0        0x8 CMakeFiles/Cyber-VCM-CLion.elf.dir/Middlewares/Third_Party/FreeRTOS/Source/timers.c.obj
 .rodata._global_impure_ptr
                0x080044b8        0x4 d:/software/embededtools/drivers/gcc-arm-none-eabi/bin/../lib/gcc/arm-none-eabi/10.3.1/../../../../arm-none-eabi/lib/thumb/v7-m/nofp\libg.a(lib_a-impure.o)
                0x080044b8                _global_impure_ptr
                0x080044bc                . = ALIGN (0x4)

.rel.dyn        0x080044bc        0x0
 .rel.iplt      0x080044bc        0x0 d:/software/embededtools/drivers/gcc-arm-none-eabi/bin/../lib/gcc/arm-none-eabi/10.3.1/thumb/v7-m/nofp/crtbegin.o

.ARM.extab
 *(.ARM.extab* .gnu.linkonce.armextab.*)

.ARM            0x080044bc        0x0
                0x080044bc                __exidx_start = .
 *(.ARM.exidx*)
                0x080044bc                __exidx_end = .

.preinit_array  0x080044bc        0x0
                0x080044bc                PROVIDE (__preinit_array_start = .)
 *(.preinit_array*)
                0x080044bc                PROVIDE (__preinit_array_end = .)

.init_array     0x080044bc        0x8
                0x080044bc                PROVIDE (__init_array_start = .)
 *(SORT_BY_NAME(.init_array.*))
 .init_array.00000
                0x080044bc        0x4 d:/software/embededtools/drivers/gcc-arm-none-eabi/bin/../lib/gcc/arm-none-eabi/10.3.1/../../../../arm-none-eabi/lib/thumb/v7-m/nofp\libg.a(lib_a-__call_atexit.o)
 *(.init_array*)
 .init_array    0x080044c0        0x4 d:/software/embededtools/drivers/gcc-arm-none-eabi/bin/../lib/gcc/arm-none-eabi/10.3.1/thumb/v7-m/nofp/crtbegin.o
                0x080044c4                PROVIDE (__init_array_end = .)

.fini_array     0x080044c4        0x4
                0x080044c4                PROVIDE (__fini_array_start = .)
 *(SORT_BY_NAME(.fini_array.*))
 *(.fini_array*)
 .fini_array    0x080044c4        0x4 d:/software/embededtools/drivers/gcc-arm-none-eabi/bin/../lib/gcc/arm-none-eabi/10.3.1/thumb/v7-m/nofp/crtbegin.o
                0x080044c8                PROVIDE (__fini_array_end = .)
                0x080044c8                _sidata = LOADADDR (.data)

.data           0x20000000      0x43c load address 0x080044c8
                0x20000000                . = ALIGN (0x4)
                0x20000000                _sdata = .
 *(.data)
 *(.data*)
 .data.SystemCoreClock
                0x20000000        0x4 CMakeFiles/Cyber-VCM-CLion.elf.dir/Core/Src/system_stm32f1xx.c.obj
                0x20000000                SystemCoreClock
 .data.uwTickFreq
                0x20000004        0x1 CMakeFiles/Cyber-VCM-CLion.elf.dir/Drivers/STM32F1xx_HAL_Driver/Src/stm32f1xx_hal.c.obj
                0x20000004                uwTickFreq
 *fill*         0x20000005        0x3 
 .data.uwTickPrio
                0x20000008        0x4 CMakeFiles/Cyber-VCM-CLion.elf.dir/Drivers/STM32F1xx_HAL_Driver/Src/stm32f1xx_hal.c.obj
                0x20000008                uwTickPrio
 .data.uxCriticalNesting
                0x2000000c        0x4 CMakeFiles/Cyber-VCM-CLion.elf.dir/Middlewares/Third_Party/FreeRTOS/Source/portable/GCC/ARM_CM3/port.c.obj
 .data.impure_data
                0x20000010      0x428 d:/software/embededtools/drivers/gcc-arm-none-eabi/bin/../lib/gcc/arm-none-eabi/10.3.1/../../../../arm-none-eabi/lib/thumb/v7-m/nofp\libg.a(lib_a-impure.o)
 .data.__atexit_recursive_mutex
                0x20000438        0x4 d:/software/embededtools/drivers/gcc-arm-none-eabi/bin/../lib/gcc/arm-none-eabi/10.3.1/../../../../arm-none-eabi/lib/thumb/v7-m/nofp\libg.a(lib_a-__call_atexit.o)
                0x20000438                __atexit_recursive_mutex
                0x2000043c                . = ALIGN (0x4)
                0x2000043c                _edata = .

.igot.plt       0x2000043c        0x0 load address 0x08004904
 .igot.plt      0x2000043c        0x0 d:/software/embededtools/drivers/gcc-arm-none-eabi/bin/../lib/gcc/arm-none-eabi/10.3.1/thumb/v7-m/nofp/crtbegin.o
                0x2000043c                . = ALIGN (0x4)

.bss            0x2000043c     0x1b48 load address 0x08004904
                0x2000043c                _sbss = .
                0x2000043c                __bss_start__ = _sbss
 *(.bss)
 .bss           0x2000043c       0x1c d:/software/embededtools/drivers/gcc-arm-none-eabi/bin/../lib/gcc/arm-none-eabi/10.3.1/thumb/v7-m/nofp/crtbegin.o
 *(.bss*)
 .bss.hadc1     0x20000458       0x30 CMakeFiles/Cyber-VCM-CLion.elf.dir/Core/Src/adc.c.obj
                0x20000458                hadc1
 .bss.hdma_adc1
                0x20000488       0x44 CMakeFiles/Cyber-VCM-CLion.elf.dir/Core/Src/adc.c.obj
                0x20000488                hdma_adc1
 .bss.defaultTaskHandle
                0x200004cc        0x4 CMakeFiles/Cyber-VCM-CLion.elf.dir/Core/Src/freertos.c.obj
                0x200004cc                defaultTaskHandle
 .bss.htim1     0x200004d0       0x48 CMakeFiles/Cyber-VCM-CLion.elf.dir/Core/Src/stm32f1xx_hal_timebase_tim.c.obj
                0x200004d0                htim1
 .bss.htim2     0x20000518       0x48 CMakeFiles/Cyber-VCM-CLion.elf.dir/Core/Src/tim.c.obj
                0x20000518                htim2
 .bss.htim3     0x20000560       0x48 CMakeFiles/Cyber-VCM-CLion.elf.dir/Core/Src/tim.c.obj
                0x20000560                htim3
 .bss.htim4     0x200005a8       0x48 CMakeFiles/Cyber-VCM-CLion.elf.dir/Core/Src/tim.c.obj
                0x200005a8                htim4
 .bss.huart1    0x200005f0       0x44 CMakeFiles/Cyber-VCM-CLion.elf.dir/Core/Src/usart.c.obj
                0x200005f0                huart1
 .bss.uwTick    0x20000634        0x4 CMakeFiles/Cyber-VCM-CLion.elf.dir/Drivers/STM32F1xx_HAL_Driver/Src/stm32f1xx_hal.c.obj
                0x20000634                uwTick
 .bss.Idle_Stack
                0x20000638      0x200 CMakeFiles/Cyber-VCM-CLion.elf.dir/Middlewares/Third_Party/FreeRTOS/Source/CMSIS_RTOS_V2/cmsis_os2.c.obj
 .bss.Idle_TCB  0x20000838       0x5c CMakeFiles/Cyber-VCM-CLion.elf.dir/Middlewares/Third_Party/FreeRTOS/Source/CMSIS_RTOS_V2/cmsis_os2.c.obj
 .bss.KernelState
                0x20000894        0x4 CMakeFiles/Cyber-VCM-CLion.elf.dir/Middlewares/Third_Party/FreeRTOS/Source/CMSIS_RTOS_V2/cmsis_os2.c.obj
 .bss.Timer_Stack
                0x20000898      0x400 CMakeFiles/Cyber-VCM-CLion.elf.dir/Middlewares/Third_Party/FreeRTOS/Source/CMSIS_RTOS_V2/cmsis_os2.c.obj
 .bss.Timer_TCB
                0x20000c98       0x5c CMakeFiles/Cyber-VCM-CLion.elf.dir/Middlewares/Third_Party/FreeRTOS/Source/CMSIS_RTOS_V2/cmsis_os2.c.obj
 .bss.ucMaxSysCallPriority
                0x20000cf4        0x1 CMakeFiles/Cyber-VCM-CLion.elf.dir/Middlewares/Third_Party/FreeRTOS/Source/portable/GCC/ARM_CM3/port.c.obj
 *fill*         0x20000cf5        0x3 
 .bss.ulMaxPRIGROUPValue
                0x20000cf8        0x4 CMakeFiles/Cyber-VCM-CLion.elf.dir/Middlewares/Third_Party/FreeRTOS/Source/portable/GCC/ARM_CM3/port.c.obj
 .bss.pxEnd     0x20000cfc        0x4 CMakeFiles/Cyber-VCM-CLion.elf.dir/Middlewares/Third_Party/FreeRTOS/Source/portable/MemMang/heap_4.c.obj
 .bss.ucHeap    0x20000d00      0xc00 CMakeFiles/Cyber-VCM-CLion.elf.dir/Middlewares/Third_Party/FreeRTOS/Source/portable/MemMang/heap_4.c.obj
 .bss.xBlockAllocatedBit
                0x20001900        0x4 CMakeFiles/Cyber-VCM-CLion.elf.dir/Middlewares/Third_Party/FreeRTOS/Source/portable/MemMang/heap_4.c.obj
 .bss.xFreeBytesRemaining
                0x20001904        0x4 CMakeFiles/Cyber-VCM-CLion.elf.dir/Middlewares/Third_Party/FreeRTOS/Source/portable/MemMang/heap_4.c.obj
 .bss.xMinimumEverFreeBytesRemaining
                0x20001908        0x4 CMakeFiles/Cyber-VCM-CLion.elf.dir/Middlewares/Third_Party/FreeRTOS/Source/portable/MemMang/heap_4.c.obj
 .bss.xStart    0x2000190c        0x8 CMakeFiles/Cyber-VCM-CLion.elf.dir/Middlewares/Third_Party/FreeRTOS/Source/portable/MemMang/heap_4.c.obj
 .bss.xQueueRegistry
                0x20001914       0x40 CMakeFiles/Cyber-VCM-CLion.elf.dir/Middlewares/Third_Party/FreeRTOS/Source/queue.c.obj
                0x20001914                xQueueRegistry
 .bss.pxCurrentTCB
                0x20001954        0x4 CMakeFiles/Cyber-VCM-CLion.elf.dir/Middlewares/Third_Party/FreeRTOS/Source/tasks.c.obj
                0x20001954                pxCurrentTCB
 .bss.pxDelayedTaskList
                0x20001958        0x4 CMakeFiles/Cyber-VCM-CLion.elf.dir/Middlewares/Third_Party/FreeRTOS/Source/tasks.c.obj
 .bss.pxOverflowDelayedTaskList
                0x2000195c        0x4 CMakeFiles/Cyber-VCM-CLion.elf.dir/Middlewares/Third_Party/FreeRTOS/Source/tasks.c.obj
 .bss.pxReadyTasksLists
                0x20001960      0x460 CMakeFiles/Cyber-VCM-CLion.elf.dir/Middlewares/Third_Party/FreeRTOS/Source/tasks.c.obj
 .bss.uxCurrentNumberOfTasks
                0x20001dc0        0x4 CMakeFiles/Cyber-VCM-CLion.elf.dir/Middlewares/Third_Party/FreeRTOS/Source/tasks.c.obj
 .bss.uxDeletedTasksWaitingCleanUp
                0x20001dc4        0x4 CMakeFiles/Cyber-VCM-CLion.elf.dir/Middlewares/Third_Party/FreeRTOS/Source/tasks.c.obj
 .bss.uxPendedTicks
                0x20001dc8        0x4 CMakeFiles/Cyber-VCM-CLion.elf.dir/Middlewares/Third_Party/FreeRTOS/Source/tasks.c.obj
 .bss.uxSchedulerSuspended
                0x20001dcc        0x4 CMakeFiles/Cyber-VCM-CLion.elf.dir/Middlewares/Third_Party/FreeRTOS/Source/tasks.c.obj
 .bss.uxTaskNumber
                0x20001dd0        0x4 CMakeFiles/Cyber-VCM-CLion.elf.dir/Middlewares/Third_Party/FreeRTOS/Source/tasks.c.obj
 .bss.uxTopReadyPriority
                0x20001dd4        0x4 CMakeFiles/Cyber-VCM-CLion.elf.dir/Middlewares/Third_Party/FreeRTOS/Source/tasks.c.obj
 .bss.xDelayedTaskList1
                0x20001dd8       0x14 CMakeFiles/Cyber-VCM-CLion.elf.dir/Middlewares/Third_Party/FreeRTOS/Source/tasks.c.obj
 .bss.xDelayedTaskList2
                0x20001dec       0x14 CMakeFiles/Cyber-VCM-CLion.elf.dir/Middlewares/Third_Party/FreeRTOS/Source/tasks.c.obj
 .bss.xIdleTaskHandle
                0x20001e00        0x4 CMakeFiles/Cyber-VCM-CLion.elf.dir/Middlewares/Third_Party/FreeRTOS/Source/tasks.c.obj
 .bss.xNextTaskUnblockTime
                0x20001e04        0x4 CMakeFiles/Cyber-VCM-CLion.elf.dir/Middlewares/Third_Party/FreeRTOS/Source/tasks.c.obj
 .bss.xNumOfOverflows
                0x20001e08        0x4 CMakeFiles/Cyber-VCM-CLion.elf.dir/Middlewares/Third_Party/FreeRTOS/Source/tasks.c.obj
 .bss.xPendingReadyList
                0x20001e0c       0x14 CMakeFiles/Cyber-VCM-CLion.elf.dir/Middlewares/Third_Party/FreeRTOS/Source/tasks.c.obj
 .bss.xSchedulerRunning
                0x20001e20        0x4 CMakeFiles/Cyber-VCM-CLion.elf.dir/Middlewares/Third_Party/FreeRTOS/Source/tasks.c.obj
 .bss.xSuspendedTaskList
                0x20001e24       0x14 CMakeFiles/Cyber-VCM-CLion.elf.dir/Middlewares/Third_Party/FreeRTOS/Source/tasks.c.obj
 .bss.xTasksWaitingTermination
                0x20001e38       0x14 CMakeFiles/Cyber-VCM-CLion.elf.dir/Middlewares/Third_Party/FreeRTOS/Source/tasks.c.obj
 .bss.xTickCount
                0x20001e4c        0x4 CMakeFiles/Cyber-VCM-CLion.elf.dir/Middlewares/Third_Party/FreeRTOS/Source/tasks.c.obj
 .bss.xYieldPending
                0x20001e50        0x4 CMakeFiles/Cyber-VCM-CLion.elf.dir/Middlewares/Third_Party/FreeRTOS/Source/tasks.c.obj
 .bss.pxCurrentTimerList
                0x20001e54        0x4 CMakeFiles/Cyber-VCM-CLion.elf.dir/Middlewares/Third_Party/FreeRTOS/Source/timers.c.obj
 .bss.pxOverflowTimerList
                0x20001e58        0x4 CMakeFiles/Cyber-VCM-CLion.elf.dir/Middlewares/Third_Party/FreeRTOS/Source/timers.c.obj
 .bss.ucStaticTimerQueueStorage.1
                0x20001e5c       0xa0 CMakeFiles/Cyber-VCM-CLion.elf.dir/Middlewares/Third_Party/FreeRTOS/Source/timers.c.obj
 .bss.xActiveTimerList1
                0x20001efc       0x14 CMakeFiles/Cyber-VCM-CLion.elf.dir/Middlewares/Third_Party/FreeRTOS/Source/timers.c.obj
 .bss.xActiveTimerList2
                0x20001f10       0x14 CMakeFiles/Cyber-VCM-CLion.elf.dir/Middlewares/Third_Party/FreeRTOS/Source/timers.c.obj
 .bss.xLastTime.2
                0x20001f24        0x4 CMakeFiles/Cyber-VCM-CLion.elf.dir/Middlewares/Third_Party/FreeRTOS/Source/timers.c.obj
 .bss.xStaticTimerQueue.0
                0x20001f28       0x50 CMakeFiles/Cyber-VCM-CLion.elf.dir/Middlewares/Third_Party/FreeRTOS/Source/timers.c.obj
 .bss.xTimerQueue
                0x20001f78        0x4 CMakeFiles/Cyber-VCM-CLion.elf.dir/Middlewares/Third_Party/FreeRTOS/Source/timers.c.obj
 .bss.xTimerTaskHandle
                0x20001f7c        0x4 CMakeFiles/Cyber-VCM-CLion.elf.dir/Middlewares/Third_Party/FreeRTOS/Source/timers.c.obj
 .bss.__lock___atexit_recursive_mutex
                0x20001f80        0x1 d:/software/embededtools/drivers/gcc-arm-none-eabi/bin/../lib/gcc/arm-none-eabi/10.3.1/../../../../arm-none-eabi/lib/thumb/v7-m/nofp\libg.a(lib_a-lock.o)
                0x20001f80                __lock___atexit_recursive_mutex
 *(COMMON)
                0x20001f84                . = ALIGN (0x4)
 *fill*         0x20001f81        0x3 
                0x20001f84                _ebss = .
                0x20001f84                __bss_end__ = _ebss

._user_heap_stack
                0x20001f84      0x804 load address 0x08004904
                0x20001f88                . = ALIGN (0x8)
 *fill*         0x20001f84        0x4 
                0x20001f88                PROVIDE (end = .)
                [!provide]                PROVIDE (_end = .)
                0x20002388                . = (. + _Min_Heap_Size)
 *fill*         0x20001f88      0x400 
                0x20002788                . = (. + _Min_Stack_Size)
 *fill*         0x20002388      0x400 
                0x20002788                . = ALIGN (0x8)

/DISCARD/
 libc.a(*)
 libm.a(*)
 libgcc.a(*)

.ARM.attributes
                0x00000000       0x29
 *(.ARM.attributes)
 .ARM.attributes
                0x00000000       0x1d d:/software/embededtools/drivers/gcc-arm-none-eabi/bin/../lib/gcc/arm-none-eabi/10.3.1/thumb/v7-m/nofp/crti.o
 .ARM.attributes
                0x0000001d       0x2d d:/software/embededtools/drivers/gcc-arm-none-eabi/bin/../lib/gcc/arm-none-eabi/10.3.1/thumb/v7-m/nofp/crtbegin.o
 .ARM.attributes
                0x0000004a       0x2d CMakeFiles/Cyber-VCM-CLion.elf.dir/Core/Src/adc.c.obj
 .ARM.attributes
                0x00000077       0x2d CMakeFiles/Cyber-VCM-CLion.elf.dir/Core/Src/dma.c.obj
 .ARM.attributes
                0x000000a4       0x2d CMakeFiles/Cyber-VCM-CLion.elf.dir/Core/Src/freertos.c.obj
 .ARM.attributes
                0x000000d1       0x2d CMakeFiles/Cyber-VCM-CLion.elf.dir/Core/Src/gpio.c.obj
 .ARM.attributes
                0x000000fe       0x2d CMakeFiles/Cyber-VCM-CLion.elf.dir/Core/Src/main.c.obj
 .ARM.attributes
                0x0000012b       0x2d CMakeFiles/Cyber-VCM-CLion.elf.dir/Core/Src/stm32f1xx_hal_msp.c.obj
 .ARM.attributes
                0x00000158       0x2d CMakeFiles/Cyber-VCM-CLion.elf.dir/Core/Src/stm32f1xx_hal_timebase_tim.c.obj
 .ARM.attributes
                0x00000185       0x2d CMakeFiles/Cyber-VCM-CLion.elf.dir/Core/Src/stm32f1xx_it.c.obj
 .ARM.attributes
                0x000001b2       0x2d CMakeFiles/Cyber-VCM-CLion.elf.dir/Core/Src/system_stm32f1xx.c.obj
 .ARM.attributes
                0x000001df       0x2d CMakeFiles/Cyber-VCM-CLion.elf.dir/Core/Src/tim.c.obj
 .ARM.attributes
                0x0000020c       0x2d CMakeFiles/Cyber-VCM-CLion.elf.dir/Core/Src/usart.c.obj
 .ARM.attributes
                0x00000239       0x2d CMakeFiles/Cyber-VCM-CLion.elf.dir/Drivers/STM32F1xx_HAL_Driver/Src/stm32f1xx_hal.c.obj
 .ARM.attributes
                0x00000266       0x2d CMakeFiles/Cyber-VCM-CLion.elf.dir/Drivers/STM32F1xx_HAL_Driver/Src/stm32f1xx_hal_adc.c.obj
 .ARM.attributes
                0x00000293       0x2d CMakeFiles/Cyber-VCM-CLion.elf.dir/Drivers/STM32F1xx_HAL_Driver/Src/stm32f1xx_hal_cortex.c.obj
 .ARM.attributes
                0x000002c0       0x2d CMakeFiles/Cyber-VCM-CLion.elf.dir/Drivers/STM32F1xx_HAL_Driver/Src/stm32f1xx_hal_dma.c.obj
 .ARM.attributes
                0x000002ed       0x2d CMakeFiles/Cyber-VCM-CLion.elf.dir/Drivers/STM32F1xx_HAL_Driver/Src/stm32f1xx_hal_gpio.c.obj
 .ARM.attributes
                0x0000031a       0x2d CMakeFiles/Cyber-VCM-CLion.elf.dir/Drivers/STM32F1xx_HAL_Driver/Src/stm32f1xx_hal_rcc.c.obj
 .ARM.attributes
                0x00000347       0x2d CMakeFiles/Cyber-VCM-CLion.elf.dir/Drivers/STM32F1xx_HAL_Driver/Src/stm32f1xx_hal_rcc_ex.c.obj
 .ARM.attributes
                0x00000374       0x2d CMakeFiles/Cyber-VCM-CLion.elf.dir/Drivers/STM32F1xx_HAL_Driver/Src/stm32f1xx_hal_tim.c.obj
 .ARM.attributes
                0x000003a1       0x2d CMakeFiles/Cyber-VCM-CLion.elf.dir/Drivers/STM32F1xx_HAL_Driver/Src/stm32f1xx_hal_tim_ex.c.obj
 .ARM.attributes
                0x000003ce       0x2d CMakeFiles/Cyber-VCM-CLion.elf.dir/Drivers/STM32F1xx_HAL_Driver/Src/stm32f1xx_hal_uart.c.obj
 .ARM.attributes
                0x000003fb       0x2d CMakeFiles/Cyber-VCM-CLion.elf.dir/Middlewares/Third_Party/FreeRTOS/Source/CMSIS_RTOS_V2/cmsis_os2.c.obj
 .ARM.attributes
                0x00000428       0x2d CMakeFiles/Cyber-VCM-CLion.elf.dir/Middlewares/Third_Party/FreeRTOS/Source/list.c.obj
 .ARM.attributes
                0x00000455       0x2d CMakeFiles/Cyber-VCM-CLion.elf.dir/Middlewares/Third_Party/FreeRTOS/Source/portable/GCC/ARM_CM3/port.c.obj
 .ARM.attributes
                0x00000482       0x2d CMakeFiles/Cyber-VCM-CLion.elf.dir/Middlewares/Third_Party/FreeRTOS/Source/portable/MemMang/heap_4.c.obj
 .ARM.attributes
                0x000004af       0x2d CMakeFiles/Cyber-VCM-CLion.elf.dir/Middlewares/Third_Party/FreeRTOS/Source/queue.c.obj
 .ARM.attributes
                0x000004dc       0x2d CMakeFiles/Cyber-VCM-CLion.elf.dir/Middlewares/Third_Party/FreeRTOS/Source/tasks.c.obj
 .ARM.attributes
                0x00000509       0x2d CMakeFiles/Cyber-VCM-CLion.elf.dir/Middlewares/Third_Party/FreeRTOS/Source/timers.c.obj
 .ARM.attributes
                0x00000536       0x21 CMakeFiles/Cyber-VCM-CLion.elf.dir/startup/startup_stm32f103xb.s.obj
 .ARM.attributes
                0x00000557       0x2d d:/software/embededtools/drivers/gcc-arm-none-eabi/bin/../lib/gcc/arm-none-eabi/10.3.1/../../../../arm-none-eabi/lib/thumb/v7-m/nofp\libg.a(lib_a-impure.o)
 .ARM.attributes
                0x00000584       0x2d d:/software/embededtools/drivers/gcc-arm-none-eabi/bin/../lib/gcc/arm-none-eabi/10.3.1/../../../../arm-none-eabi/lib/thumb/v7-m/nofp\libg.a(lib_a-init.o)
 .ARM.attributes
                0x000005b1       0x1b d:/software/embededtools/drivers/gcc-arm-none-eabi/bin/../lib/gcc/arm-none-eabi/10.3.1/../../../../arm-none-eabi/lib/thumb/v7-m/nofp\libg.a(lib_a-memcpy.o)
 .ARM.attributes
                0x000005cc       0x2d d:/software/embededtools/drivers/gcc-arm-none-eabi/bin/../lib/gcc/arm-none-eabi/10.3.1/../../../../arm-none-eabi/lib/thumb/v7-m/nofp\libg.a(lib_a-memset.o)
 .ARM.attributes
                0x000005f9       0x2d d:/software/embededtools/drivers/gcc-arm-none-eabi/bin/../lib/gcc/arm-none-eabi/10.3.1/../../../../arm-none-eabi/lib/thumb/v7-m/nofp\libg.a(lib_a-__call_atexit.o)
 .ARM.attributes
                0x00000626       0x2d d:/software/embededtools/drivers/gcc-arm-none-eabi/bin/../lib/gcc/arm-none-eabi/10.3.1/../../../../arm-none-eabi/lib/thumb/v7-m/nofp\libg.a(lib_a-atexit.o)
 .ARM.attributes
                0x00000653       0x2d d:/software/embededtools/drivers/gcc-arm-none-eabi/bin/../lib/gcc/arm-none-eabi/10.3.1/../../../../arm-none-eabi/lib/thumb/v7-m/nofp\libg.a(lib_a-fini.o)
 .ARM.attributes
                0x00000680       0x2d d:/software/embededtools/drivers/gcc-arm-none-eabi/bin/../lib/gcc/arm-none-eabi/10.3.1/../../../../arm-none-eabi/lib/thumb/v7-m/nofp\libg.a(lib_a-lock.o)
 .ARM.attributes
                0x000006ad       0x2d d:/software/embededtools/drivers/gcc-arm-none-eabi/bin/../lib/gcc/arm-none-eabi/10.3.1/../../../../arm-none-eabi/lib/thumb/v7-m/nofp\libg.a(lib_a-__atexit.o)
 .ARM.attributes
                0x000006da       0x1d d:/software/embededtools/drivers/gcc-arm-none-eabi/bin/../lib/gcc/arm-none-eabi/10.3.1/thumb/v7-m/nofp/crtn.o
OUTPUT(Cyber-VCM-CLion.elf elf32-littlearm)
LOAD linker stubs
LOAD d:/software/embededtools/drivers/gcc-arm-none-eabi/bin/../lib/gcc/arm-none-eabi/10.3.1/../../../../arm-none-eabi/lib/thumb/v7-m/nofp\libc.a
LOAD d:/software/embededtools/drivers/gcc-arm-none-eabi/bin/../lib/gcc/arm-none-eabi/10.3.1/../../../../arm-none-eabi/lib/thumb/v7-m/nofp\libm.a
LOAD d:/software/embededtools/drivers/gcc-arm-none-eabi/bin/../lib/gcc/arm-none-eabi/10.3.1/thumb/v7-m/nofp\libgcc.a

.debug_info     0x00000000    0x1ca38
 .debug_info    0x00000000      0x8b8 CMakeFiles/Cyber-VCM-CLion.elf.dir/Core/Src/adc.c.obj
 .debug_info    0x000008b8      0x2f4 CMakeFiles/Cyber-VCM-CLion.elf.dir/Core/Src/dma.c.obj
 .debug_info    0x00000bac      0x353 CMakeFiles/Cyber-VCM-CLion.elf.dir/Core/Src/freertos.c.obj
 .debug_info    0x00000eff      0x369 CMakeFiles/Cyber-VCM-CLion.elf.dir/Core/Src/gpio.c.obj
 .debug_info    0x00001268      0xa15 CMakeFiles/Cyber-VCM-CLion.elf.dir/Core/Src/main.c.obj
 .debug_info    0x00001c7d      0x387 CMakeFiles/Cyber-VCM-CLion.elf.dir/Core/Src/stm32f1xx_hal_msp.c.obj
 .debug_info    0x00002004      0xa0d CMakeFiles/Cyber-VCM-CLion.elf.dir/Core/Src/stm32f1xx_hal_timebase_tim.c.obj
 .debug_info    0x00002a11      0x983 CMakeFiles/Cyber-VCM-CLion.elf.dir/Core/Src/stm32f1xx_it.c.obj
 .debug_info    0x00003394      0x248 CMakeFiles/Cyber-VCM-CLion.elf.dir/Core/Src/system_stm32f1xx.c.obj
 .debug_info    0x000035dc      0xe9b CMakeFiles/Cyber-VCM-CLion.elf.dir/Core/Src/tim.c.obj
 .debug_info    0x00004477      0xa70 CMakeFiles/Cyber-VCM-CLion.elf.dir/Core/Src/usart.c.obj
 .debug_info    0x00004ee7      0x7a8 CMakeFiles/Cyber-VCM-CLion.elf.dir/Drivers/STM32F1xx_HAL_Driver/Src/stm32f1xx_hal.c.obj
 .debug_info    0x0000568f      0xf10 CMakeFiles/Cyber-VCM-CLion.elf.dir/Drivers/STM32F1xx_HAL_Driver/Src/stm32f1xx_hal_adc.c.obj
 .debug_info    0x0000659f      0xd8a CMakeFiles/Cyber-VCM-CLion.elf.dir/Drivers/STM32F1xx_HAL_Driver/Src/stm32f1xx_hal_cortex.c.obj
 .debug_info    0x00007329      0x846 CMakeFiles/Cyber-VCM-CLion.elf.dir/Drivers/STM32F1xx_HAL_Driver/Src/stm32f1xx_hal_dma.c.obj
 .debug_info    0x00007b6f      0x66f CMakeFiles/Cyber-VCM-CLion.elf.dir/Drivers/STM32F1xx_HAL_Driver/Src/stm32f1xx_hal_gpio.c.obj
 .debug_info    0x000081de      0xa36 CMakeFiles/Cyber-VCM-CLion.elf.dir/Drivers/STM32F1xx_HAL_Driver/Src/stm32f1xx_hal_rcc.c.obj
 .debug_info    0x00008c14      0x443 CMakeFiles/Cyber-VCM-CLion.elf.dir/Drivers/STM32F1xx_HAL_Driver/Src/stm32f1xx_hal_rcc_ex.c.obj
 .debug_info    0x00009057     0x3b00 CMakeFiles/Cyber-VCM-CLion.elf.dir/Drivers/STM32F1xx_HAL_Driver/Src/stm32f1xx_hal_tim.c.obj
 .debug_info    0x0000cb57     0x19e9 CMakeFiles/Cyber-VCM-CLion.elf.dir/Drivers/STM32F1xx_HAL_Driver/Src/stm32f1xx_hal_tim_ex.c.obj
 .debug_info    0x0000e540     0x1c8b CMakeFiles/Cyber-VCM-CLion.elf.dir/Drivers/STM32F1xx_HAL_Driver/Src/stm32f1xx_hal_uart.c.obj
 .debug_info    0x000101cb     0x4b1f CMakeFiles/Cyber-VCM-CLion.elf.dir/Middlewares/Third_Party/FreeRTOS/Source/CMSIS_RTOS_V2/cmsis_os2.c.obj
 .debug_info    0x00014cea      0x2da CMakeFiles/Cyber-VCM-CLion.elf.dir/Middlewares/Third_Party/FreeRTOS/Source/list.c.obj
 .debug_info    0x00014fc4      0x52b CMakeFiles/Cyber-VCM-CLion.elf.dir/Middlewares/Third_Party/FreeRTOS/Source/portable/GCC/ARM_CM3/port.c.obj
 .debug_info    0x000154ef      0x471 CMakeFiles/Cyber-VCM-CLion.elf.dir/Middlewares/Third_Party/FreeRTOS/Source/portable/MemMang/heap_4.c.obj
 .debug_info    0x00015960     0x2733 CMakeFiles/Cyber-VCM-CLion.elf.dir/Middlewares/Third_Party/FreeRTOS/Source/queue.c.obj
 .debug_info    0x00018093     0x301a CMakeFiles/Cyber-VCM-CLion.elf.dir/Middlewares/Third_Party/FreeRTOS/Source/tasks.c.obj
 .debug_info    0x0001b0ad     0x1969 CMakeFiles/Cyber-VCM-CLion.elf.dir/Middlewares/Third_Party/FreeRTOS/Source/timers.c.obj
 .debug_info    0x0001ca16       0x22 CMakeFiles/Cyber-VCM-CLion.elf.dir/startup/startup_stm32f103xb.s.obj

.debug_abbrev   0x00000000     0x3b0d
 .debug_abbrev  0x00000000      0x1c9 CMakeFiles/Cyber-VCM-CLion.elf.dir/Core/Src/adc.c.obj
 .debug_abbrev  0x000001c9      0x114 CMakeFiles/Cyber-VCM-CLion.elf.dir/Core/Src/dma.c.obj
 .debug_abbrev  0x000002dd      0x10b CMakeFiles/Cyber-VCM-CLion.elf.dir/Core/Src/freertos.c.obj
 .debug_abbrev  0x000003e8      0x13c CMakeFiles/Cyber-VCM-CLion.elf.dir/Core/Src/gpio.c.obj
 .debug_abbrev  0x00000524      0x1f3 CMakeFiles/Cyber-VCM-CLion.elf.dir/Core/Src/main.c.obj
 .debug_abbrev  0x00000717      0x12d CMakeFiles/Cyber-VCM-CLion.elf.dir/Core/Src/stm32f1xx_hal_msp.c.obj
 .debug_abbrev  0x00000844      0x1ec CMakeFiles/Cyber-VCM-CLion.elf.dir/Core/Src/stm32f1xx_hal_timebase_tim.c.obj
 .debug_abbrev  0x00000a30      0x179 CMakeFiles/Cyber-VCM-CLion.elf.dir/Core/Src/stm32f1xx_it.c.obj
 .debug_abbrev  0x00000ba9      0x13e CMakeFiles/Cyber-VCM-CLion.elf.dir/Core/Src/system_stm32f1xx.c.obj
 .debug_abbrev  0x00000ce7      0x255 CMakeFiles/Cyber-VCM-CLion.elf.dir/Core/Src/tim.c.obj
 .debug_abbrev  0x00000f3c      0x1f0 CMakeFiles/Cyber-VCM-CLion.elf.dir/Core/Src/usart.c.obj
 .debug_abbrev  0x0000112c      0x1f4 CMakeFiles/Cyber-VCM-CLion.elf.dir/Drivers/STM32F1xx_HAL_Driver/Src/stm32f1xx_hal.c.obj
 .debug_abbrev  0x00001320      0x1fc CMakeFiles/Cyber-VCM-CLion.elf.dir/Drivers/STM32F1xx_HAL_Driver/Src/stm32f1xx_hal_adc.c.obj
 .debug_abbrev  0x0000151c      0x341 CMakeFiles/Cyber-VCM-CLion.elf.dir/Drivers/STM32F1xx_HAL_Driver/Src/stm32f1xx_hal_cortex.c.obj
 .debug_abbrev  0x0000185d      0x223 CMakeFiles/Cyber-VCM-CLion.elf.dir/Drivers/STM32F1xx_HAL_Driver/Src/stm32f1xx_hal_dma.c.obj
 .debug_abbrev  0x00001a80      0x1e6 CMakeFiles/Cyber-VCM-CLion.elf.dir/Drivers/STM32F1xx_HAL_Driver/Src/stm32f1xx_hal_gpio.c.obj
 .debug_abbrev  0x00001c66      0x27a CMakeFiles/Cyber-VCM-CLion.elf.dir/Drivers/STM32F1xx_HAL_Driver/Src/stm32f1xx_hal_rcc.c.obj
 .debug_abbrev  0x00001ee0      0x1d2 CMakeFiles/Cyber-VCM-CLion.elf.dir/Drivers/STM32F1xx_HAL_Driver/Src/stm32f1xx_hal_rcc_ex.c.obj
 .debug_abbrev  0x000020b2      0x23e CMakeFiles/Cyber-VCM-CLion.elf.dir/Drivers/STM32F1xx_HAL_Driver/Src/stm32f1xx_hal_tim.c.obj
 .debug_abbrev  0x000022f0      0x241 CMakeFiles/Cyber-VCM-CLion.elf.dir/Drivers/STM32F1xx_HAL_Driver/Src/stm32f1xx_hal_tim_ex.c.obj
 .debug_abbrev  0x00002531      0x254 CMakeFiles/Cyber-VCM-CLion.elf.dir/Drivers/STM32F1xx_HAL_Driver/Src/stm32f1xx_hal_uart.c.obj
 .debug_abbrev  0x00002785      0x418 CMakeFiles/Cyber-VCM-CLion.elf.dir/Middlewares/Third_Party/FreeRTOS/Source/CMSIS_RTOS_V2/cmsis_os2.c.obj
 .debug_abbrev  0x00002b9d      0x106 CMakeFiles/Cyber-VCM-CLion.elf.dir/Middlewares/Third_Party/FreeRTOS/Source/list.c.obj
 .debug_abbrev  0x00002ca3      0x27e CMakeFiles/Cyber-VCM-CLion.elf.dir/Middlewares/Third_Party/FreeRTOS/Source/portable/GCC/ARM_CM3/port.c.obj
 .debug_abbrev  0x00002f21      0x238 CMakeFiles/Cyber-VCM-CLion.elf.dir/Middlewares/Third_Party/FreeRTOS/Source/portable/MemMang/heap_4.c.obj
 .debug_abbrev  0x00003159      0x38c CMakeFiles/Cyber-VCM-CLion.elf.dir/Middlewares/Third_Party/FreeRTOS/Source/queue.c.obj
 .debug_abbrev  0x000034e5      0x313 CMakeFiles/Cyber-VCM-CLion.elf.dir/Middlewares/Third_Party/FreeRTOS/Source/tasks.c.obj
 .debug_abbrev  0x000037f8      0x303 CMakeFiles/Cyber-VCM-CLion.elf.dir/Middlewares/Third_Party/FreeRTOS/Source/timers.c.obj
 .debug_abbrev  0x00003afb       0x12 CMakeFiles/Cyber-VCM-CLion.elf.dir/startup/startup_stm32f103xb.s.obj

.debug_loc      0x00000000    0x15afe
 .debug_loc     0x00000000       0x71 CMakeFiles/Cyber-VCM-CLion.elf.dir/Core/Src/adc.c.obj
 .debug_loc     0x00000071       0x25 CMakeFiles/Cyber-VCM-CLion.elf.dir/Core/Src/freertos.c.obj
 .debug_loc     0x00000096       0x42 CMakeFiles/Cyber-VCM-CLion.elf.dir/Core/Src/main.c.obj
 .debug_loc     0x000000d8       0x15 CMakeFiles/Cyber-VCM-CLion.elf.dir/Core/Src/stm32f1xx_hal_msp.c.obj
 .debug_loc     0x000000ed       0x89 CMakeFiles/Cyber-VCM-CLion.elf.dir/Core/Src/stm32f1xx_hal_timebase_tim.c.obj
 .debug_loc     0x00000176       0xff CMakeFiles/Cyber-VCM-CLion.elf.dir/Core/Src/system_stm32f1xx.c.obj
 .debug_loc     0x00000275       0xfb CMakeFiles/Cyber-VCM-CLion.elf.dir/Core/Src/tim.c.obj
 .debug_loc     0x00000370       0xb9 CMakeFiles/Cyber-VCM-CLion.elf.dir/Core/Src/usart.c.obj
 .debug_loc     0x00000429      0x141 CMakeFiles/Cyber-VCM-CLion.elf.dir/Drivers/STM32F1xx_HAL_Driver/Src/stm32f1xx_hal.c.obj
 .debug_loc     0x0000056a      0xad9 CMakeFiles/Cyber-VCM-CLion.elf.dir/Drivers/STM32F1xx_HAL_Driver/Src/stm32f1xx_hal_adc.c.obj
 .debug_loc     0x00001043      0x71f CMakeFiles/Cyber-VCM-CLion.elf.dir/Drivers/STM32F1xx_HAL_Driver/Src/stm32f1xx_hal_cortex.c.obj
 .debug_loc     0x00001762      0x7d1 CMakeFiles/Cyber-VCM-CLion.elf.dir/Drivers/STM32F1xx_HAL_Driver/Src/stm32f1xx_hal_dma.c.obj
 .debug_loc     0x00001f33      0x47d CMakeFiles/Cyber-VCM-CLion.elf.dir/Drivers/STM32F1xx_HAL_Driver/Src/stm32f1xx_hal_gpio.c.obj
 .debug_loc     0x000023b0      0x63e CMakeFiles/Cyber-VCM-CLion.elf.dir/Drivers/STM32F1xx_HAL_Driver/Src/stm32f1xx_hal_rcc.c.obj
 .debug_loc     0x000029ee      0x3c8 CMakeFiles/Cyber-VCM-CLion.elf.dir/Drivers/STM32F1xx_HAL_Driver/Src/stm32f1xx_hal_rcc_ex.c.obj
 .debug_loc     0x00002db6     0x47a8 CMakeFiles/Cyber-VCM-CLion.elf.dir/Drivers/STM32F1xx_HAL_Driver/Src/stm32f1xx_hal_tim.c.obj
 .debug_loc     0x0000755e     0x1ade CMakeFiles/Cyber-VCM-CLion.elf.dir/Drivers/STM32F1xx_HAL_Driver/Src/stm32f1xx_hal_tim_ex.c.obj
 .debug_loc     0x0000903c     0x2037 CMakeFiles/Cyber-VCM-CLion.elf.dir/Drivers/STM32F1xx_HAL_Driver/Src/stm32f1xx_hal_uart.c.obj
 .debug_loc     0x0000b073     0x579d CMakeFiles/Cyber-VCM-CLion.elf.dir/Middlewares/Third_Party/FreeRTOS/Source/CMSIS_RTOS_V2/cmsis_os2.c.obj
 .debug_loc     0x00010810       0xad CMakeFiles/Cyber-VCM-CLion.elf.dir/Middlewares/Third_Party/FreeRTOS/Source/list.c.obj
 .debug_loc     0x000108bd       0xe8 CMakeFiles/Cyber-VCM-CLion.elf.dir/Middlewares/Third_Party/FreeRTOS/Source/portable/GCC/ARM_CM3/port.c.obj
 .debug_loc     0x000109a5      0x331 CMakeFiles/Cyber-VCM-CLion.elf.dir/Middlewares/Third_Party/FreeRTOS/Source/portable/MemMang/heap_4.c.obj
 .debug_loc     0x00010cd6     0x19de CMakeFiles/Cyber-VCM-CLion.elf.dir/Middlewares/Third_Party/FreeRTOS/Source/queue.c.obj
 .debug_loc     0x000126b4     0x24bc CMakeFiles/Cyber-VCM-CLion.elf.dir/Middlewares/Third_Party/FreeRTOS/Source/tasks.c.obj
 .debug_loc     0x00014b70      0xf8e CMakeFiles/Cyber-VCM-CLion.elf.dir/Middlewares/Third_Party/FreeRTOS/Source/timers.c.obj

.debug_aranges  0x00000000     0x14e8
 .debug_aranges
                0x00000000       0x30 CMakeFiles/Cyber-VCM-CLion.elf.dir/Core/Src/adc.c.obj
 .debug_aranges
                0x00000030       0x20 CMakeFiles/Cyber-VCM-CLion.elf.dir/Core/Src/dma.c.obj
 .debug_aranges
                0x00000050       0x28 CMakeFiles/Cyber-VCM-CLion.elf.dir/Core/Src/freertos.c.obj
 .debug_aranges
                0x00000078       0x20 CMakeFiles/Cyber-VCM-CLion.elf.dir/Core/Src/gpio.c.obj
 .debug_aranges
                0x00000098       0x38 CMakeFiles/Cyber-VCM-CLion.elf.dir/Core/Src/main.c.obj
 .debug_aranges
                0x000000d0       0x20 CMakeFiles/Cyber-VCM-CLion.elf.dir/Core/Src/stm32f1xx_hal_msp.c.obj
 .debug_aranges
                0x000000f0       0x30 CMakeFiles/Cyber-VCM-CLion.elf.dir/Core/Src/stm32f1xx_hal_timebase_tim.c.obj
 .debug_aranges
                0x00000120       0x60 CMakeFiles/Cyber-VCM-CLion.elf.dir/Core/Src/stm32f1xx_it.c.obj
 .debug_aranges
                0x00000180       0x28 CMakeFiles/Cyber-VCM-CLion.elf.dir/Core/Src/system_stm32f1xx.c.obj
 .debug_aranges
                0x000001a8       0x58 CMakeFiles/Cyber-VCM-CLion.elf.dir/Core/Src/tim.c.obj
 .debug_aranges
                0x00000200       0x30 CMakeFiles/Cyber-VCM-CLion.elf.dir/Core/Src/usart.c.obj
 .debug_aranges
                0x00000230       0xe0 CMakeFiles/Cyber-VCM-CLion.elf.dir/Drivers/STM32F1xx_HAL_Driver/Src/stm32f1xx_hal.c.obj
 .debug_aranges
                0x00000310       0xf0 CMakeFiles/Cyber-VCM-CLion.elf.dir/Drivers/STM32F1xx_HAL_Driver/Src/stm32f1xx_hal_adc.c.obj
 .debug_aranges
                0x00000400       0x90 CMakeFiles/Cyber-VCM-CLion.elf.dir/Drivers/STM32F1xx_HAL_Driver/Src/stm32f1xx_hal_cortex.c.obj
 .debug_aranges
                0x00000490       0x80 CMakeFiles/Cyber-VCM-CLion.elf.dir/Drivers/STM32F1xx_HAL_Driver/Src/stm32f1xx_hal_dma.c.obj
 .debug_aranges
                0x00000510       0x58 CMakeFiles/Cyber-VCM-CLion.elf.dir/Drivers/STM32F1xx_HAL_Driver/Src/stm32f1xx_hal_gpio.c.obj
 .debug_aranges
                0x00000568       0x90 CMakeFiles/Cyber-VCM-CLion.elf.dir/Drivers/STM32F1xx_HAL_Driver/Src/stm32f1xx_hal_rcc.c.obj
 .debug_aranges
                0x000005f8       0x30 CMakeFiles/Cyber-VCM-CLion.elf.dir/Drivers/STM32F1xx_HAL_Driver/Src/stm32f1xx_hal_rcc_ex.c.obj
 .debug_aranges
                0x00000628      0x3d0 CMakeFiles/Cyber-VCM-CLion.elf.dir/Drivers/STM32F1xx_HAL_Driver/Src/stm32f1xx_hal_tim.c.obj
 .debug_aranges
                0x000009f8      0x168 CMakeFiles/Cyber-VCM-CLion.elf.dir/Drivers/STM32F1xx_HAL_Driver/Src/stm32f1xx_hal_tim_ex.c.obj
 .debug_aranges
                0x00000b60      0x200 CMakeFiles/Cyber-VCM-CLion.elf.dir/Drivers/STM32F1xx_HAL_Driver/Src/stm32f1xx_hal_uart.c.obj
 .debug_aranges
                0x00000d60      0x228 CMakeFiles/Cyber-VCM-CLion.elf.dir/Middlewares/Third_Party/FreeRTOS/Source/CMSIS_RTOS_V2/cmsis_os2.c.obj
 .debug_aranges
                0x00000f88       0x40 CMakeFiles/Cyber-VCM-CLion.elf.dir/Middlewares/Third_Party/FreeRTOS/Source/list.c.obj
 .debug_aranges
                0x00000fc8       0x78 CMakeFiles/Cyber-VCM-CLion.elf.dir/Middlewares/Third_Party/FreeRTOS/Source/portable/GCC/ARM_CM3/port.c.obj
 .debug_aranges
                0x00001040       0x50 CMakeFiles/Cyber-VCM-CLion.elf.dir/Middlewares/Third_Party/FreeRTOS/Source/portable/MemMang/heap_4.c.obj
 .debug_aranges
                0x00001090      0x158 CMakeFiles/Cyber-VCM-CLion.elf.dir/Middlewares/Third_Party/FreeRTOS/Source/queue.c.obj
 .debug_aranges
                0x000011e8      0x1f8 CMakeFiles/Cyber-VCM-CLion.elf.dir/Middlewares/Third_Party/FreeRTOS/Source/tasks.c.obj
 .debug_aranges
                0x000013e0       0xe0 CMakeFiles/Cyber-VCM-CLion.elf.dir/Middlewares/Third_Party/FreeRTOS/Source/timers.c.obj
 .debug_aranges
                0x000014c0       0x28 CMakeFiles/Cyber-VCM-CLion.elf.dir/startup/startup_stm32f103xb.s.obj

.debug_ranges   0x00000000     0x15c0
 .debug_ranges  0x00000000       0x20 CMakeFiles/Cyber-VCM-CLion.elf.dir/Core/Src/adc.c.obj
 .debug_ranges  0x00000020       0x10 CMakeFiles/Cyber-VCM-CLion.elf.dir/Core/Src/dma.c.obj
 .debug_ranges  0x00000030       0x18 CMakeFiles/Cyber-VCM-CLion.elf.dir/Core/Src/freertos.c.obj
 .debug_ranges  0x00000048       0x10 CMakeFiles/Cyber-VCM-CLion.elf.dir/Core/Src/gpio.c.obj
 .debug_ranges  0x00000058       0x28 CMakeFiles/Cyber-VCM-CLion.elf.dir/Core/Src/main.c.obj
 .debug_ranges  0x00000080       0x10 CMakeFiles/Cyber-VCM-CLion.elf.dir/Core/Src/stm32f1xx_hal_msp.c.obj
 .debug_ranges  0x00000090       0x20 CMakeFiles/Cyber-VCM-CLion.elf.dir/Core/Src/stm32f1xx_hal_timebase_tim.c.obj
 .debug_ranges  0x000000b0       0x50 CMakeFiles/Cyber-VCM-CLion.elf.dir/Core/Src/stm32f1xx_it.c.obj
 .debug_ranges  0x00000100       0x18 CMakeFiles/Cyber-VCM-CLion.elf.dir/Core/Src/system_stm32f1xx.c.obj
 .debug_ranges  0x00000118       0x48 CMakeFiles/Cyber-VCM-CLion.elf.dir/Core/Src/tim.c.obj
 .debug_ranges  0x00000160       0x20 CMakeFiles/Cyber-VCM-CLion.elf.dir/Core/Src/usart.c.obj
 .debug_ranges  0x00000180       0xd0 CMakeFiles/Cyber-VCM-CLion.elf.dir/Drivers/STM32F1xx_HAL_Driver/Src/stm32f1xx_hal.c.obj
 .debug_ranges  0x00000250       0xe0 CMakeFiles/Cyber-VCM-CLion.elf.dir/Drivers/STM32F1xx_HAL_Driver/Src/stm32f1xx_hal_adc.c.obj
 .debug_ranges  0x00000330       0xe0 CMakeFiles/Cyber-VCM-CLion.elf.dir/Drivers/STM32F1xx_HAL_Driver/Src/stm32f1xx_hal_cortex.c.obj
 .debug_ranges  0x00000410       0x70 CMakeFiles/Cyber-VCM-CLion.elf.dir/Drivers/STM32F1xx_HAL_Driver/Src/stm32f1xx_hal_dma.c.obj
 .debug_ranges  0x00000480       0x48 CMakeFiles/Cyber-VCM-CLion.elf.dir/Drivers/STM32F1xx_HAL_Driver/Src/stm32f1xx_hal_gpio.c.obj
 .debug_ranges  0x000004c8       0xa0 CMakeFiles/Cyber-VCM-CLion.elf.dir/Drivers/STM32F1xx_HAL_Driver/Src/stm32f1xx_hal_rcc.c.obj
 .debug_ranges  0x00000568       0x38 CMakeFiles/Cyber-VCM-CLion.elf.dir/Drivers/STM32F1xx_HAL_Driver/Src/stm32f1xx_hal_rcc_ex.c.obj
 .debug_ranges  0x000005a0      0x3c0 CMakeFiles/Cyber-VCM-CLion.elf.dir/Drivers/STM32F1xx_HAL_Driver/Src/stm32f1xx_hal_tim.c.obj
 .debug_ranges  0x00000960      0x158 CMakeFiles/Cyber-VCM-CLion.elf.dir/Drivers/STM32F1xx_HAL_Driver/Src/stm32f1xx_hal_tim_ex.c.obj
 .debug_ranges  0x00000ab8      0x1f0 CMakeFiles/Cyber-VCM-CLion.elf.dir/Drivers/STM32F1xx_HAL_Driver/Src/stm32f1xx_hal_uart.c.obj
 .debug_ranges  0x00000ca8      0x218 CMakeFiles/Cyber-VCM-CLion.elf.dir/Middlewares/Third_Party/FreeRTOS/Source/CMSIS_RTOS_V2/cmsis_os2.c.obj
 .debug_ranges  0x00000ec0       0x30 CMakeFiles/Cyber-VCM-CLion.elf.dir/Middlewares/Third_Party/FreeRTOS/Source/list.c.obj
 .debug_ranges  0x00000ef0       0x68 CMakeFiles/Cyber-VCM-CLion.elf.dir/Middlewares/Third_Party/FreeRTOS/Source/portable/GCC/ARM_CM3/port.c.obj
 .debug_ranges  0x00000f58       0x40 CMakeFiles/Cyber-VCM-CLion.elf.dir/Middlewares/Third_Party/FreeRTOS/Source/portable/MemMang/heap_4.c.obj
 .debug_ranges  0x00000f98      0x218 CMakeFiles/Cyber-VCM-CLion.elf.dir/Middlewares/Third_Party/FreeRTOS/Source/queue.c.obj
 .debug_ranges  0x000011b0      0x320 CMakeFiles/Cyber-VCM-CLion.elf.dir/Middlewares/Third_Party/FreeRTOS/Source/tasks.c.obj
 .debug_ranges  0x000014d0       0xd0 CMakeFiles/Cyber-VCM-CLion.elf.dir/Middlewares/Third_Party/FreeRTOS/Source/timers.c.obj
 .debug_ranges  0x000015a0       0x20 CMakeFiles/Cyber-VCM-CLion.elf.dir/startup/startup_stm32f103xb.s.obj

.debug_line     0x00000000    0x1870b
 .debug_line    0x00000000      0x430 CMakeFiles/Cyber-VCM-CLion.elf.dir/Core/Src/adc.c.obj
 .debug_line    0x00000430      0x23d CMakeFiles/Cyber-VCM-CLion.elf.dir/Core/Src/dma.c.obj
 .debug_line    0x0000066d      0x201 CMakeFiles/Cyber-VCM-CLion.elf.dir/Core/Src/freertos.c.obj
 .debug_line    0x0000086e      0x2b1 CMakeFiles/Cyber-VCM-CLion.elf.dir/Core/Src/gpio.c.obj
 .debug_line    0x00000b1f      0x548 CMakeFiles/Cyber-VCM-CLion.elf.dir/Core/Src/main.c.obj
 .debug_line    0x00001067      0x257 CMakeFiles/Cyber-VCM-CLion.elf.dir/Core/Src/stm32f1xx_hal_msp.c.obj
 .debug_line    0x000012be      0x33c CMakeFiles/Cyber-VCM-CLion.elf.dir/Core/Src/stm32f1xx_hal_timebase_tim.c.obj
 .debug_line    0x000015fa      0x381 CMakeFiles/Cyber-VCM-CLion.elf.dir/Core/Src/stm32f1xx_it.c.obj
 .debug_line    0x0000197b      0x2a6 CMakeFiles/Cyber-VCM-CLion.elf.dir/Core/Src/system_stm32f1xx.c.obj
 .debug_line    0x00001c21      0x653 CMakeFiles/Cyber-VCM-CLion.elf.dir/Core/Src/tim.c.obj
 .debug_line    0x00002274      0x3f7 CMakeFiles/Cyber-VCM-CLion.elf.dir/Core/Src/usart.c.obj
 .debug_line    0x0000266b      0x60a CMakeFiles/Cyber-VCM-CLion.elf.dir/Drivers/STM32F1xx_HAL_Driver/Src/stm32f1xx_hal.c.obj
 .debug_line    0x00002c75      0xf8a CMakeFiles/Cyber-VCM-CLion.elf.dir/Drivers/STM32F1xx_HAL_Driver/Src/stm32f1xx_hal_adc.c.obj
 .debug_line    0x00003bff      0x6d7 CMakeFiles/Cyber-VCM-CLion.elf.dir/Drivers/STM32F1xx_HAL_Driver/Src/stm32f1xx_hal_cortex.c.obj
 .debug_line    0x000042d6      0xaf1 CMakeFiles/Cyber-VCM-CLion.elf.dir/Drivers/STM32F1xx_HAL_Driver/Src/stm32f1xx_hal_dma.c.obj
 .debug_line    0x00004dc7      0x681 CMakeFiles/Cyber-VCM-CLion.elf.dir/Drivers/STM32F1xx_HAL_Driver/Src/stm32f1xx_hal_gpio.c.obj
 .debug_line    0x00005448      0xcca CMakeFiles/Cyber-VCM-CLion.elf.dir/Drivers/STM32F1xx_HAL_Driver/Src/stm32f1xx_hal_rcc.c.obj
 .debug_line    0x00006112      0x53c CMakeFiles/Cyber-VCM-CLion.elf.dir/Drivers/STM32F1xx_HAL_Driver/Src/stm32f1xx_hal_rcc_ex.c.obj
 .debug_line    0x0000664e     0x46fc CMakeFiles/Cyber-VCM-CLion.elf.dir/Drivers/STM32F1xx_HAL_Driver/Src/stm32f1xx_hal_tim.c.obj
 .debug_line    0x0000ad4a     0x1bfc CMakeFiles/Cyber-VCM-CLion.elf.dir/Drivers/STM32F1xx_HAL_Driver/Src/stm32f1xx_hal_tim_ex.c.obj
 .debug_line    0x0000c946     0x2159 CMakeFiles/Cyber-VCM-CLion.elf.dir/Drivers/STM32F1xx_HAL_Driver/Src/stm32f1xx_hal_uart.c.obj
 .debug_line    0x0000ea9f     0x2e0b CMakeFiles/Cyber-VCM-CLion.elf.dir/Middlewares/Third_Party/FreeRTOS/Source/CMSIS_RTOS_V2/cmsis_os2.c.obj
 .debug_line    0x000118aa      0x412 CMakeFiles/Cyber-VCM-CLion.elf.dir/Middlewares/Third_Party/FreeRTOS/Source/list.c.obj
 .debug_line    0x00011cbc      0x6c3 CMakeFiles/Cyber-VCM-CLion.elf.dir/Middlewares/Third_Party/FreeRTOS/Source/portable/GCC/ARM_CM3/port.c.obj
 .debug_line    0x0001237f      0x70e CMakeFiles/Cyber-VCM-CLion.elf.dir/Middlewares/Third_Party/FreeRTOS/Source/portable/MemMang/heap_4.c.obj
 .debug_line    0x00012a8d     0x20b2 CMakeFiles/Cyber-VCM-CLion.elf.dir/Middlewares/Third_Party/FreeRTOS/Source/queue.c.obj
 .debug_line    0x00014b3f     0x2c8b CMakeFiles/Cyber-VCM-CLion.elf.dir/Middlewares/Third_Party/FreeRTOS/Source/tasks.c.obj
 .debug_line    0x000177ca      0xe86 CMakeFiles/Cyber-VCM-CLion.elf.dir/Middlewares/Third_Party/FreeRTOS/Source/timers.c.obj
 .debug_line    0x00018650       0xbb CMakeFiles/Cyber-VCM-CLion.elf.dir/startup/startup_stm32f103xb.s.obj

.debug_str      0x00000000     0x7340
 .debug_str     0x00000000      0x635 CMakeFiles/Cyber-VCM-CLion.elf.dir/Core/Src/adc.c.obj
                                0x6c5 (size before relaxing)
 .debug_str     0x00000635      0x356 CMakeFiles/Cyber-VCM-CLion.elf.dir/Core/Src/dma.c.obj
                                0x560 (size before relaxing)
 .debug_str     0x0000098b      0x521 CMakeFiles/Cyber-VCM-CLion.elf.dir/Core/Src/freertos.c.obj
                                0x6ea (size before relaxing)
 .debug_str     0x00000eac       0x89 CMakeFiles/Cyber-VCM-CLion.elf.dir/Core/Src/gpio.c.obj
                                0x2fd (size before relaxing)
 .debug_str     0x00000f35      0x576 CMakeFiles/Cyber-VCM-CLion.elf.dir/Core/Src/main.c.obj
                                0x9ca (size before relaxing)
 .debug_str     0x000014ab       0x95 CMakeFiles/Cyber-VCM-CLion.elf.dir/Core/Src/stm32f1xx_hal_msp.c.obj
                                0x589 (size before relaxing)
 .debug_str     0x00001540      0x139 CMakeFiles/Cyber-VCM-CLion.elf.dir/Core/Src/stm32f1xx_hal_timebase_tim.c.obj
                                0xb70 (size before relaxing)
 .debug_str     0x00001679      0x306 CMakeFiles/Cyber-VCM-CLion.elf.dir/Core/Src/stm32f1xx_it.c.obj
                                0x9bd (size before relaxing)
 .debug_str     0x0000197f       0xb9 CMakeFiles/Cyber-VCM-CLion.elf.dir/Core/Src/system_stm32f1xx.c.obj
                                0x2d4 (size before relaxing)
 .debug_str     0x00001a38      0x302 CMakeFiles/Cyber-VCM-CLion.elf.dir/Core/Src/tim.c.obj
                                0xafc (size before relaxing)
 .debug_str     0x00001d3a       0xa0 CMakeFiles/Cyber-VCM-CLion.elf.dir/Core/Src/usart.c.obj
                                0xa57 (size before relaxing)
 .debug_str     0x00001dda      0x2fe CMakeFiles/Cyber-VCM-CLion.elf.dir/Drivers/STM32F1xx_HAL_Driver/Src/stm32f1xx_hal.c.obj
                                0x8a4 (size before relaxing)
 .debug_str     0x000020d8      0x373 CMakeFiles/Cyber-VCM-CLion.elf.dir/Drivers/STM32F1xx_HAL_Driver/Src/stm32f1xx_hal_adc.c.obj
                                0x953 (size before relaxing)
 .debug_str     0x0000244b      0x3d0 CMakeFiles/Cyber-VCM-CLion.elf.dir/Drivers/STM32F1xx_HAL_Driver/Src/stm32f1xx_hal_cortex.c.obj
                                0x953 (size before relaxing)
 .debug_str     0x0000281b      0x22c CMakeFiles/Cyber-VCM-CLion.elf.dir/Drivers/STM32F1xx_HAL_Driver/Src/stm32f1xx_hal_dma.c.obj
                                0x67d (size before relaxing)
 .debug_str     0x00002a47      0x150 CMakeFiles/Cyber-VCM-CLion.elf.dir/Drivers/STM32F1xx_HAL_Driver/Src/stm32f1xx_hal_gpio.c.obj
                                0x480 (size before relaxing)
 .debug_str     0x00002b97      0x1ea CMakeFiles/Cyber-VCM-CLion.elf.dir/Drivers/STM32F1xx_HAL_Driver/Src/stm32f1xx_hal_rcc.c.obj
                                0x6ab (size before relaxing)
 .debug_str     0x00002d81       0xbf CMakeFiles/Cyber-VCM-CLion.elf.dir/Drivers/STM32F1xx_HAL_Driver/Src/stm32f1xx_hal_rcc_ex.c.obj
                                0x453 (size before relaxing)
 .debug_str     0x00002e40      0xcea CMakeFiles/Cyber-VCM-CLion.elf.dir/Drivers/STM32F1xx_HAL_Driver/Src/stm32f1xx_hal_tim.c.obj
                               0x16b8 (size before relaxing)
 .debug_str     0x00003b2a      0x55f CMakeFiles/Cyber-VCM-CLion.elf.dir/Drivers/STM32F1xx_HAL_Driver/Src/stm32f1xx_hal_tim_ex.c.obj
                                0xeb9 (size before relaxing)
 .debug_str     0x00004089      0x60c CMakeFiles/Cyber-VCM-CLion.elf.dir/Drivers/STM32F1xx_HAL_Driver/Src/stm32f1xx_hal_uart.c.obj
                                0xd0e (size before relaxing)
 .debug_str     0x00004695     0x1237 CMakeFiles/Cyber-VCM-CLion.elf.dir/Middlewares/Third_Party/FreeRTOS/Source/CMSIS_RTOS_V2/cmsis_os2.c.obj
                               0x196b (size before relaxing)
 .debug_str     0x000058cc      0x174 CMakeFiles/Cyber-VCM-CLion.elf.dir/Middlewares/Third_Party/FreeRTOS/Source/list.c.obj
                                0x375 (size before relaxing)
 .debug_str     0x00005a40      0x27b CMakeFiles/Cyber-VCM-CLion.elf.dir/Middlewares/Third_Party/FreeRTOS/Source/portable/GCC/ARM_CM3/port.c.obj
                                0x4e1 (size before relaxing)
 .debug_str     0x00005cbb      0x223 CMakeFiles/Cyber-VCM-CLion.elf.dir/Middlewares/Third_Party/FreeRTOS/Source/portable/MemMang/heap_4.c.obj
                                0x45e (size before relaxing)
 .debug_str     0x00005ede      0x616 CMakeFiles/Cyber-VCM-CLion.elf.dir/Middlewares/Third_Party/FreeRTOS/Source/queue.c.obj
                                0xcf3 (size before relaxing)
 .debug_str     0x000064f4      0x8c9 CMakeFiles/Cyber-VCM-CLion.elf.dir/Middlewares/Third_Party/FreeRTOS/Source/tasks.c.obj
                               0x12ef (size before relaxing)
 .debug_str     0x00006dbd      0x519 CMakeFiles/Cyber-VCM-CLion.elf.dir/Middlewares/Third_Party/FreeRTOS/Source/timers.c.obj
                                0xc66 (size before relaxing)
 .debug_str     0x000072d6       0x6a CMakeFiles/Cyber-VCM-CLion.elf.dir/startup/startup_stm32f103xb.s.obj
                                 0xc6 (size before relaxing)

.comment        0x00000000       0x49
 .comment       0x00000000       0x49 CMakeFiles/Cyber-VCM-CLion.elf.dir/Core/Src/adc.c.obj
                                 0x4a (size before relaxing)
 .comment       0x00000049       0x4a CMakeFiles/Cyber-VCM-CLion.elf.dir/Core/Src/dma.c.obj
 .comment       0x00000049       0x4a CMakeFiles/Cyber-VCM-CLion.elf.dir/Core/Src/freertos.c.obj
 .comment       0x00000049       0x4a CMakeFiles/Cyber-VCM-CLion.elf.dir/Core/Src/gpio.c.obj
 .comment       0x00000049       0x4a CMakeFiles/Cyber-VCM-CLion.elf.dir/Core/Src/main.c.obj
 .comment       0x00000049       0x4a CMakeFiles/Cyber-VCM-CLion.elf.dir/Core/Src/stm32f1xx_hal_msp.c.obj
 .comment       0x00000049       0x4a CMakeFiles/Cyber-VCM-CLion.elf.dir/Core/Src/stm32f1xx_hal_timebase_tim.c.obj
 .comment       0x00000049       0x4a CMakeFiles/Cyber-VCM-CLion.elf.dir/Core/Src/stm32f1xx_it.c.obj
 .comment       0x00000049       0x4a CMakeFiles/Cyber-VCM-CLion.elf.dir/Core/Src/system_stm32f1xx.c.obj