Archive member included to satisfy reference by file (symbol)

d:/software/embededtools/drivers/gcc-arm-none-eabi/bin/../lib/gcc/arm-none-eabi/10.3.1/thumb/v7-m/nofp\libgcc.a(_arm_addsubsf3.o)
                              CMakeFiles/Cyber-VCM.elf.dir/Control/SpeedPID.c.obj (__aeabi_fsub)
d:/software/embededtools/drivers/gcc-arm-none-eabi/bin/../lib/gcc/arm-none-eabi/10.3.1/thumb/v7-m/nofp\libgcc.a(_arm_muldivsf3.o)
                              CMakeFiles/Cyber-VCM.elf.dir/Control/AM26C32.c.obj (__aeabi_fdiv)
d:/software/embededtools/drivers/gcc-arm-none-eabi/bin/../lib/gcc/arm-none-eabi/10.3.1/thumb/v7-m/nofp\libgcc.a(_arm_cmpsf2.o)
                              CMakeFiles/Cyber-VCM.elf.dir/Control/AM26C32.c.obj (__aeabi_fcmplt)
d:/software/embededtools/drivers/gcc-arm-none-eabi/bin/../lib/gcc/arm-none-eabi/10.3.1/../../../../arm-none-eabi/lib/thumb/v7-m/nofp\libg.a(lib_a-errno.o)
                              CMakeFiles/Cyber-VCM.elf.dir/Core/Src/syscalls.c.obj (__errno)
d:/software/embededtools/drivers/gcc-arm-none-eabi/bin/../lib/gcc/arm-none-eabi/10.3.1/../../../../arm-none-eabi/lib/thumb/v7-m/nofp\libg.a(lib_a-exit.o)
                              d:/software/embededtools/drivers/gcc-arm-none-eabi/bin/../lib/gcc/arm-none-eabi/10.3.1/../../../../arm-none-eabi/lib/thumb/v7-m/nofp/crt0.o (exit)
d:/software/embededtools/drivers/gcc-arm-none-eabi/bin/../lib/gcc/arm-none-eabi/10.3.1/../../../../arm-none-eabi/lib/thumb/v7-m/nofp\libg.a(lib_a-impure.o)
                              d:/software/embededtools/drivers/gcc-arm-none-eabi/bin/../lib/gcc/arm-none-eabi/10.3.1/../../../../arm-none-eabi/lib/thumb/v7-m/nofp\libg.a(lib_a-exit.o) (_global_impure_ptr)
d:/software/embededtools/drivers/gcc-arm-none-eabi/bin/../lib/gcc/arm-none-eabi/10.3.1/../../../../arm-none-eabi/lib/thumb/v7-m/nofp\libg.a(lib_a-init.o)
                              d:/software/embededtools/drivers/gcc-arm-none-eabi/bin/../lib/gcc/arm-none-eabi/10.3.1/../../../../arm-none-eabi/lib/thumb/v7-m/nofp/crt0.o (__libc_init_array)
d:/software/embededtools/drivers/gcc-arm-none-eabi/bin/../lib/gcc/arm-none-eabi/10.3.1/../../../../arm-none-eabi/lib/thumb/v7-m/nofp\libg.a(lib_a-memcpy.o)
                              CMakeFiles/Cyber-VCM.elf.dir/Middlewares/Third_Party/FreeRTOS/Source/CMSIS_RTOS_V2/cmsis_os2.c.obj (memcpy)
d:/software/embededtools/drivers/gcc-arm-none-eabi/bin/../lib/gcc/arm-none-eabi/10.3.1/../../../../arm-none-eabi/lib/thumb/v7-m/nofp\libg.a(lib_a-memset.o)
                              d:/software/embededtools/drivers/gcc-arm-none-eabi/bin/../lib/gcc/arm-none-eabi/10.3.1/../../../../arm-none-eabi/lib/thumb/v7-m/nofp/crt0.o (memset)
d:/software/embededtools/drivers/gcc-arm-none-eabi/bin/../lib/gcc/arm-none-eabi/10.3.1/../../../../arm-none-eabi/lib/thumb/v7-m/nofp\libg.a(lib_a-printf.o)
                              CMakeFiles/Cyber-VCM.elf.dir/Core/Src/freertos.c.obj (printf)
d:/software/embededtools/drivers/gcc-arm-none-eabi/bin/../lib/gcc/arm-none-eabi/10.3.1/../../../../arm-none-eabi/lib/thumb/v7-m/nofp\libg.a(lib_a-puts.o)
                              CMakeFiles/Cyber-VCM.elf.dir/Core/Src/main.c.obj (puts)
d:/software/embededtools/drivers/gcc-arm-none-eabi/bin/../lib/gcc/arm-none-eabi/10.3.1/../../../../arm-none-eabi/lib/thumb/v7-m/nofp\libg.a(lib_a-setvbuf.o)
                              CMakeFiles/Cyber-VCM.elf.dir/Display/retarget.c.obj (setvbuf)
d:/software/embededtools/drivers/gcc-arm-none-eabi/bin/../lib/gcc/arm-none-eabi/10.3.1/../../../../arm-none-eabi/lib/thumb/v7-m/nofp\libg.a(lib_a-strlen-stub.o)
                              d:/software/embededtools/drivers/gcc-arm-none-eabi/bin/../lib/gcc/arm-none-eabi/10.3.1/../../../../arm-none-eabi/lib/thumb/v7-m/nofp\libg.a(lib_a-puts.o) (strlen)
d:/software/embededtools/drivers/gcc-arm-none-eabi/bin/../lib/gcc/arm-none-eabi/10.3.1/../../../../arm-none-eabi/lib/thumb/v7-m/nofp\libg.a(lib_a-vfprintf.o)
                              d:/software/embededtools/drivers/gcc-arm-none-eabi/bin/../lib/gcc/arm-none-eabi/10.3.1/../../../../arm-none-eabi/lib/thumb/v7-m/nofp\libg.a(lib_a-printf.o) (_vfprintf_r)
d:/software/embededtools/drivers/gcc-arm-none-eabi/bin/../lib/gcc/arm-none-eabi/10.3.1/../../../../arm-none-eabi/lib/thumb/v7-m/nofp\libg.a(lib_a-wsetup.o)
                              d:/software/embededtools/drivers/gcc-arm-none-eabi/bin/../lib/gcc/arm-none-eabi/10.3.1/../../../../arm-none-eabi/lib/thumb/v7-m/nofp\libg.a(lib_a-vfprintf.o) (__swsetup_r)
d:/software/embededtools/drivers/gcc-arm-none-eabi/bin/../lib/gcc/arm-none-eabi/10.3.1/../../../../arm-none-eabi/lib/thumb/v7-m/nofp\libg.a(lib_a-__call_atexit.o)
                              d:/software/embededtools/drivers/gcc-arm-none-eabi/bin/../lib/gcc/arm-none-eabi/10.3.1/../../../../arm-none-eabi/lib/thumb/v7-m/nofp\libg.a(lib_a-exit.o) (__call_exitprocs)
d:/software/embededtools/drivers/gcc-arm-none-eabi/bin/../lib/gcc/arm-none-eabi/10.3.1/../../../../arm-none-eabi/lib/thumb/v7-m/nofp\libg.a(lib_a-atexit.o)
[...]
Memory Configuration

Name             Origin             Length             Attributes
RAM              0x20000000         0x00005000         xrw
FLASH            0x08000000         0x00020000         xr
*default*        0x00000000         0xffffffff

Linker script and memory map

LOAD d:/software/embededtools/drivers/gcc-arm-none-eabi/bin/../lib/gcc/arm-none-eabi/10.3.1/thumb/v7-m/nofp/crti.o
LOAD d:/software/embededtools/drivers/gcc-arm-none-eabi/bin/../lib/gcc/arm-none-eabi/10.3.1/thumb/v7-m/nofp/crtbegin.o
LOAD d:/software/embededtools/drivers/gcc-arm-none-eabi/bin/../lib/gcc/arm-none-eabi/10.3.1/../../../../arm-none-eabi/lib/thumb/v7-m/nofp/crt0.o
LOAD CMakeFiles/Cyber-VCM.elf.dir/Control/AM26C32.c.obj
LOAD CMakeFiles/Cyber-VCM.elf.dir/Control/PositionPID.c.obj
LOAD CMakeFiles/Cyber-VCM.elf.dir/Control/SpeedPID.c.obj
LOAD CMakeFiles/Cyber-VCM.elf.dir/Core/Src/adc.c.obj
LOAD CMakeFiles/Cyber-VCM.elf.dir/Core/Src/dma.c.obj
LOAD CMakeFiles/Cyber-VCM.elf.dir/Core/Src/freertos.c.obj
LOAD CMakeFiles/Cyber-VCM.elf.dir/Core/Src/gpio.c.obj
LOAD CMakeFiles/Cyber-VCM.elf.dir/Core/Src/main.c.obj
LOAD CMakeFiles/Cyber-VCM.elf.dir/Core/Src/stm32f1xx_hal_msp.c.obj
LOAD CMakeFiles/Cyber-VCM.elf.dir/Core/Src/stm32f1xx_hal_timebase_tim.c.obj
LOAD CMakeFiles/Cyber-VCM.elf.dir/Core/Src/stm32f1xx_it.c.obj
LOAD CMakeFiles/Cyber-VCM.elf.dir/Core/Src/syscalls.c.obj
LOAD CMakeFiles/Cyber-VCM.elf.dir/Core/Src/system_stm32f1xx.c.obj
LOAD CMakeFiles/Cyber-VCM.elf.dir/Core/Src/tim.c.obj
LOAD CMakeFiles/Cyber-VCM.elf.dir/Core/Src/usart.c.obj
LOAD CMakeFiles/Cyber-VCM.elf.dir/Display/oled.c.obj
LOAD CMakeFiles/Cyber-VCM.elf.dir/Display/retarget.c.obj
LOAD CMakeFiles/Cyber-VCM.elf.dir/Drivers/STM32F1xx_HAL_Driver/Src/stm32f1xx_hal.c.obj
LOAD CMakeFiles/Cyber-VCM.elf.dir/Drivers/STM32F1xx_HAL_Driver/Src/stm32f1xx_hal_adc.c.obj
LOAD CMakeFiles/Cyber-VCM.elf.dir/Drivers/STM32F1xx_HAL_Driver/Src/stm32f1xx_hal_adc_ex.c.obj
LOAD CMakeFiles/Cyber-VCM.elf.dir/Drivers/STM32F1xx_HAL_Driver/Src/stm32f1xx_hal_cortex.c.obj
LOAD CMakeFiles/Cyber-VCM.elf.dir/Drivers/STM32F1xx_HAL_Driver/Src/stm32f1xx_hal_dma.c.obj
LOAD CMakeFiles/Cyber-VCM.elf.dir/Drivers/STM32F1xx_HAL_Driver/Src/stm32f1xx_hal_exti.c.obj
LOAD CMakeFiles/Cyber-VCM.elf.dir/Drivers/STM32F1xx_HAL_Driver/Src/stm32f1xx_hal_flash.c.obj
LOAD CMakeFiles/Cyber-VCM.elf.dir/Drivers/STM32F1xx_HAL_Driver/Src/stm32f1xx_hal_flash_ex.c.obj
LOAD CMakeFiles/Cyber-VCM.elf.dir/Drivers/STM32F1xx_HAL_Driver/Src/stm32f1xx_hal_gpio.c.obj
LOAD CMakeFiles/Cyber-VCM.elf.dir/Drivers/STM32F1xx_HAL_Driver/Src/stm32f1xx_hal_gpio_ex.c.obj
LOAD CMakeFiles/Cyber-VCM.elf.dir/Drivers/STM32F1xx_HAL_Driver/Src/stm32f1xx_hal_pwr.c.obj
LOAD CMakeFiles/Cyber-VCM.elf.dir/Drivers/STM32F1xx_HAL_Driver/Src/stm32f1xx_hal_rcc.c.obj
LOAD CMakeFiles/Cyber-VCM.elf.dir/Drivers/STM32F1xx_HAL_Driver/Src/stm32f1xx_hal_rcc_ex.c.obj
LOAD CMakeFiles/Cyber-VCM.elf.dir/Drivers/STM32F1xx_HAL_Driver/Src/stm32f1xx_hal_tim.c.obj
LOAD CMakeFiles/Cyber-VCM.elf.dir/Drivers/STM32F1xx_HAL_Driver/Src/stm32f1xx_hal_tim_ex.c.obj
LOAD CMakeFiles/Cyber-VCM.elf.dir/Drivers/STM32F1xx_HAL_Driver/Src/stm32f1xx_hal_uart.c.obj
LOAD CMakeFiles/Cyber-VCM.elf.dir/Middlewares/Third_Party/FreeRTOS/Source/CMSIS_RTOS_V2/cmsis_os2.c.obj
LOAD CMakeFiles/Cyber-VCM.elf.dir/Middlewares/Third_Party/FreeRTOS/Source/croutine.c.obj
LOAD CMakeFiles/Cyber-VCM.elf.dir/Middlewares/Third_Party/FreeRTOS/Source/event_groups.c.obj
LOAD CMakeFiles/Cyber-VCM.elf.dir/Middlewares/Third_Party/FreeRTOS/Source/list.c.obj
LOAD CMakeFiles/Cyber-VCM.elf.dir/Middlewares/Third_Party/FreeRTOS/Source/portable/GCC/ARM_CM3/port.c.obj
LOAD CMakeFiles/Cyber-VCM.elf.dir/Middlewares/Third_Party/FreeRTOS/Source/portable/MemMang/heap_4.c.obj
LOAD CMakeFiles/Cyber-VCM.elf.dir/Middlewares/Third_Party/FreeRTOS/Source/queue.c.obj
LOAD CMakeFiles/Cyber-VCM.elf.dir/Middlewares/Third_Party/FreeRTOS/Source/stream_buffer.c.obj
LOAD CMakeFiles/Cyber-VCM.elf.dir/Middlewares/Third_Party/FreeRTOS/Source/tasks.c.obj
LOAD CMakeFiles/Cyber-VCM.elf.dir/Middlewares/Third_Party/FreeRTOS/Source/timers.c.obj
LOAD CMakeFiles/Cyber-VCM.elf.dir/startup/startup_stm32f103xb.s.obj
START GROUP
LOAD d:/software/embededtools/drivers/gcc-arm-none-eabi/bin/../lib/gcc/arm-none-eabi/10.3.1/thumb/v7-m/nofp\libgcc.a
LOAD d:/software/embededtools/drivers/gcc-arm-none-eabi/bin/../lib/gcc/arm-none-eabi/10.3.1/../../../../arm-none-eabi/lib/thumb/v7-m/nofp\libg.a
LOAD d:/software/embededtools/drivers/gcc-arm-none-eabi/bin/../lib/gcc/arm-none-eabi/10.3.1/../../../../arm-none-eabi/lib/thumb/v7-m/nofp\libc.a
END GROUP
LOAD d:/software/embededtools/drivers/gcc-arm-none-eabi/bin/../lib/gcc/arm-none-eabi/10.3.1/thumb/v7-m/nofp/crtend.o
LOAD d:/software/embededtools/drivers/gcc-arm-none-eabi/bin/../lib/gcc/arm-none-eabi/10.3.1/thumb/v7-m/nofp/crtn.o
                0x20005000                _estack = 0x20005000
                0x00000200                _Min_Heap_Size = 0x200
                0x00000400                _Min_Stack_Size = 0x400

.isr_vector     0x08000000      0x10c
                0x08000000                . = ALIGN (0x4)
 *(.isr_vector)
 .isr_vector    0x08000000      0x10c CMakeFiles/Cyber-VCM.elf.dir/startup/startup_stm32f103xb.s.obj
                0x08000000                g_pfnVectors
                0x0800010c                . = ALIGN (0x4)

.text           0x08000110     0xc220
                0x08000110                . = ALIGN (0x4)
 *(.text)
 .text          0x08000110       0x40 d:/software/embededtools/drivers/gcc-arm-none-eabi/bin/../lib/gcc/arm-none-eabi/10.3.1/thumb/v7-m/nofp/crtbegin.o
 .text          0x08000150       0xec d:/software/embededtools/drivers/gcc-arm-none-eabi/bin/../lib/gcc/arm-none-eabi/10.3.1/../../../../arm-none-eabi/lib/thumb/v7-m/nofp\libg.a(lib_a-memcpy.o)
                0x08000150                memcpy
 .text          0x0800023c      0x378 d:/software/embededtools/drivers/gcc-arm-none-eabi/bin/../lib/gcc/arm-none-eabi/10.3.1/thumb/v7-m/nofp\libgcc.a(_arm_addsubdf3.o)
                0x0800023c                __aeabi_drsub
                0x08000244                __aeabi_dsub
                0x08000244                __subdf3
                0x08000248                __aeabi_dadd
                0x08000248                __adddf3
                0x080004c0                __floatunsidf
                0x080004c0                __aeabi_ui2d
                0x080004e0                __floatsidf
                0x080004e0                __aeabi_i2d
                0x08000504                __aeabi_f2d
                0x08000504                __extendsfdf2
                0x08000548                __floatundidf
                0x08000548                __aeabi_ul2d
                0x08000558                __floatdidf
                0x08000558                __aeabi_l2d
 .text          0x080005b4      0x424 d:/software/embededtools/drivers/gcc-arm-none-eabi/bin/../lib/gcc/arm-none-eabi/10.3.1/thumb/v7-m/nofp\libgcc.a(_arm_muldivdf3.o)
                0x080005b4                __aeabi_dmul
                0x080005b4                __muldf3
                0x08000808                __divdf3
                0x08000808                __aeabi_ddiv
 .text          0x080009d8      0x110 d:/software/embededtools/drivers/gcc-arm-none-eabi/bin/../lib/gcc/arm-none-eabi/10.3.1/thumb/v7-m/nofp\libgcc.a(_arm_cmpdf2.o)
                0x080009d8                __gtdf2
                0x080009d8                __gedf2
                0x080009e0                __ltdf2
                0x080009e0                __ledf2
                0x080009e8                __nedf2
                0x080009e8                __eqdf2
                0x080009e8                __cmpdf2
                0x08000a64                __aeabi_cdrcmple
                0x08000a74                __aeabi_cdcmpeq
                0x08000a74                __aeabi_cdcmple
                0x08000a84                __aeabi_dcmpeq
                0x08000a98                __aeabi_dcmplt
                0x08000aac                __aeabi_dcmple
                0x08000ac0                __aeabi_dcmpge
                0x08000ad4                __aeabi_dcmpgt
 .text          0x08000ae8       0x2c d:/software/embededtools/drivers/gcc-arm-none-eabi/bin/../lib/gcc/arm-none-eabi/10.3.1/thumb/v7-m/nofp\libgcc.a(_arm_unorddf2.o)
                0x08000ae8                __unorddf2
                0x08000ae8                __aeabi_dcmpun
 .text          0x08000b14       0x50 d:/software/embededtools/drivers/gcc-arm-none-eabi/bin/../lib/gcc/arm-none-eabi/10.3.1/thumb/v7-m/nofp\libgcc.a(_arm_fixdfsi.o)
                0x08000b14                __aeabi_d2iz
                0x08000b14                __fixdfsi
 .text          0x08000b64       0x30 d:/software/embededtools/drivers/gcc-arm-none-eabi/bin/../lib/gcc/arm-none-eabi/10.3.1/thumb/v7-m/nofp\libgcc.a(_aeabi_uldivmod.o)
                0x08000b64                __aeabi_uldivmod
 .text          0x08000b94      0x2d4 d:/software/embededtools/drivers/gcc-arm-none-eabi/bin/../lib/gcc/arm-none-eabi/10.3.1/thumb/v7-m/nofp\libgcc.a(_udivmoddi4.o)
                0x08000b94                __udivmoddi4
 .text          0x08000e68        0x4 d:/software/embededtools/drivers/gcc-arm-none-eabi/bin/../lib/gcc/arm-none-eabi/10.3.1/thumb/v7-m/nofp\libgcc.a(_dvmd_tls.o)
                0x08000e68                __aeabi_idiv0
                0x08000e68                __aeabi_ldiv0
 *(.text*)
 .text.VCMEncoderInit
                0x08000e6c       0x28 CMakeFiles/Cyber-VCM.elf.dir/Control/AM26C32.c.obj
                0x08000e6c                VCMEncoderInit
 .text.MX_ADC1_Init
                0x08000e94       0x90 CMakeFiles/Cyber-VCM.elf.dir/Core/Src/adc.c.obj
                0x08000e94                MX_ADC1_Init
 .text.HAL_ADC_MspInit
                0x08000f24       0xac CMakeFiles/Cyber-VCM.elf.dir/Core/Src/adc.c.obj
                0x08000f24                HAL_ADC_MspInit
 .text.MX_DMA_Init
                0x08000fd0       0x34 CMakeFiles/Cyber-VCM.elf.dir/Core/Src/dma.c.obj
                0x08000fd0                MX_DMA_Init
 *fill*         0x08001004        0x4 
 .text.StartDataGetTask
                0x08001008       0x24 CMakeFiles/Cyber-VCM.elf.dir/Core/Src/freertos.c.obj
                0x08001008                StartDataGetTask
 .text.StartControlTask
                0x0800102c       0x18 CMakeFiles/Cyber-VCM.elf.dir/Core/Src/freertos.c.obj
                0x0800102c                StartControlTask
 .text.MX_FREERTOS_Init
                0x08001044       0x38 CMakeFiles/Cyber-VCM.elf.dir/Core/Src/freertos.c.obj
                0x08001044                MX_FREERTOS_Init
 .text.MX_GPIO_Init
                0x0800107c       0xc8 CMakeFiles/Cyber-VCM.elf.dir/Core/Src/gpio.c.obj
                0x0800107c                MX_GPIO_Init
 .text.HAL_TIM_PeriodElapsedCallback
                0x08001144       0x18 CMakeFiles/Cyber-VCM.elf.dir/Core/Src/main.c.obj
                0x08001144                HAL_TIM_PeriodElapsedCallback
 .text.Error_Handler
                0x0800115c        0x4 CMakeFiles/Cyber-VCM.elf.dir/Core/Src/main.c.obj
                0x0800115c                Error_Handler
 .text.SystemClock_Config
                0x08001160       0x84 CMakeFiles/Cyber-VCM.elf.dir/Core/Src/main.c.obj
                0x08001160                SystemClock_Config
 .text.main     0x080011e4       0x8c CMakeFiles/Cyber-VCM.elf.dir/Core/Src/main.c.obj
                0x080011e4                main
 .text.HAL_MspInit
                0x08001270       0x54 CMakeFiles/Cyber-VCM.elf.dir/Core/Src/stm32f1xx_hal_msp.c.obj
                0x08001270                HAL_MspInit
 .text.HAL_InitTick
                0x080012c4       0x7c CMakeFiles/Cyber-VCM.elf.dir/Core/Src/stm32f1xx_hal_timebase_tim.c.obj
                0x080012c4                HAL_InitTick
 .text.NMI_Handler
                0x08001340        0x2 CMakeFiles/Cyber-VCM.elf.dir/Core/Src/stm32f1xx_it.c.obj
                0x08001340                NMI_Handler
 .text.HardFault_Handler
                0x08001342        0x2 CMakeFiles/Cyber-VCM.elf.dir/Core/Src/stm32f1xx_it.c.obj
                0x08001342                HardFault_Handler
 .text.MemManage_Handler
                0x08001344        0x2 CMakeFiles/Cyber-VCM.elf.dir/Core/Src/stm32f1xx_it.c.obj
                0x08001344                MemManage_Handler
 .text.BusFault_Handler
                0x08001346        0x2 CMakeFiles/Cyber-VCM.elf.dir/Core/Src/stm32f1xx_it.c.obj
                0x08001346                BusFault_Handler
 .text.UsageFault_Handler
                0x08001348        0x2 CMakeFiles/Cyber-VCM.elf.dir/Core/Src/stm32f1xx_it.c.obj
                0x08001348                UsageFault_Handler
 .text.DebugMon_Handler
                0x0800134a        0x2 CMakeFiles/Cyber-VCM.elf.dir/Core/Src/stm32f1xx_it.c.obj
                0x0800134a                DebugMon_Handler
 .text.DMA1_Channel1_IRQHandler
                0x0800134c       0x10 CMakeFiles/Cyber-VCM.elf.dir/Core/Src/stm32f1xx_it.c.obj
                0x0800134c                DMA1_Channel1_IRQHandler
 .text.ADC1_2_IRQHandler
                0x0800135c       0x10 CMakeFiles/Cyber-VCM.elf.dir/Core/Src/stm32f1xx_it.c.obj
                0x0800135c                ADC1_2_IRQHandler
 .text.TIM1_UP_IRQHandler
                0x0800136c       0x10 CMakeFiles/Cyber-VCM.elf.dir/Core/Src/stm32f1xx_it.c.obj
                0x0800136c                TIM1_UP_IRQHandler
 .text.USART1_IRQHandler
                0x0800137c       0x10 CMakeFiles/Cyber-VCM.elf.dir/Core/Src/stm32f1xx_it.c.obj
                0x0800137c                USART1_IRQHandler
 .text._getpid  0x0800138c        0x4 CMakeFiles/Cyber-VCM.elf.dir/Core/Src/syscalls.c.obj
                0x0800138c                _getpid
 .text._kill    0x08001390       0x10 CMakeFiles/Cyber-VCM.elf.dir/Core/Src/syscalls.c.obj
                0x08001390                _kill
 .text._exit    0x080013a0        0xc CMakeFiles/Cyber-VCM.elf.dir/Core/Src/syscalls.c.obj
                0x080013a0                _exit
 .text._sbrk    0x080013ac       0x3c CMakeFiles/Cyber-VCM.elf.dir/Core/Src/syscalls.c.obj
                0x080013ac                _sbrk
 .text.SystemInit
                0x080013e8        0x2 CMakeFiles/Cyber-VCM.elf.dir/Core/Src/system_stm32f1xx.c.obj
                0x080013e8                SystemInit
 *fill*         0x080013ea        0x2 
 .text.MX_TIM3_Init
                0x080013ec       0x64 CMakeFiles/Cyber-VCM.elf.dir/Core/Src/tim.c.obj
                0x080013ec                MX_TIM3_Init
 .text.HAL_TIM_Base_MspInit
                0x08001450       0x26 CMakeFiles/Cyber-VCM.elf.dir/Core/Src/tim.c.obj
                0x08001450                HAL_TIM_Base_MspInit
 *fill*         0x08001476        0x2 
 .text.HAL_TIM_Encoder_MspInit
                0x08001478       0x5c CMakeFiles/Cyber-VCM.elf.dir/Core/Src/tim.c.obj
                0x08001478                HAL_TIM_Encoder_MspInit
 .text.HAL_TIM_MspPostInit
                0x080014d4       0x64 CMakeFiles/Cyber-VCM.elf.dir/Core/Src/tim.c.obj
                0x080014d4                HAL_TIM_MspPostInit
 .text.MX_TIM2_Init
                0x08001538       0xa8 CMakeFiles/Cyber-VCM.elf.dir/Core/Src/tim.c.obj
                0x08001538                MX_TIM2_Init
 .text.MX_USART1_UART_Init
                0x080015e0       0x34 CMakeFiles/Cyber-VCM.elf.dir/Core/Src/usart.c.obj
                0x080015e0                MX_USART1_UART_Init
 .text.HAL_UART_MspInit
                0x08001614       0x88 CMakeFiles/Cyber-VCM.elf.dir/Core/Src/usart.c.obj
                0x08001614                HAL_UART_MspInit
 .text.I2C_Start
                0x0800169c       0x3c CMakeFiles/Cyber-VCM.elf.dir/Display/oled.c.obj
                0x0800169c                I2C_Start
 .text.I2C_Stop
                0x080016d8       0x30 CMakeFiles/Cyber-VCM.elf.dir/Display/oled.c.obj
                0x080016d8                I2C_Stop
 .text.I2C_WaitAck
                0x08001708       0x30 CMakeFiles/Cyber-VCM.elf.dir/Display/oled.c.obj
                0x08001708                I2C_WaitAck
 .text.Send_Byte
                0x08001738       0x54 CMakeFiles/Cyber-VCM.elf.dir/Display/oled.c.obj
                0x08001738                Send_Byte
 .text.OLED_WR_Byte
                0x0800178c       0x38 CMakeFiles/Cyber-VCM.elf.dir/Display/oled.c.obj
                0x0800178c                OLED_WR_Byte
 .text.OLED_Refresh
                0x080017c4       0x68 CMakeFiles/Cyber-VCM.elf.dir/Display/oled.c.obj
                0x080017c4                OLED_Refresh
 .text.OLED_Clear
                0x0800182c       0x30 CMakeFiles/Cyber-VCM.elf.dir/Display/oled.c.obj
                0x0800182c                OLED_Clear
 .text.OLED_DrawPoint
                0x0800185c       0x48 CMakeFiles/Cyber-VCM.elf.dir/Display/oled.c.obj
                0x0800185c                OLED_DrawPoint
 .text.OLED_DrawLine
                0x080018a4       0xd6 CMakeFiles/Cyber-VCM.elf.dir/Display/oled.c.obj
                0x080018a4                OLED_DrawLine
 *fill*         0x0800197a        0x2 
 .text.OLED_ShowChar
                0x0800197c      0x10c CMakeFiles/Cyber-VCM.elf.dir/Display/oled.c.obj
                0x0800197c                OLED_ShowChar
 .text.OLED_ShowString
                0x08001a88       0x46 CMakeFiles/Cyber-VCM.elf.dir/Display/oled.c.obj
                0x08001a88                OLED_ShowString
 *fill*         0x08001ace        0x2 
 .text.OLED_ShowChinese
                0x08001ad0       0xe8 CMakeFiles/Cyber-VCM.elf.dir/Display/oled.c.obj
                0x08001ad0                OLED_ShowChinese
 .text.OLED_Init
                0x08001bb8      0x12c CMakeFiles/Cyber-VCM.elf.dir/Display/oled.c.obj
                0x08001bb8                OLED_Init
 .text.OLED_Windows_Style1
                0x08001ce4      0x154 CMakeFiles/Cyber-VCM.elf.dir/Display/oled.c.obj
                0x08001ce4                OLED_Windows_Style1
 .text.RetargetInit
                0x08001e38       0x20 CMakeFiles/Cyber-VCM.elf.dir/Display/retarget.c.obj
                0x08001e38                RetargetInit
 .text._isatty  0x08001e58       0x16 CMakeFiles/Cyber-VCM.elf.dir/Display/retarget.c.obj
                0x08001e58                _isatty
 *fill*         0x08001e6e        0x2 
 .text._write   0x08001e70       0x34 CMakeFiles/Cyber-VCM.elf.dir/Display/retarget.c.obj
                0x08001e70                _write
 .text._close   0x08001ea4       0x18 CMakeFiles/Cyber-VCM.elf.dir/Display/retarget.c.obj
                0x08001ea4                _close
 .text._lseek   0x08001ebc       0x10 CMakeFiles/Cyber-VCM.elf.dir/Display/retarget.c.obj
                0x08001ebc                _lseek
 .text._read    0x08001ecc       0x30 CMakeFiles/Cyber-VCM.elf.dir/Display/retarget.c.obj
                0x08001ecc                _read
 .text._fstat   0x08001efc       0x1a CMakeFiles/Cyber-VCM.elf.dir/Display/retarget.c.obj
                0x08001efc                _fstat
 *fill*         0x08001f16        0x2 
 .text.HAL_Init
                0x08001f18       0x24 CMakeFiles/Cyber-VCM.elf.dir/Drivers/STM32F1xx_HAL_Driver/Src/stm32f1xx_hal.c.obj
                0x08001f18                HAL_Init
 .text.HAL_IncTick
                0x08001f3c       0x18 CMakeFiles/Cyber-VCM.elf.dir/Drivers/STM32F1xx_HAL_Driver/Src/stm32f1xx_hal.c.obj
                0x08001f3c                HAL_IncTick
 .text.HAL_GetTick
                0x08001f54        0xc CMakeFiles/Cyber-VCM.elf.dir/Drivers/STM32F1xx_HAL_Driver/Src/stm32f1xx_hal.c.obj
                0x08001f54                HAL_GetTick
 .text.HAL_Delay
                0x08001f60       0x28 CMakeFiles/Cyber-VCM.elf.dir/Drivers/STM32F1xx_HAL_Driver/Src/stm32f1xx_hal.c.obj
                0x08001f60                HAL_Delay
 .text.HAL_ADC_ConvCpltCallback
                0x08001f88        0x2 CMakeFiles/Cyber-VCM.elf.dir/Drivers/STM32F1xx_HAL_Driver/Src/stm32f1xx_hal_adc.c.obj
                0x08001f88                HAL_ADC_ConvCpltCallback
 .text.ADC_DMAConvCplt
                0x08001f8a       0x52 CMakeFiles/Cyber-VCM.elf.dir/Drivers/STM32F1xx_HAL_Driver/Src/stm32f1xx_hal_adc.c.obj
                0x08001f8a                ADC_DMAConvCplt
 .text.HAL_ADC_ConvHalfCpltCallback
                0x08001fdc        0x2 CMakeFiles/Cyber-VCM.elf.dir/Drivers/STM32F1xx_HAL_Driver/Src/stm32f1xx_hal_adc.c.obj
                0x08001fdc                HAL_ADC_ConvHalfCpltCallback
 .text.ADC_DMAHalfConvCplt
                0x08001fde        0xa CMakeFiles/Cyber-VCM.elf.dir/Drivers/STM32F1xx_HAL_Driver/Src/stm32f1xx_hal_adc.c.obj
                0x08001fde                ADC_DMAHalfConvCplt
 .text.HAL_ADC_LevelOutOfWindowCallback
                0x08001fe8        0x2 CMakeFiles/Cyber-VCM.elf.dir/Drivers/STM32F1xx_HAL_Driver/Src/stm32f1xx_hal_adc.c.obj
                0x08001fe8                HAL_ADC_LevelOutOfWindowCallback
 .text.HAL_ADC_IRQHandler
                0x08001fea      0x10c CMakeFiles/Cyber-VCM.elf.dir/Drivers/STM32F1xx_HAL_Driver/Src/stm32f1xx_hal_adc.c.obj
                0x08001fea                HAL_ADC_IRQHandler
 .text.HAL_ADC_ErrorCallback
                0x080020f6        0x2 CMakeFiles/Cyber-VCM.elf.dir/Drivers/STM32F1xx_HAL_Driver/Src/stm32f1xx_hal_adc.c.obj
                0x080020f6                HAL_ADC_ErrorCallback
 .text.ADC_DMAError
                0x080020f8       0x1a CMakeFiles/Cyber-VCM.elf.dir/Drivers/STM32F1xx_HAL_Driver/Src/stm32f1xx_hal_adc.c.obj
                0x080020f8                ADC_DMAError
 *fill*         0x08002112        0x2 
 .text.HAL_ADC_ConfigChannel
                0x08002114      0x144 CMakeFiles/Cyber-VCM.elf.dir/Drivers/STM32F1xx_HAL_Driver/Src/stm32f1xx_hal_adc.c.obj
                0x08002114                HAL_ADC_ConfigChannel
 .text.ADC_Enable
                0x08002258       0x88 CMakeFiles/Cyber-VCM.elf.dir/Drivers/STM32F1xx_HAL_Driver/Src/stm32f1xx_hal_adc.c.obj
                0x08002258                ADC_Enable
 .text.HAL_ADC_Start_DMA
                0x080022e0      0x130 CMakeFiles/Cyber-VCM.elf.dir/Drivers/STM32F1xx_HAL_Driver/Src/stm32f1xx_hal_adc.c.obj
                0x080022e0                HAL_ADC_Start_DMA
 .text.ADC_ConversionStop_Disable
                0x08002410       0x56 CMakeFiles/Cyber-VCM.elf.dir/Drivers/STM32F1xx_HAL_Driver/Src/stm32f1xx_hal_adc.c.obj
                0x08002410                ADC_ConversionStop_Disable
 *fill*         0x08002466        0x2 
 .text.HAL_ADC_Init
                0x08002468      0x108 CMakeFiles/Cyber-VCM.elf.dir/Drivers/STM32F1xx_HAL_Driver/Src/stm32f1xx_hal_adc.c.obj
                0x08002468                HAL_ADC_Init
 .text.HAL_ADCEx_InjectedConvCpltCallback
                0x08002570        0x2 CMakeFiles/Cyber-VCM.elf.dir/Drivers/STM32F1xx_HAL_Driver/Src/stm32f1xx_hal_adc_ex.c.obj
                0x08002570                HAL_ADCEx_InjectedConvCpltCallback
 *fill*         0x08002572        0x2 
 .text.HAL_NVIC_SetPriorityGrouping
                0x08002574       0x24 CMakeFiles/Cyber-VCM.elf.dir/Drivers/STM32F1xx_HAL_Driver/Src/stm32f1xx_hal_cortex.c.obj
                0x08002574                HAL_NVIC_SetPriorityGrouping
 .text.HAL_NVIC_SetPriority
                0x08002598       0x70 CMakeFiles/Cyber-VCM.elf.dir/Drivers/STM32F1xx_HAL_Driver/Src/stm32f1xx_hal_cortex.c.obj
                0x08002598                HAL_NVIC_SetPriority
 .text.HAL_NVIC_EnableIRQ
                0x08002608       0x1c CMakeFiles/Cyber-VCM.elf.dir/Drivers/STM32F1xx_HAL_Driver/Src/stm32f1xx_hal_cortex.c.obj
                0x08002608                HAL_NVIC_EnableIRQ
 .text.DMA_SetConfig
                0x08002624       0x2c CMakeFiles/Cyber-VCM.elf.dir/Drivers/STM32F1xx_HAL_Driver/Src/stm32f1xx_hal_dma.c.obj
 .text.HAL_DMA_Init
                0x08002650       0x6c CMakeFiles/Cyber-VCM.elf.dir/Drivers/STM32F1xx_HAL_Driver/Src/stm32f1xx_hal_dma.c.obj
                0x08002650                HAL_DMA_Init
 .text.HAL_DMA_Start_IT
                0x080026bc       0x74 CMakeFiles/Cyber-VCM.elf.dir/Drivers/STM32F1xx_HAL_Driver/Src/stm32f1xx_hal_dma.c.obj
                0x080026bc                HAL_DMA_Start_IT
 .text.HAL_DMA_Abort
                0x08002730       0x44 CMakeFiles/Cyber-VCM.elf.dir/Drivers/STM32F1xx_HAL_Driver/Src/stm32f1xx_hal_dma.c.obj
                0x08002730                HAL_DMA_Abort
 .text.HAL_DMA_Abort_IT
                0x08002774       0x98 CMakeFiles/Cyber-VCM.elf.dir/Drivers/STM32F1xx_HAL_Driver/Src/stm32f1xx_hal_dma.c.obj
                0x08002774                HAL_DMA_Abort_IT
 .text.HAL_DMA_IRQHandler
                0x0800280c      0x144 CMakeFiles/Cyber-VCM.elf.dir/Drivers/STM32F1xx_HAL_Driver/Src/stm32f1xx_hal_dma.c.obj
                0x0800280c                HAL_DMA_IRQHandler
 .text.HAL_GPIO_Init
                0x08002950      0x224 CMakeFiles/Cyber-VCM.elf.dir/Drivers/STM32F1xx_HAL_Driver/Src/stm32f1xx_hal_gpio.c.obj
                0x08002950                HAL_GPIO_Init
 .text.HAL_GPIO_WritePin
                0x08002b74        0xc CMakeFiles/Cyber-VCM.elf.dir/Drivers/STM32F1xx_HAL_Driver/Src/stm32f1xx_hal_gpio.c.obj
                0x08002b74                HAL_GPIO_WritePin
 .text.HAL_GPIO_TogglePin
                0x08002b80       0x12 CMakeFiles/Cyber-VCM.elf.dir/Drivers/STM32F1xx_HAL_Driver/Src/stm32f1xx_hal_gpio.c.obj
                0x08002b80                HAL_GPIO_TogglePin
 *fill*         0x08002b92        0x2 
 .text.RCC_Delay
                0x08002b94       0x2c CMakeFiles/Cyber-VCM.elf.dir/Drivers/STM32F1xx_HAL_Driver/Src/stm32f1xx_hal_rcc.c.obj
 .text.HAL_RCC_OscConfig
                0x08002bc0      0x410 CMakeFiles/Cyber-VCM.elf.dir/Drivers/STM32F1xx_HAL_Driver/Src/stm32f1xx_hal_rcc.c.obj
                0x08002bc0                HAL_RCC_OscConfig
 .text.HAL_RCC_GetSysClockFreq
                0x08002fd0       0x70 CMakeFiles/Cyber-VCM.elf.dir/Drivers/STM32F1xx_HAL_Driver/Src/stm32f1xx_hal_rcc.c.obj
                0x08002fd0                HAL_RCC_GetSysClockFreq
 .text.HAL_RCC_ClockConfig
                0x08003040      0x16c CMakeFiles/Cyber-VCM.elf.dir/Drivers/STM32F1xx_HAL_Driver/Src/stm32f1xx_hal_rcc.c.obj
                0x08003040                HAL_RCC_ClockConfig
 .text.HAL_RCC_GetHCLKFreq
                0x080031ac        0xc CMakeFiles/Cyber-VCM.elf.dir/Drivers/STM32F1xx_HAL_Driver/Src/stm32f1xx_hal_rcc.c.obj
                0x080031ac                HAL_RCC_GetHCLKFreq
 .text.HAL_RCC_GetPCLK1Freq
                0x080031b8       0x20 CMakeFiles/Cyber-VCM.elf.dir/Drivers/STM32F1xx_HAL_Driver/Src/stm32f1xx_hal_rcc.c.obj
                0x080031b8                HAL_RCC_GetPCLK1Freq
 .text.HAL_RCC_GetPCLK2Freq
                0x080031d8       0x20 CMakeFiles/Cyber-VCM.elf.dir/Drivers/STM32F1xx_HAL_Driver/Src/stm32f1xx_hal_rcc.c.obj
                0x080031d8                HAL_RCC_GetPCLK2Freq
 .text.HAL_RCC_GetClockConfig
                0x080031f8       0x3c CMakeFiles/Cyber-VCM.elf.dir/Drivers/STM32F1xx_HAL_Driver/Src/stm32f1xx_hal_rcc.c.obj
                0x080031f8                HAL_RCC_GetClockConfig
 .text.HAL_RCCEx_PeriphCLKConfig
                0x08003234      0x118 CMakeFiles/Cyber-VCM.elf.dir/Drivers/STM32F1xx_HAL_Driver/Src/stm32f1xx_hal_rcc_ex.c.obj
                0x08003234                HAL_RCCEx_PeriphCLKConfig
 .text.TIM_OC1_SetConfig
                0x0800334c       0x5c CMakeFiles/Cyber-VCM.elf.dir/Drivers/STM32F1xx_HAL_Driver/Src/stm32f1xx_hal_tim.c.obj
 .text.TIM_OC3_SetConfig
                0x080033a8       0x64 CMakeFiles/Cyber-VCM.elf.dir/Drivers/STM32F1xx_HAL_Driver/Src/stm32f1xx_hal_tim.c.obj
 .text.TIM_OC4_SetConfig
                0x0800340c       0x48 CMakeFiles/Cyber-VCM.elf.dir/Drivers/STM32F1xx_HAL_Driver/Src/stm32f1xx_hal_tim.c.obj
 .text.TIM_TI1_ConfigInputStage
                0x08003454       0x24 CMakeFiles/Cyber-VCM.elf.dir/Drivers/STM32F1xx_HAL_Driver/Src/stm32f1xx_hal_tim.c.obj
 .text.TIM_TI2_ConfigInputStage
                0x08003478       0x26 CMakeFiles/Cyber-VCM.elf.dir/Drivers/STM32F1xx_HAL_Driver/Src/stm32f1xx_hal_tim.c.obj
 .text.TIM_ITRx_SetConfig
                0x0800349e       0x10 CMakeFiles/Cyber-VCM.elf.dir/Drivers/STM32F1xx_HAL_Driver/Src/stm32f1xx_hal_tim.c.obj
 *fill*         0x080034ae        0x2 
 .text.HAL_TIM_Base_Start_IT
                0x080034b0       0x68 CMakeFiles/Cyber-VCM.elf.dir/Drivers/STM32F1xx_HAL_Driver/Src/stm32f1xx_hal_tim.c.obj
                0x080034b0                HAL_TIM_Base_Start_IT
 .text.HAL_TIM_PWM_MspInit
                0x08003518        0x2 CMakeFiles/Cyber-VCM.elf.dir/Drivers/STM32F1xx_HAL_Driver/Src/stm32f1xx_hal_tim.c.obj
                0x08003518                HAL_TIM_PWM_MspInit
 .text.HAL_TIM_OC_DelayElapsedCallback
                0x0800351a        0x2 CMakeFiles/Cyber-VCM.elf.dir/Drivers/STM32F1xx_HAL_Driver/Src/stm32f1xx_hal_tim.c.obj
                0x0800351a                HAL_TIM_OC_DelayElapsedCallback
 .text.HAL_TIM_IC_CaptureCallback
                0x0800351c        0x2 CMakeFiles/Cyber-VCM.elf.dir/Drivers/STM32F1xx_HAL_Driver/Src/stm32f1xx_hal_tim.c.obj
                0x0800351c                HAL_TIM_IC_CaptureCallback
 .text.HAL_TIM_PWM_PulseFinishedCallback
                0x0800351e        0x2 CMakeFiles/Cyber-VCM.elf.dir/Drivers/STM32F1xx_HAL_Driver/Src/stm32f1xx_hal_tim.c.obj
                0x0800351e                HAL_TIM_PWM_PulseFinishedCallback
 .text.HAL_TIM_TriggerCallback
                0x08003520        0x2 CMakeFiles/Cyber-VCM.elf.dir/Drivers/STM32F1xx_HAL_Driver/Src/stm32f1xx_hal_tim.c.obj
                0x08003520                HAL_TIM_TriggerCallback
 .text.HAL_TIM_IRQHandler
                0x08003522      0x17a CMakeFiles/Cyber-VCM.elf.dir/Drivers/STM32F1xx_HAL_Driver/Src/stm32f1xx_hal_tim.c.obj
                0x08003522                HAL_TIM_IRQHandler
 .text.TIM_Base_SetConfig
                0x0800369c       0x74 CMakeFiles/Cyber-VCM.elf.dir/Drivers/STM32F1xx_HAL_Driver/Src/stm32f1xx_hal_tim.c.obj
                0x0800369c                TIM_Base_SetConfig
 .text.HAL_TIM_Base_Init
                0x08003710       0x58 CMakeFiles/Cyber-VCM.elf.dir/Drivers/STM32F1xx_HAL_Driver/Src/stm32f1xx_hal_tim.c.obj
                0x08003710                HAL_TIM_Base_Init
 .text.HAL_TIM_PWM_Init
                0x08003768       0x58 CMakeFiles/Cyber-VCM.elf.dir/Drivers/STM32F1xx_HAL_Driver/Src/stm32f1xx_hal_tim.c.obj
                0x08003768                HAL_TIM_PWM_Init
 .text.HAL_TIM_Encoder_Init
                0x080037c0       0xb8 CMakeFiles/Cyber-VCM.elf.dir/Drivers/STM32F1xx_HAL_Driver/Src/stm32f1xx_hal_tim.c.obj
                0x080037c0                HAL_TIM_Encoder_Init
 .text.TIM_OC2_SetConfig
                0x08003878       0x64 CMakeFiles/Cyber-VCM.elf.dir/Drivers/STM32F1xx_HAL_Driver/Src/stm32f1xx_hal_tim.c.obj
                0x08003878                TIM_OC2_SetConfig
 .text.HAL_TIM_PWM_ConfigChannel
                0x080038dc       0xd0 CMakeFiles/Cyber-VCM.elf.dir/Drivers/STM32F1xx_HAL_Driver/Src/stm32f1xx_hal_tim.c.obj
                0x080038dc                HAL_TIM_PWM_ConfigChannel
 .text.TIM_ETR_SetConfig
                0x080039ac       0x18 CMakeFiles/Cyber-VCM.elf.dir/Drivers/STM32F1xx_HAL_Driver/Src/stm32f1xx_hal_tim.c.obj
                0x080039ac                TIM_ETR_SetConfig
 .text.HAL_TIM_ConfigClockSource
                0x080039c4       0xda CMakeFiles/Cyber-VCM.elf.dir/Drivers/STM32F1xx_HAL_Driver/Src/stm32f1xx_hal_tim.c.obj
                0x080039c4                HAL_TIM_ConfigClockSource
 .text.TIM_CCxChannelCmd
                0x08003a9e       0x1e CMakeFiles/Cyber-VCM.elf.dir/Drivers/STM32F1xx_HAL_Driver/Src/stm32f1xx_hal_tim.c.obj
                0x08003a9e                TIM_CCxChannelCmd
 .text.HAL_TIM_PWM_Start
                0x08003abc       0xdc CMakeFiles/Cyber-VCM.elf.dir/Drivers/STM32F1xx_HAL_Driver/Src/stm32f1xx_hal_tim.c.obj
                0x08003abc                HAL_TIM_PWM_Start
 .text.HAL_TIM_Encoder_Start
                0x08003b98       0xcc CMakeFiles/Cyber-VCM.elf.dir/Drivers/STM32F1xx_HAL_Driver/Src/stm32f1xx_hal_tim.c.obj
                0x08003b98                HAL_TIM_Encoder_Start
 .text.HAL_TIMEx_MasterConfigSynchronization
                0x08003c64       0x6c CMakeFiles/Cyber-VCM.elf.dir/Drivers/STM32F1xx_HAL_Driver/Src/stm32f1xx_hal_tim_ex.c.obj
                0x08003c64                HAL_TIMEx_MasterConfigSynchronization
 .text.HAL_TIMEx_CommutCallback
                0x08003cd0        0x2 CMakeFiles/Cyber-VCM.elf.dir/Drivers/STM32F1xx_HAL_Driver/Src/stm32f1xx_hal_tim_ex.c.obj
                0x08003cd0                HAL_TIMEx_CommutCallback
 .text.HAL_TIMEx_BreakCallback
                0x08003cd2        0x2 CMakeFiles/Cyber-VCM.elf.dir/Drivers/STM32F1xx_HAL_Driver/Src/stm32f1xx_hal_tim_ex.c.obj
                0x08003cd2                HAL_TIMEx_BreakCallback
 .text.UART_EndRxTransfer
                0x08003cd4       0x32 CMakeFiles/Cyber-VCM.elf.dir/Drivers/STM32F1xx_HAL_Driver/Src/stm32f1xx_hal_uart.c.obj
 .text.UART_Transmit_IT
                0x08003d06       0x60 CMakeFiles/Cyber-VCM.elf.dir/Drivers/STM32F1xx_HAL_Driver/Src/stm32f1xx_hal_uart.c.obj
 *fill*         0x08003d66        0x2 
 .text.UART_SetConfig
                0x08003d68       0x94 CMakeFiles/Cyber-VCM.elf.dir/Drivers/STM32F1xx_HAL_Driver/Src/stm32f1xx_hal_uart.c.obj
 .text.UART_WaitOnFlagUntilTimeout
                0x08003dfc       0x6c CMakeFiles/Cyber-VCM.elf.dir/Drivers/STM32F1xx_HAL_Driver/Src/stm32f1xx_hal_uart.c.obj
 .text.HAL_UART_Init
                0x08003e68       0x5e CMakeFiles/Cyber-VCM.elf.dir/Drivers/STM32F1xx_HAL_Driver/Src/stm32f1xx_hal_uart.c.obj
                0x08003e68                HAL_UART_Init
 .text.HAL_UART_Transmit
                0x08003ec6       0xd8 CMakeFiles/Cyber-VCM.elf.dir/Drivers/STM32F1xx_HAL_Driver/Src/stm32f1xx_hal_uart.c.obj
                0x08003ec6                HAL_UART_Transmit
 .text.HAL_UART_Receive
                0x08003f9e       0xe4 CMakeFiles/Cyber-VCM.elf.dir/Drivers/STM32F1xx_HAL_Driver/Src/stm32f1xx_hal_uart.c.obj
                0x08003f9e                HAL_UART_Receive
 .text.HAL_UART_TxCpltCallback
                0x08004082        0x2 CMakeFiles/Cyber-VCM.elf.dir/Drivers/STM32F1xx_HAL_Driver/Src/stm32f1xx_hal_uart.c.obj
                0x08004082                HAL_UART_TxCpltCallback
 .text.UART_EndTransmit_IT
                0x08004084       0x1a CMakeFiles/Cyber-VCM.elf.dir/Drivers/STM32F1xx_HAL_Driver/Src/stm32f1xx_hal_uart.c.obj
 .text.HAL_UART_RxCpltCallback
                0x0800409e        0x2 CMakeFiles/Cyber-VCM.elf.dir/Drivers/STM32F1xx_HAL_Driver/Src/stm32f1xx_hal_uart.c.obj
                0x0800409e                HAL_UART_RxCpltCallback
 .text.HAL_UART_ErrorCallback
                0x080040a0        0x2 CMakeFiles/Cyber-VCM.elf.dir/Drivers/STM32F1xx_HAL_Driver/Src/stm32f1xx_hal_uart.c.obj
                0x080040a0                HAL_UART_ErrorCallback
 .text.UART_DMAAbortOnError
                0x080040a2       0x10 CMakeFiles/Cyber-VCM.elf.dir/Drivers/STM32F1xx_HAL_Driver/Src/stm32f1xx_hal_uart.c.obj
 .text.HAL_UARTEx_RxEventCallback
                0x080040b2        0x2 CMakeFiles/Cyber-VCM.elf.dir/Drivers/STM32F1xx_HAL_Driver/Src/stm32f1xx_hal_uart.c.obj
                0x080040b2                HAL_UARTEx_RxEventCallback
 .text.UART_Receive_IT
                0x080040b4       0xd4 CMakeFiles/Cyber-VCM.elf.dir/Drivers/STM32F1xx_HAL_Driver/Src/stm32f1xx_hal_uart.c.obj
 .text.HAL_UART_IRQHandler
                0x08004188      0x204 CMakeFiles/Cyber-VCM.elf.dir/Drivers/STM32F1xx_HAL_Driver/Src/stm32f1xx_hal_uart.c.obj
                0x08004188                HAL_UART_IRQHandler
 .text.osKernelInitialize
                0x0800438c       0x44 CMakeFiles/Cyber-VCM.elf.dir/Middlewares/Third_Party/FreeRTOS/Source/CMSIS_RTOS_V2/cmsis_os2.c.obj
                0x0800438c                osKernelInitialize
 .text.osKernelStart
                0x080043d0       0x4c CMakeFiles/Cyber-VCM.elf.dir/Middlewares/Third_Party/FreeRTOS/Source/CMSIS_RTOS_V2/cmsis_os2.c.obj
                0x080043d0                osKernelStart
 .text.osThreadNew
                0x0800441c       0xec CMakeFiles/Cyber-VCM.elf.dir/Middlewares/Third_Party/FreeRTOS/Source/CMSIS_RTOS_V2/cmsis_os2.c.obj
                0x0800441c                osThreadNew
 .text.osDelay  0x08004508       0x44 CMakeFiles/Cyber-VCM.elf.dir/Middlewares/Third_Party/FreeRTOS/Source/CMSIS_RTOS_V2/cmsis_os2.c.obj
                0x08004508                osDelay
 .text.vApplicationGetIdleTaskMemory
                0x0800454c       0x18 CMakeFiles/Cyber-VCM.elf.dir/Middlewares/Third_Party/FreeRTOS/Source/CMSIS_RTOS_V2/cmsis_os2.c.obj
                0x0800454c                vApplicationGetIdleTaskMemory
 .text.vApplicationGetTimerTaskMemory
                0x08004564       0x18 CMakeFiles/Cyber-VCM.elf.dir/Middlewares/Third_Party/FreeRTOS/Source/CMSIS_RTOS_V2/cmsis_os2.c.obj
                0x08004564                vApplicationGetTimerTaskMemory
 .text.vListInitialise
                0x0800457c       0x16 CMakeFiles/Cyber-VCM.elf.dir/Middlewares/Third_Party/FreeRTOS/Source/list.c.obj
                0x0800457c                vListInitialise
 .text.vListInitialiseItem
                0x08004592        0x6 CMakeFiles/Cyber-VCM.elf.dir/Middlewares/Third_Party/FreeRTOS/Source/list.c.obj
                0x08004592                vListInitialiseItem
 .text.vListInsertEnd
                0x08004598       0x16 CMakeFiles/Cyber-VCM.elf.dir/Middlewares/Third_Party/FreeRTOS/Source/list.c.obj
                0x08004598                vListInsertEnd
 .text.vListInsert
                0x080045ae       0x32 CMakeFiles/Cyber-VCM.elf.dir/Middlewares/Third_Party/FreeRTOS/Source/list.c.obj
                0x080045ae                vListInsert
 .text.uxListRemove
                0x080045e0       0x26 CMakeFiles/Cyber-VCM.elf.dir/Middlewares/Third_Party/FreeRTOS/Source/list.c.obj
                0x080045e0                uxListRemove
 *fill*         0x08004606        0x2 
 .text.prvTaskExitError
                0x08004608       0x40 CMakeFiles/Cyber-VCM.elf.dir/Middlewares/Third_Party/FreeRTOS/Source/portable/GCC/ARM_CM3/port.c.obj
 .text.prvPortStartFirstTask
                0x08004648       0x20 CMakeFiles/Cyber-VCM.elf.dir/Middlewares/Third_Party/FreeRTOS/Source/portable/GCC/ARM_CM3/port.c.obj
 .text.pxPortInitialiseStack
                0x08004668       0x24 CMakeFiles/Cyber-VCM.elf.dir/Middlewares/Third_Party/FreeRTOS/Source/portable/GCC/ARM_CM3/port.c.obj
                0x08004668                pxPortInitialiseStack
 *fill*         0x0800468c        0x4 
 .text.SVC_Handler
                0x08004690       0x24 CMakeFiles/Cyber-VCM.elf.dir/Middlewares/Third_Party/FreeRTOS/Source/portable/GCC/ARM_CM3/port.c.obj
                0x08004690                SVC_Handler
 .text.vPortEnterCritical
                0x080046b4       0x44 CMakeFiles/Cyber-VCM.elf.dir/Middlewares/Third_Party/FreeRTOS/Source/portable/GCC/ARM_CM3/port.c.obj
                0x080046b4                vPortEnterCritical
 .text.vPortExitCritical
                0x080046f8       0x2c CMakeFiles/Cyber-VCM.elf.dir/Middlewares/Third_Party/FreeRTOS/Source/portable/GCC/ARM_CM3/port.c.obj
                0x080046f8                vPortExitCritical
 *fill*         0x08004724        0xc 
 .text.PendSV_Handler
                0x08004730       0x44 CMakeFiles/Cyber-VCM.elf.dir/Middlewares/Third_Party/FreeRTOS/Source/portable/GCC/ARM_CM3/port.c.obj
                0x08004730                PendSV_Handler
 .text.SysTick_Handler
                0x08004774       0x2c CMakeFiles/Cyber-VCM.elf.dir/Middlewares/Third_Party/FreeRTOS/Source/portable/GCC/ARM_CM3/port.c.obj
                0x08004774                SysTick_Handler
 .text.vPortSetupTimerInterrupt
                0x080047a0       0x28 CMakeFiles/Cyber-VCM.elf.dir/Middlewares/Third_Party/FreeRTOS/Source/portable/GCC/ARM_CM3/port.c.obj
                0x080047a0                vPortSetupTimerInterrupt
 .text.xPortStartScheduler
                0x080047c8       0xc0 CMakeFiles/Cyber-VCM.elf.dir/Middlewares/Third_Party/FreeRTOS/Source/portable/GCC/ARM_CM3/port.c.obj
                0x080047c8                xPortStartScheduler
 .text.vPortValidateInterruptPriority
                0x08004888       0x5c CMakeFiles/Cyber-VCM.elf.dir/Middlewares/Third_Party/FreeRTOS/Source/portable/GCC/ARM_CM3/port.c.obj
                0x08004888                vPortValidateInterruptPriority
 .text.prvHeapInit
                0x080048e4       0x64 CMakeFiles/Cyber-VCM.elf.dir/Middlewares/Third_Party/FreeRTOS/Source/portable/MemMang/heap_4.c.obj
 .text.prvInsertBlockIntoFreeList
                0x08004948       0x60 CMakeFiles/Cyber-VCM.elf.dir/Middlewares/Third_Party/FreeRTOS/Source/portable/MemMang/heap_4.c.obj
 .text.pvPortMalloc
                0x080049a8       0xf0 CMakeFiles/Cyber-VCM.elf.dir/Middlewares/Third_Party/FreeRTOS/Source/portable/MemMang/heap_4.c.obj
                0x080049a8                pvPortMalloc
 .text.vPortFree
                0x08004a98       0x70 CMakeFiles/Cyber-VCM.elf.dir/Middlewares/Third_Party/FreeRTOS/Source/portable/MemMang/heap_4.c.obj
                0x08004a98                vPortFree
 .text.prvIsQueueFull
                0x08004b08       0x1e CMakeFiles/Cyber-VCM.elf.dir/Middlewares/Third_Party/FreeRTOS/Source/queue.c.obj
 .text.prvIsQueueEmpty
                0x08004b26       0x1a CMakeFiles/Cyber-VCM.elf.dir/Middlewares/Third_Party/FreeRTOS/Source/queue.c.obj
 .text.prvCopyDataToQueue
                0x08004b40       0x76 CMakeFiles/Cyber-VCM.elf.dir/Middlewares/Third_Party/FreeRTOS/Source/queue.c.obj
 .text.prvCopyDataFromQueue
                0x08004bb6       0x24 CMakeFiles/Cyber-VCM.elf.dir/Middlewares/Third_Party/FreeRTOS/Source/queue.c.obj
 .text.prvUnlockQueue
                0x08004bda       0x6e CMakeFiles/Cyber-VCM.elf.dir/Middlewares/Third_Party/FreeRTOS/Source/queue.c.obj
 .text.xQueueGenericReset
                0x08004c48       0x84 CMakeFiles/Cyber-VCM.elf.dir/Middlewares/Third_Party/FreeRTOS/Source/queue.c.obj
                0x08004c48                xQueueGenericReset
 .text.prvInitialiseNewQueue
                0x08004ccc       0x22 CMakeFiles/Cyber-VCM.elf.dir/Middlewares/Third_Party/FreeRTOS/Source/queue.c.obj
 .text.xQueueGenericCreateStatic
                0x08004cee       0x92 CMakeFiles/Cyber-VCM.elf.dir/Middlewares/Third_Party/FreeRTOS/Source/queue.c.obj
                0x08004cee                xQueueGenericCreateStatic
 .text.xQueueGenericSend
                0x08004d80      0x188 CMakeFiles/Cyber-VCM.elf.dir/Middlewares/Third_Party/FreeRTOS/Source/queue.c.obj
                0x08004d80                xQueueGenericSend
 .text.xQueueGenericSendFromISR
                0x08004f08       0xcc CMakeFiles/Cyber-VCM.elf.dir/Middlewares/Third_Party/FreeRTOS/Source/queue.c.obj
                0x08004f08                xQueueGenericSendFromISR
 .text.xQueueReceive
                0x08004fd4      0x15e CMakeFiles/Cyber-VCM.elf.dir/Middlewares/Third_Party/FreeRTOS/Source/queue.c.obj
                0x08004fd4                xQueueReceive
 *fill*         0x08005132        0x2 
 .text.vQueueAddToRegistry
                0x08005134       0x28 CMakeFiles/Cyber-VCM.elf.dir/Middlewares/Third_Party/FreeRTOS/Source/queue.c.obj
                0x08005134                vQueueAddToRegistry
 .text.vQueueWaitForMessageRestricted
                0x0800515c       0x52 CMakeFiles/Cyber-VCM.elf.dir/Middlewares/Third_Party/FreeRTOS/Source/queue.c.obj
                0x0800515c                vQueueWaitForMessageRestricted
 *fill*         0x080051ae        0x2 
 .text.prvResetNextTaskUnblockTime
                0x080051b0       0x2c CMakeFiles/Cyber-VCM.elf.dir/Middlewares/Third_Party/FreeRTOS/Source/tasks.c.obj
 .text.prvInitialiseNewTask
                0x080051dc       0x9c CMakeFiles/Cyber-VCM.elf.dir/Middlewares/Third_Party/FreeRTOS/Source/tasks.c.obj
 .text.prvInitialiseTaskLists
                0x08005278       0x68 CMakeFiles/Cyber-VCM.elf.dir/Middlewares/Third_Party/FreeRTOS/Source/tasks.c.obj
 .text.prvAddNewTaskToReadyList
                0x080052e0       0xac CMakeFiles/Cyber-VCM.elf.dir/Middlewares/Third_Party/FreeRTOS/Source/tasks.c.obj
 .text.prvDeleteTCB
                0x0800538c       0x38 CMakeFiles/Cyber-VCM.elf.dir/Middlewares/Third_Party/FreeRTOS/Source/tasks.c.obj
 .text.prvCheckTasksWaitingTermination
                0x080053c4       0x4c CMakeFiles/Cyber-VCM.elf.dir/Middlewares/Third_Party/FreeRTOS/Source/tasks.c.obj
 .text.prvIdleTask
                0x08005410       0x28 CMakeFiles/Cyber-VCM.elf.dir/Middlewares/Third_Party/FreeRTOS/Source/tasks.c.obj
 .text.prvAddCurrentTaskToDelayedList
                0x08005438       0x7c CMakeFiles/Cyber-VCM.elf.dir/Middlewares/Third_Party/FreeRTOS/Source/tasks.c.obj
 .text.xTaskCreateStatic
                0x080054b4       0x74 CMakeFiles/Cyber-VCM.elf.dir/Middlewares/Third_Party/FreeRTOS/Source/tasks.c.obj
                0x080054b4                xTaskCreateStatic
 .text.xTaskCreate
                0x08005528       0x68 CMakeFiles/Cyber-VCM.elf.dir/Middlewares/Third_Party/FreeRTOS/Source/tasks.c.obj
                0x08005528                xTaskCreate
 .text.vTaskStartScheduler
                0x08005590       0x9c CMakeFiles/Cyber-VCM.elf.dir/Middlewares/Third_Party/FreeRTOS/Source/tasks.c.obj
                0x08005590                vTaskStartScheduler
 .text.vTaskSuspendAll
                0x0800562c       0x10 CMakeFiles/Cyber-VCM.elf.dir/Middlewares/Third_Party/FreeRTOS/Source/tasks.c.obj
                0x0800562c                vTaskSuspendAll
 .text.xTaskGetTickCount
                0x0800563c        0xc CMakeFiles/Cyber-VCM.elf.dir/Middlewares/Third_Party/FreeRTOS/Source/tasks.c.obj
                0x0800563c                xTaskGetTickCount
 .text.xTaskIncrementTick
                0x08005648      0x118 CMakeFiles/Cyber-VCM.elf.dir/Middlewares/Third_Party/FreeRTOS/Source/tasks.c.obj
                0x08005648                xTaskIncrementTick
 .text.xTaskResumeAll
                0x08005760       0xf8 CMakeFiles/Cyber-VCM.elf.dir/Middlewares/Third_Party/FreeRTOS/Source/tasks.c.obj
                0x08005760                xTaskResumeAll
 .text.vTaskDelay
                0x08005858       0x4c CMakeFiles/Cyber-VCM.elf.dir/Middlewares/Third_Party/FreeRTOS/Source/tasks.c.obj
                0x08005858                vTaskDelay
 .text.vTaskSwitchContext
                0x080058a4       0x94 CMakeFiles/Cyber-VCM.elf.dir/Middlewares/Third_Party/FreeRTOS/Source/tasks.c.obj
                0x080058a4                vTaskSwitchContext
 .text.vTaskPlaceOnEventList
                0x08005938       0x30 CMakeFiles/Cyber-VCM.elf.dir/Middlewares/Third_Party/FreeRTOS/Source/tasks.c.obj
                0x08005938                vTaskPlaceOnEventList
 .text.vTaskPlaceOnEventListRestricted
                0x08005968       0x38 CMakeFiles/Cyber-VCM.elf.dir/Middlewares/Third_Party/FreeRTOS/Source/tasks.c.obj
                0x08005968                vTaskPlaceOnEventListRestricted
 .text.xTaskRemoveFromEventList
                0x080059a0       0x8c CMakeFiles/Cyber-VCM.elf.dir/Middlewares/Third_Party/FreeRTOS/Source/tasks.c.obj
                0x080059a0                xTaskRemoveFromEventList
 .text.vTaskInternalSetTimeOutState
                0x08005a2c       0x18 CMakeFiles/Cyber-VCM.elf.dir/Middlewares/Third_Party/FreeRTOS/Source/tasks.c.obj
                0x08005a2c                vTaskInternalSetTimeOutState
 .text.xTaskCheckForTimeOut
                0x08005a44       0x84 CMakeFiles/Cyber-VCM.elf.dir/Middlewares/Third_Party/FreeRTOS/Source/tasks.c.obj
                0x08005a44                xTaskCheckForTimeOut
 .text.vTaskMissedYield
                0x08005ac8        0xc CMakeFiles/Cyber-VCM.elf.dir/Middlewares/Third_Party/FreeRTOS/Source/tasks.c.obj
                0x08005ac8                vTaskMissedYield
 .text.xTaskGetSchedulerState
                0x08005ad4       0x20 CMakeFiles/Cyber-VCM.elf.dir/Middlewares/Third_Party/FreeRTOS/Source/tasks.c.obj
                0x08005ad4                xTaskGetSchedulerState
 .text.xTaskPriorityDisinherit
                0x08005af4       0x90 CMakeFiles/Cyber-VCM.elf.dir/Middlewares/Third_Party/FreeRTOS/Source/tasks.c.obj
                0x08005af4                xTaskPriorityDisinherit
 .text.prvGetNextExpireTime
                0x08005b84       0x20 CMakeFiles/Cyber-VCM.elf.dir/Middlewares/Third_Party/FreeRTOS/Source/timers.c.obj
 .text.prvInsertTimerInActiveList
                0x08005ba4       0x48 CMakeFiles/Cyber-VCM.elf.dir/Middlewares/Third_Party/FreeRTOS/Source/timers.c.obj
 .text.prvCheckForValidListAndQueue
                0x08005bec       0x70 CMakeFiles/Cyber-VCM.elf.dir/Middlewares/Third_Party/FreeRTOS/Source/timers.c.obj
 .text.xTimerCreateTimerTask
                0x08005c5c       0x64 CMakeFiles/Cyber-VCM.elf.dir/Middlewares/Third_Party/FreeRTOS/Source/timers.c.obj
                0x08005c5c                xTimerCreateTimerTask
 .text.xTimerGenericCommand
                0x08005cc0       0x6c CMakeFiles/Cyber-VCM.elf.dir/Middlewares/Third_Party/FreeRTOS/Source/timers.c.obj
                0x08005cc0                xTimerGenericCommand
 .text.prvSwitchTimerLists
                0x08005d2c       0x78 CMakeFiles/Cyber-VCM.elf.dir/Middlewares/Third_Party/FreeRTOS/Source/timers.c.obj
 .text.prvSampleTimeNow
                0x08005da4       0x2c CMakeFiles/Cyber-VCM.elf.dir/Middlewares/Third_Party/FreeRTOS/Source/timers.c.obj
 .text.prvProcessExpiredTimer
                0x08005dd0       0x60 CMakeFiles/Cyber-VCM.elf.dir/Middlewares/Third_Party/FreeRTOS/Source/timers.c.obj
 .text.prvProcessTimerOrBlockTask
                0x08005e30       0x74 CMakeFiles/Cyber-VCM.elf.dir/Middlewares/Third_Party/FreeRTOS/Source/timers.c.obj
 .text.prvProcessReceivedCommands
                0x08005ea4       0xf8 CMakeFiles/Cyber-VCM.elf.dir/Middlewares/Third_Party/FreeRTOS/Source/timers.c.obj
 .text.prvTimerTask
                0x08005f9c       0x16 CMakeFiles/Cyber-VCM.elf.dir/Middlewares/Third_Party/FreeRTOS/Source/timers.c.obj
 *fill*         0x08005fb2        0x2 
 .text.Reset_Handler
                0x08005fb4       0x48 CMakeFiles/Cyber-VCM.elf.dir/startup/startup_stm32f103xb.s.obj
                0x08005fb4                Reset_Handler
 .text.Default_Handler
                0x08005ffc        0x2 CMakeFiles/Cyber-VCM.elf.dir/startup/startup_stm32f103xb.s.obj
                0x08005ffc                RTC_Alarm_IRQHandler
                0x08005ffc                EXTI2_IRQHandler
                0x08005ffc                TIM1_CC_IRQHandler
                0x08005ffc                PVD_IRQHandler
                0x08005ffc                EXTI3_IRQHandler
                0x08005ffc                EXTI0_IRQHandler
                0x08005ffc                I2C2_EV_IRQHandler
                0x08005ffc                SPI1_IRQHandler
                0x08005ffc                TAMPER_IRQHandler
                0x08005ffc                DMA1_Channel4_IRQHandler
                0x08005ffc                USART3_IRQHandler
                0x08005ffc                RTC_IRQHandler
                0x08005ffc                DMA1_Channel7_IRQHandler
                0x08005ffc                CAN1_RX1_IRQHandler
                0x08005ffc                TIM4_IRQHandler
                0x08005ffc                I2C1_EV_IRQHandler
                0x08005ffc                DMA1_Channel6_IRQHandler
                0x08005ffc                TIM3_IRQHandler
                0x08005ffc                RCC_IRQHandler
                0x08005ffc                TIM1_TRG_COM_IRQHandler
                0x08005ffc                Default_Handler
                0x08005ffc                EXTI15_10_IRQHandler
                0x08005ffc                EXTI9_5_IRQHandler
                0x08005ffc                SPI2_IRQHandler
                0x08005ffc                DMA1_Channel5_IRQHandler
                0x08005ffc                EXTI4_IRQHandler
                0x08005ffc                USB_LP_CAN1_RX0_IRQHandler
                0x08005ffc                USB_HP_CAN1_TX_IRQHandler
                0x08005ffc                DMA1_Channel3_IRQHandler
                0x08005ffc                WWDG_IRQHandler
                0x08005ffc                TIM2_IRQHandler
                0x08005ffc                TIM1_BRK_IRQHandler
                0x08005ffc                EXTI1_IRQHandler
                0x08005ffc                USART2_IRQHandler
                0x08005ffc                I2C2_ER_IRQHandler
                0x08005ffc                DMA1_Channel2_IRQHandler
                0x08005ffc                CAN1_SCE_IRQHandler
                0x08005ffc                FLASH_IRQHandler
                0x08005ffc                I2C1_ER_IRQHandler
                0x08005ffc                USBWakeUp_IRQHandler
 *fill*         0x08005ffe        0x2 
 .text.__errno  0x08006000        0xc d:/software/embededtools/drivers/gcc-arm-none-eabi/bin/../lib/gcc/arm-none-eabi/10.3.1/../../../../arm-none-eabi/lib/thumb/v7-m/nofp\libg.a(lib_a-errno.o)
                0x08006000                __errno
 .text.__libc_init_array
                0x0800600c       0x48 d:/software/embededtools/drivers/gcc-arm-none-eabi/bin/../lib/gcc/arm-none-eabi/10.3.1/../../../../arm-none-eabi/lib/thumb/v7-m/nofp\libg.a(lib_a-init.o)
                0x0800600c                __libc_init_array
 .text.memset   0x08006054       0xa4 d:/software/embededtools/drivers/gcc-arm-none-eabi/bin/../lib/gcc/arm-none-eabi/10.3.1/../../../../arm-none-eabi/lib/thumb/v7-m/nofp\libg.a(lib_a-memset.o)
                0x08006054                memset
 .text.printf   0x080060f8       0x28 d:/software/embededtools/drivers/gcc-arm-none-eabi/bin/../lib/gcc/arm-none-eabi/10.3.1/../../../../arm-none-eabi/lib/thumb/v7-m/nofp\libg.a(lib_a-printf.o)
                0x080060f8                printf
 .text._puts_r  0x08006120       0x9c d:/software/embededtools/drivers/gcc-arm-none-eabi/bin/../lib/gcc/arm-none-eabi/10.3.1/../../../../arm-none-eabi/lib/thumb/v7-m/nofp\libg.a(lib_a-puts.o)
                0x08006120                _puts_r
 .text.puts     0x080061bc       0x10 d:/software/embededtools/drivers/gcc-arm-none-eabi/bin/../lib/gcc/arm-none-eabi/10.3.1/../../../../arm-none-eabi/lib/thumb/v7-m/nofp\libg.a(lib_a-puts.o)
                0x080061bc                puts
 .text.setvbuf  0x080061cc      0x1b0 d:/software/embededtools/drivers/gcc-arm-none-eabi/bin/../lib/gcc/arm-none-eabi/10.3.1/../../../../arm-none-eabi/lib/thumb/v7-m/nofp\libg.a(lib_a-setvbuf.o)
                0x080061cc                setvbuf
 .text.strlen   0x0800637c       0x5c d:/software/embededtools/drivers/gcc-arm-none-eabi/bin/../lib/gcc/arm-none-eabi/10.3.1/../../../../arm-none-eabi/lib/thumb/v7-m/nofp\libg.a(lib_a-strlen-stub.o)
                0x0800637c                strlen
 .text._vfprintf_r
                0x080063d8     0x1b58 d:/software/embededtools/drivers/gcc-arm-none-eabi/bin/../lib/gcc/arm-none-eabi/10.3.1/../../../../arm-none-eabi/lib/thumb/v7-m/nofp\libg.a(lib_a-vfprintf.o)
                0x080063d8                _vfprintf_r
 .text.__sbprintf
                0x08007f30       0x84 d:/software/embededtools/drivers/gcc-arm-none-eabi/bin/../lib/gcc/arm-none-eabi/10.3.1/../../../../arm-none-eabi/lib/thumb/v7-m/nofp\libg.a(lib_a-vfprintf.o)
 .text.__swsetup_r
                0x08007fb4       0xd4 d:/software/embededtools/drivers/gcc-arm-none-eabi/bin/../lib/gcc/arm-none-eabi/10.3.1/../../../../arm-none-eabi/lib/thumb/v7-m/nofp\libg.a(lib_a-wsetup.o)
                0x08007fb4                __swsetup_r
 .text.startup.register_fini
                0x08008088       0x14 d:/software/embededtools/drivers/gcc-arm-none-eabi/bin/../lib/gcc/arm-none-eabi/10.3.1/../../../../arm-none-eabi/lib/thumb/v7-m/nofp\libg.a(lib_a-__call_atexit.o)
 .text.atexit   0x0800809c        0xc d:/software/embededtools/drivers/gcc-arm-none-eabi/bin/../lib/gcc/arm-none-eabi/10.3.1/../../../../arm-none-eabi/lib/thumb/v7-m/nofp\libg.a(lib_a-atexit.o)
                0x0800809c                atexit
 .text.quorem   0x080080a8      0x12c d:/software/embededtools/drivers/gcc-arm-none-eabi/bin/../lib/gcc/arm-none-eabi/10.3.1/../../../../arm-none-eabi/lib/thumb/v7-m/nofp\libg.a(lib_a-dtoa.o)
 *fill*         0x080081d4        0x4 
 .text._dtoa_r  0x080081d8      0xecc d:/software/embededtools/drivers/gcc-arm-none-eabi/bin/../lib/gcc/arm-none-eabi/10.3.1/../../../../arm-none-eabi/lib/thumb/v7-m/nofp\libg.a(lib_a-dtoa.o)
                0x080081d8                _dtoa_r
 .text.__sflush_r
                0x080090a4      0x124 d:/software/embededtools/drivers/gcc-arm-none-eabi/bin/../lib/gcc/arm-none-eabi/10.3.1/../../../../arm-none-eabi/lib/thumb/v7-m/nofp\libg.a(lib_a-fflush.o)
                0x080090a4                __sflush_r
 .text._fflush_r
                0x080091c8       0x5c d:/software/embededtools/drivers/gcc-arm-none-eabi/bin/../lib/gcc/arm-none-eabi/10.3.1/../../../../arm-none-eabi/lib/thumb/v7-m/nofp\libg.a(lib_a-fflush.o)
                0x080091c8                _fflush_r
 .text._cleanup_r
                0x08009224        0xc d:/software/embededtools/drivers/gcc-arm-none-eabi/bin/../lib/gcc/arm-none-eabi/10.3.1/../../../../arm-none-eabi/lib/thumb/v7-m/nofp\libg.a(lib_a-findfp.o)
                0x08009224                _cleanup_r
 .text.__sinit  0x08009230      0x10c d:/software/embededtools/drivers/gcc-arm-none-eabi/bin/../lib/gcc/arm-none-eabi/10.3.1/../../../../arm-none-eabi/lib/thumb/v7-m/nofp\libg.a(lib_a-findfp.o)
                0x08009230                __sinit
 .text.__sfp_lock_acquire
                0x0800933c        0xc d:/software/embededtools/drivers/gcc-arm-none-eabi/bin/../lib/gcc/arm-none-eabi/10.3.1/../../../../arm-none-eabi/lib/thumb/v7-m/nofp\libg.a(lib_a-findfp.o)
                0x0800933c                __sfp_lock_acquire
 .text.__sfp_lock_release
                0x08009348        0xc d:/software/embededtools/drivers/gcc-arm-none-eabi/bin/../lib/gcc/arm-none-eabi/10.3.1/../../../../arm-none-eabi/lib/thumb/v7-m/nofp\libg.a(lib_a-findfp.o)
                0x08009348                __sfp_lock_release
 .text.__libc_fini_array
                0x08009354       0x2c d:/software/embededtools/drivers/gcc-arm-none-eabi/bin/../lib/gcc/arm-none-eabi/10.3.1/../../../../arm-none-eabi/lib/thumb/v7-m/nofp\libg.a(lib_a-fini.o)
                0x08009354                __libc_fini_array
 .text._malloc_trim_r
                0x08009380       0xa0 d:/software/embededtools/drivers/gcc-arm-none-eabi/bin/../lib/gcc/arm-none-eabi/10.3.1/../../../../arm-none-eabi/lib/thumb/v7-m/nofp\libg.a(lib_a-freer.o)
                0x08009380                _malloc_trim_r
 .text._free_r  0x08009420      0x200 d:/software/embededtools/drivers/gcc-arm-none-eabi/bin/../lib/gcc/arm-none-eabi/10.3.1/../../../../arm-none-eabi/lib/thumb/v7-m/nofp\libg.a(lib_a-freer.o)
                0x08009420                _free_r
 .text.__sfvwrite_r
                0x08009620      0x2f0 d:/software/embededtools/drivers/gcc-arm-none-eabi/bin/../lib/gcc/arm-none-eabi/10.3.1/../../../../arm-none-eabi/lib/thumb/v7-m/nofp\libg.a(lib_a-fvwrite.o)
                0x08009620                __sfvwrite_r
 .text._fwalk_reent
                0x08009910       0x48 d:/software/embededtools/drivers/gcc-arm-none-eabi/bin/../lib/gcc/arm-none-eabi/10.3.1/../../../../arm-none-eabi/lib/thumb/v7-m/nofp\libg.a(lib_a-fwalk.o)
                0x08009910                _fwalk_reent
 .text._localeconv_r
                0x08009958        0x8 d:/software/embededtools/drivers/gcc-arm-none-eabi/bin/../lib/gcc/arm-none-eabi/10.3.1/../../../../arm-none-eabi/lib/thumb/v7-m/nofp\libg.a(lib_a-localeconv.o)
                0x08009958                _localeconv_r
 .text.__retarget_lock_init_recursive
                0x08009960        0x4 d:/software/embededtools/drivers/gcc-arm-none-eabi/bin/../lib/gcc/arm-none-eabi/10.3.1/../../../../arm-none-eabi/lib/thumb/v7-m/nofp\libg.a(lib_a-lock.o)
                0x08009960                __retarget_lock_init_recursive
 .text.__retarget_lock_close_recursive
                0x08009964        0x4 d:/software/embededtools/drivers/gcc-arm-none-eabi/bin/../lib/gcc/arm-none-eabi/10.3.1/../../../../arm-none-eabi/lib/thumb/v7-m/nofp\libg.a(lib_a-lock.o)
                0x08009964                __retarget_lock_close_recursive
 .text.__retarget_lock_acquire_recursive
                0x08009968        0x4 d:/software/embededtools/drivers/gcc-arm-none-eabi/bin/../lib/gcc/arm-none-eabi/10.3.1/../../../../arm-none-eabi/lib/thumb/v7-m/nofp\libg.a(lib_a-lock.o)
                0x08009968                __retarget_lock_acquire_recursive
 .text.__retarget_lock_release_recursive
                0x0800996c        0x4 d:/software/embededtools/drivers/gcc-arm-none-eabi/bin/../lib/gcc/arm-none-eabi/10.3.1/../../../../arm-none-eabi/lib/thumb/v7-m/nofp\libg.a(lib_a-lock.o)
                0x0800996c                __retarget_lock_release_recursive
 .text.__smakebuf_r
                0x08009970       0xe0 d:/software/embededtools/drivers/gcc-arm-none-eabi/bin/../lib/gcc/arm-none-eabi/10.3.1/../../../../arm-none-eabi/lib/thumb/v7-m/nofp\libg.a(lib_a-makebuf.o)
                0x08009970                __smakebuf_r
 .text.__swhatbuf_r
                0x08009a50       0x60 d:/software/embededtools/drivers/gcc-arm-none-eabi/bin/../lib/gcc/arm-none-eabi/10.3.1/../../../../arm-none-eabi/lib/thumb/v7-m/nofp\libg.a(lib_a-makebuf.o)
                0x08009a50                __swhatbuf_r
 .text.malloc   0x08009ab0       0x10 d:/software/embededtools/drivers/gcc-arm-none-eabi/bin/../lib/gcc/arm-none-eabi/10.3.1/../../../../arm-none-eabi/lib/thumb/v7-m/nofp\libg.a(lib_a-malloc.o)
                0x08009ab0                malloc
 .text._malloc_r
                0x08009ac0      0x558 d:/software/embededtools/drivers/gcc-arm-none-eabi/bin/../lib/gcc/arm-none-eabi/10.3.1/../../../../arm-none-eabi/lib/thumb/v7-m/nofp\libg.a(lib_a-mallocr.o)
                0x08009ac0                _malloc_r
 .text.memchr   0x0800a018       0x90 d:/software/embededtools/drivers/gcc-arm-none-eabi/bin/../lib/gcc/arm-none-eabi/10.3.1/../../../../arm-none-eabi/lib/thumb/v7-m/nofp\libg.a(lib_a-memchr-stub.o)
                0x0800a018                memchr
 .text.memmove  0x0800a0a8       0xf8 d:/software/embededtools/drivers/gcc-arm-none-eabi/bin/../lib/gcc/arm-none-eabi/10.3.1/../../../../arm-none-eabi/lib/thumb/v7-m/nofp\libg.a(lib_a-memmove.o)
                0x0800a0a8                memmove
 .text.__malloc_lock
                0x0800a1a0        0xc d:/software/embededtools/drivers/gcc-arm-none-eabi/bin/../lib/gcc/arm-none-eabi/10.3.1/../../../../arm-none-eabi/lib/thumb/v7-m/nofp\libg.a(lib_a-mlock.o)
                0x0800a1a0                __malloc_lock
 .text.__malloc_unlock
                0x0800a1ac        0xc d:/software/embededtools/drivers/gcc-arm-none-eabi/bin/../lib/gcc/arm-none-eabi/10.3.1/../../../../arm-none-eabi/lib/thumb/v7-m/nofp\libg.a(lib_a-mlock.o)
                0x0800a1ac                __malloc_unlock
 .text._Balloc  0x0800a1b8       0x4c d:/software/embededtools/drivers/gcc-arm-none-eabi/bin/../lib/gcc/arm-none-eabi/10.3.1/../../../../arm-none-eabi/lib/thumb/v7-m/nofp\libg.a(lib_a-mprec.o)
                0x0800a1b8                _Balloc
 .text._Bfree   0x0800a204       0x14 d:/software/embededtools/drivers/gcc-arm-none-eabi/bin/../lib/gcc/arm-none-eabi/10.3.1/../../../../arm-none-eabi/lib/thumb/v7-m/nofp\libg.a(lib_a-mprec.o)
                0x0800a204                _Bfree
 .text.__multadd
                0x0800a218       0xa4 d:/software/embededtools/drivers/gcc-arm-none-eabi/bin/../lib/gcc/arm-none-eabi/10.3.1/../../../../arm-none-eabi/lib/thumb/v7-m/nofp\libg.a(lib_a-mprec.o)
                0x0800a218                __multadd
 .text.__hi0bits
                0x0800a2bc       0x40 d:/software/embededtools/drivers/gcc-arm-none-eabi/bin/../lib/gcc/arm-none-eabi/10.3.1/../../../../arm-none-eabi/lib/thumb/v7-m/nofp\libg.a(lib_a-mprec.o)
                0x0800a2bc                __hi0bits
 .text.__lo0bits
                0x0800a2fc       0x58 d:/software/embededtools/drivers/gcc-arm-none-eabi/bin/../lib/gcc/arm-none-eabi/10.3.1/../../../../arm-none-eabi/lib/thumb/v7-m/nofp\libg.a(lib_a-mprec.o)
                0x0800a2fc                __lo0bits
 .text.__i2b    0x0800a354       0x5c d:/software/embededtools/drivers/gcc-arm-none-eabi/bin/../lib/gcc/arm-none-eabi/10.3.1/../../../../arm-none-eabi/lib/thumb/v7-m/nofp\libg.a(lib_a-mprec.o)
                0x0800a354                __i2b
 .text.__multiply
                0x0800a3b0      0x15c d:/software/embededtools/drivers/gcc-arm-none-eabi/bin/../lib/gcc/arm-none-eabi/10.3.1/../../../../arm-none-eabi/lib/thumb/v7-m/nofp\libg.a(lib_a-mprec.o)
                0x0800a3b0                __multiply
 .text.__pow5mult
                0x0800a50c       0xb8 d:/software/embededtools/drivers/gcc-arm-none-eabi/bin/../lib/gcc/arm-none-eabi/10.3.1/../../../../arm-none-eabi/lib/thumb/v7-m/nofp\libg.a(lib_a-mprec.o)
                0x0800a50c                __pow5mult
 .text.__lshift
                0x0800a5c4       0xec d:/software/embededtools/drivers/gcc-arm-none-eabi/bin/../lib/gcc/arm-none-eabi/10.3.1/../../../../arm-none-eabi/lib/thumb/v7-m/nofp\libg.a(lib_a-mprec.o)
                0x0800a5c4                __lshift
 .text.__mcmp   0x0800a6b0       0x40 d:/software/embededtools/drivers/gcc-arm-none-eabi/bin/../lib/gcc/arm-none-eabi/10.3.1/../../../../arm-none-eabi/lib/thumb/v7-m/nofp\libg.a(lib_a-mprec.o)
                0x0800a6b0                __mcmp
 .text.__mdiff  0x0800a6f0      0x14c d:/software/embededtools/drivers/gcc-arm-none-eabi/bin/../lib/gcc/arm-none-eabi/10.3.1/../../../../arm-none-eabi/lib/thumb/v7-m/nofp\libg.a(lib_a-mprec.o)
                0x0800a6f0                __mdiff
 .text.__d2b    0x0800a83c       0xc4 d:/software/embededtools/drivers/gcc-arm-none-eabi/bin/../lib/gcc/arm-none-eabi/10.3.1/../../../../arm-none-eabi/lib/thumb/v7-m/nofp\libg.a(lib_a-mprec.o)
                0x0800a83c                __d2b
 .text._realloc_r
                0x0800a900      0x3dc d:/software/embededtools/drivers/gcc-arm-none-eabi/bin/../lib/gcc/arm-none-eabi/10.3.1/../../../../arm-none-eabi/lib/thumb/v7-m/nofp\libg.a(lib_a-reallocr.o)
                0x0800a900                _realloc_r
 .text.frexp    0x0800acdc       0x70 d:/software/embededtools/drivers/gcc-arm-none-eabi/bin/../lib/gcc/arm-none-eabi/10.3.1/../../../../arm-none-eabi/lib/thumb/v7-m/nofp\libg.a(lib_a-s_frexp.o)
                0x0800acdc                frexp
 .text._sbrk_r  0x0800ad4c       0x24 d:/software/embededtools/drivers/gcc-arm-none-eabi/bin/../lib/gcc/arm-none-eabi/10.3.1/../../../../arm-none-eabi/lib/thumb/v7-m/nofp\libg.a(lib_a-sbrkr.o)
                0x0800ad4c                _sbrk_r
 .text.__sread  0x0800ad70       0x24 d:/software/embededtools/drivers/gcc-arm-none-eabi/bin/../lib/gcc/arm-none-eabi/10.3.1/../../../../arm-none-eabi/lib/thumb/v7-m/nofp\libg.a(lib_a-stdio.o)
                0x0800ad70                __sread
 .text.__swrite
                0x0800ad94       0x40 d:/software/embededtools/drivers/gcc-arm-none-eabi/bin/../lib/gcc/arm-none-eabi/10.3.1/../../../../arm-none-eabi/lib/thumb/v7-m/nofp\libg.a(lib_a-stdio.o)
                0x0800ad94                __swrite
 .text.__sseek  0x0800add4       0x20 d:/software/embededtools/drivers/gcc-arm-none-eabi/bin/../lib/gcc/arm-none-eabi/10.3.1/../../../../arm-none-eabi/lib/thumb/v7-m/nofp\libg.a(lib_a-stdio.o)
                0x0800add4                __sseek
 .text.__sclose
                0x0800adf4        0x8 d:/software/embededtools/drivers/gcc-arm-none-eabi/bin/../lib/gcc/arm-none-eabi/10.3.1/../../../../arm-none-eabi/lib/thumb/v7-m/nofp\libg.a(lib_a-stdio.o)
                0x0800adf4                __sclose
 .text.strncpy  0x0800adfc       0x68 d:/software/embededtools/drivers/gcc-arm-none-eabi/bin/../lib/gcc/arm-none-eabi/10.3.1/../../../../arm-none-eabi/lib/thumb/v7-m/nofp\libg.a(lib_a-strncpy.o)
                0x0800adfc                strncpy
 .text.__sprint_r.part.0
                0x0800ae64       0x78 d:/software/embededtools/drivers/gcc-arm-none-eabi/bin/../lib/gcc/arm-none-eabi/10.3.1/../../../../arm-none-eabi/lib/thumb/v7-m/nofp\libg.a(lib_a-vfiprintf.o)
 .text.__sprint_r
                0x0800aedc       0x14 d:/software/embededtools/drivers/gcc-arm-none-eabi/bin/../lib/gcc/arm-none-eabi/10.3.1/../../../../arm-none-eabi/lib/thumb/v7-m/nofp\libg.a(lib_a-vfiprintf.o)
                0x0800aedc                __sprint_r
 .text._vfiprintf_r
                0x0800aef0      0xd98 d:/software/embededtools/drivers/gcc-arm-none-eabi/bin/../lib/gcc/arm-none-eabi/10.3.1/../../../../arm-none-eabi/lib/thumb/v7-m/nofp\libg.a(lib_a-vfiprintf.o)
                0x0800aef0                _vfiprintf_r
 .text.__sbprintf
                0x0800bc88       0x84 d:/software/embededtools/drivers/gcc-arm-none-eabi/bin/../lib/gcc/arm-none-eabi/10.3.1/../../../../arm-none-eabi/lib/thumb/v7-m/nofp\libg.a(lib_a-vfiprintf.o)
 .text._write_r
                0x0800bd0c       0x2c d:/software/embededtools/drivers/gcc-arm-none-eabi/bin/../lib/gcc/arm-none-eabi/10.3.1/../../../../arm-none-eabi/lib/thumb/v7-m/nofp\libg.a(lib_a-writer.o)
                0x0800bd0c                _write_r
 .text.__register_exitproc
                0x0800bd38       0x8c d:/software/embededtools/drivers/gcc-arm-none-eabi/bin/../lib/gcc/arm-none-eabi/10.3.1/../../../../arm-none-eabi/lib/thumb/v7-m/nofp\libg.a(lib_a-__atexit.o)
                0x0800bd38                __register_exitproc
 .text.__assert_func
                0x0800bdc4       0x40 d:/software/embededtools/drivers/gcc-arm-none-eabi/bin/../lib/gcc/arm-none-eabi/10.3.1/../../../../arm-none-eabi/lib/thumb/v7-m/nofp\libg.a(lib_a-assert.o)
                0x0800bdc4                __assert_func
 .text._calloc_r
                0x0800be04       0x78 d:/software/embededtools/drivers/gcc-arm-none-eabi/bin/../lib/gcc/arm-none-eabi/10.3.1/../../../../arm-none-eabi/lib/thumb/v7-m/nofp\libg.a(lib_a-callocr.o)
                0x0800be04                _calloc_r
 .text._close_r
                0x0800be7c       0x24 d:/software/embededtools/drivers/gcc-arm-none-eabi/bin/../lib/gcc/arm-none-eabi/10.3.1/../../../../arm-none-eabi/lib/thumb/v7-m/nofp\libg.a(lib_a-closer.o)
                0x0800be7c                _close_r
 .text._fclose_r
                0x0800bea0       0xcc d:/software/embededtools/drivers/gcc-arm-none-eabi/bin/../lib/gcc/arm-none-eabi/10.3.1/../../../../arm-none-eabi/lib/thumb/v7-m/nofp\libg.a(lib_a-fclose.o)
                0x0800bea0                _fclose_r
 .text.fiprintf
                0x0800bf6c       0x28 d:/software/embededtools/drivers/gcc-arm-none-eabi/bin/../lib/gcc/arm-none-eabi/10.3.1/../../../../arm-none-eabi/lib/thumb/v7-m/nofp\libg.a(lib_a-fiprintf.o)
                0x0800bf6c                fiprintf
 .text.__fputwc
                0x0800bf94       0xa0 d:/software/embededtools/drivers/gcc-arm-none-eabi/bin/../lib/gcc/arm-none-eabi/10.3.1/../../../../arm-none-eabi/lib/thumb/v7-m/nofp\libg.a(lib_a-fputwc.o)
                0x0800bf94                __fputwc
 .text._fputwc_r
                0x0800c034       0x68 d:/software/embededtools/drivers/gcc-arm-none-eabi/bin/../lib/gcc/arm-none-eabi/10.3.1/../../../../arm-none-eabi/lib/thumb/v7-m/nofp\libg.a(lib_a-fputwc.o)
                0x0800c034                _fputwc_r
 .text._fstat_r
                0x0800c09c       0x28 d:/software/embededtools/drivers/gcc-arm-none-eabi/bin/../lib/gcc/arm-none-eabi/10.3.1/../../../../arm-none-eabi/lib/thumb/v7-m/nofp\libg.a(lib_a-fstatr.o)
                0x0800c09c                _fstat_r
 .text._isatty_r
                0x0800c0c4       0x24 d:/software/embededtools/drivers/gcc-arm-none-eabi/bin/../lib/gcc/arm-none-eabi/10.3.1/../../../../arm-none-eabi/lib/thumb/v7-m/nofp\libg.a(lib_a-isattyr.o)
                0x0800c0c4                _isatty_r
 .text.__locale_mb_cur_max
                0x0800c0e8        0xc d:/software/embededtools/drivers/gcc-arm-none-eabi/bin/../lib/gcc/arm-none-eabi/10.3.1/../../../../arm-none-eabi/lib/thumb/v7-m/nofp\libg.a(lib_a-locale.o)
                0x0800c0e8                __locale_mb_cur_max
 .text._lseek_r
                0x0800c0f4       0x2c d:/software/embededtools/drivers/gcc-arm-none-eabi/bin/../lib/gcc/arm-none-eabi/10.3.1/../../../../arm-none-eabi/lib/thumb/v7-m/nofp\libg.a(lib_a-lseekr.o)
                0x0800c0f4                _lseek_r
 .text.__ascii_mbtowc
                0x0800c120       0x2c d:/software/embededtools/drivers/gcc-arm-none-eabi/bin/../lib/gcc/arm-none-eabi/10.3.1/../../../../arm-none-eabi/lib/thumb/v7-m/nofp\libg.a(lib_a-mbtowc_r.o)
                0x0800c120                __ascii_mbtowc
 .text._read_r  0x0800c14c       0x2c d:/software/embededtools/drivers/gcc-arm-none-eabi/bin/../lib/gcc/arm-none-eabi/10.3.1/../../../../arm-none-eabi/lib/thumb/v7-m/nofp\libg.a(lib_a-readr.o)
                0x0800c14c                _read_r
 .text.__swbuf_r
                0x0800c178       0xb0 d:/software/embededtools/drivers/gcc-arm-none-eabi/bin/../lib/gcc/arm-none-eabi/10.3.1/../../../../arm-none-eabi/lib/thumb/v7-m/nofp\libg.a(lib_a-wbuf.o)
                0x0800c178                __swbuf_r
 .text._wcrtomb_r
                0x0800c228       0x3c d:/software/embededtools/drivers/gcc-arm-none-eabi/bin/../lib/gcc/arm-none-eabi/10.3.1/../../../../arm-none-eabi/lib/thumb/v7-m/nofp\libg.a(lib_a-wcrtomb.o)
                0x0800c228                _wcrtomb_r
 .text.__ascii_wctomb
                0x0800c264       0x1c d:/software/embededtools/drivers/gcc-arm-none-eabi/bin/../lib/gcc/arm-none-eabi/10.3.1/../../../../arm-none-eabi/lib/thumb/v7-m/nofp\libg.a(lib_a-wctomb_r.o)
                0x0800c264                __ascii_wctomb
 .text.abort    0x0800c280       0x10 d:/software/embededtools/drivers/gcc-arm-none-eabi/bin/../lib/gcc/arm-none-eabi/10.3.1/../../../../arm-none-eabi/lib/thumb/v7-m/nofp\libg.a(lib_a-abort.o)
                0x0800c280                abort
 .text.raise    0x0800c290       0x5c d:/software/embededtools/drivers/gcc-arm-none-eabi/bin/../lib/gcc/arm-none-eabi/10.3.1/../../../../arm-none-eabi/lib/thumb/v7-m/nofp\libg.a(lib_a-signal.o)
                0x0800c290                raise
 .text._kill_r  0x0800c2ec       0x28 d:/software/embededtools/drivers/gcc-arm-none-eabi/bin/../lib/gcc/arm-none-eabi/10.3.1/../../../../arm-none-eabi/lib/thumb/v7-m/nofp\libg.a(lib_a-signalr.o)
                0x0800c2ec                _kill_r
 .text._getpid_r
                0x0800c314        0x4 d:/software/embededtools/drivers/gcc-arm-none-eabi/bin/../lib/gcc/arm-none-eabi/10.3.1/../../../../arm-none-eabi/lib/thumb/v7-m/nofp\libg.a(lib_a-signalr.o)
                0x0800c314                _getpid_r
 *(.glue_7)
 .glue_7        0x0800c318        0x0 linker stubs
 *(.glue_7t)
 .glue_7t       0x0800c318        0x0 linker stubs
 *(.eh_frame)
 .eh_frame      0x0800c318        0x0 d:/software/embededtools/drivers/gcc-arm-none-eabi/bin/../lib/gcc/arm-none-eabi/10.3.1/thumb/v7-m/nofp/crtbegin.o
 *(.init)
 .init          0x0800c318        0x4 d:/software/embededtools/drivers/gcc-arm-none-eabi/bin/../lib/gcc/arm-none-eabi/10.3.1/thumb/v7-m/nofp/crti.o
                0x0800c318                _init
 .init          0x0800c31c        0x8 d:/software/embededtools/drivers/gcc-arm-none-eabi/bin/../lib/gcc/arm-none-eabi/10.3.1/thumb/v7-m/nofp/crtn.o
 *(.fini)
 .fini          0x0800c324        0x4 d:/software/embededtools/drivers/gcc-arm-none-eabi/bin/../lib/gcc/arm-none-eabi/10.3.1/thumb/v7-m/nofp/crti.o
                0x0800c324                _fini
 .fini          0x0800c328        0x8 d:/software/embededtools/drivers/gcc-arm-none-eabi/bin/../lib/gcc/arm-none-eabi/10.3.1/thumb/v7-m/nofp/crtn.o
                0x0800c330                . = ALIGN (0x4)
                0x0800c330                _etext = .

.vfp11_veneer   0x0800c330        0x0
 .vfp11_veneer  0x0800c330        0x0 linker stubs

.v4_bx          0x0800c330        0x0
 .v4_bx         0x0800c330        0x0 linker stubs

.iplt           0x0800c330        0x0
 .iplt          0x0800c330        0x0 d:/software/embededtools/drivers/gcc-arm-none-eabi/bin/../lib/gcc/arm-none-eabi/10.3.1/thumb/v7-m/nofp/crtbegin.o

.rodata         0x0800c330     0x2318
                0x0800c330                . = ALIGN (0x4)
 *(.rodata)
 *(.rodata*)
 .rodata.StartDataGetTask.str1.4
                0x0800c330        0xd CMakeFiles/Cyber-VCM.elf.dir/Core/Src/freertos.c.obj
 *fill*         0x0800c33d        0x3 
 .rodata.str1.4
                0x0800c340       0x14 CMakeFiles/Cyber-VCM.elf.dir/Core/Src/freertos.c.obj
 .rodata.Control_attributes
                0x0800c354       0x24 CMakeFiles/Cyber-VCM.elf.dir/Core/Src/freertos.c.obj
                0x0800c354                Control_attributes
 .rodata.DataGetTask_attributes
                0x0800c378       0x24 CMakeFiles/Cyber-VCM.elf.dir/Core/Src/freertos.c.obj
                0x0800c378                DataGetTask_attributes
 .rodata.main.str1.4
                0x0800c39c       0x16 CMakeFiles/Cyber-VCM.elf.dir/Core/Src/main.c.obj
 *fill*         0x0800c3b2        0x2 
 .rodata.AHBPrescTable
                0x0800c3b4       0x10 CMakeFiles/Cyber-VCM.elf.dir/Core/Src/system_stm32f1xx.c.obj
                0x0800c3b4                AHBPrescTable
 .rodata.APBPrescTable
                0x0800c3c4        0x8 CMakeFiles/Cyber-VCM.elf.dir/Core/Src/system_stm32f1xx.c.obj
                0x0800c3c4                APBPrescTable
 .rodata.OLED_Windows_Style1.str1.4
                0x0800c3cc       0x1f CMakeFiles/Cyber-VCM.elf.dir/Display/oled.c.obj
 *fill*         0x0800c3eb        0x1 
 .rodata.Hzk1   0x0800c3ec      0x180 CMakeFiles/Cyber-VCM.elf.dir/Display/oled.c.obj
                0x0800c3ec                Hzk1
 .rodata.Hzk2   0x0800c56c       0x48 CMakeFiles/Cyber-VCM.elf.dir/Display/oled.c.obj
                0x0800c56c                Hzk2
 .rodata.Hzk3   0x0800c5b4       0x80 CMakeFiles/Cyber-VCM.elf.dir/Display/oled.c.obj
                0x0800c5b4                Hzk3
 .rodata.Hzk4   0x0800c634      0x200 CMakeFiles/Cyber-VCM.elf.dir/Display/oled.c.obj
                0x0800c634                Hzk4
 .rodata.asc2_0806
                0x0800c834      0x228 CMakeFiles/Cyber-VCM.elf.dir/Display/oled.c.obj
                0x0800c834                asc2_0806
 .rodata.asc2_1206
                0x0800ca5c      0x474 CMakeFiles/Cyber-VCM.elf.dir/Display/oled.c.obj
                0x0800ca5c                asc2_1206
 .rodata.asc2_1608
                0x0800ced0      0x5f0 CMakeFiles/Cyber-VCM.elf.dir/Display/oled.c.obj
                0x0800ced0                asc2_1608
 .rodata.asc2_2412
                0x0800d4c0      0xd5c CMakeFiles/Cyber-VCM.elf.dir/Display/oled.c.obj
                0x0800d4c0                asc2_2412
 .rodata.HAL_RCC_GetSysClockFreq.str1.4
                0x0800e21c       0x11 CMakeFiles/Cyber-VCM.elf.dir/Drivers/STM32F1xx_HAL_Driver/Src/stm32f1xx_hal_rcc.c.obj
 *fill*         0x0800e22d        0x3 
 .rodata.vTaskStartScheduler.str1.4
                0x0800e230        0x5 CMakeFiles/Cyber-VCM.elf.dir/Middlewares/Third_Party/FreeRTOS/Source/tasks.c.obj
 *fill*         0x0800e235        0x3 
 .rodata.prvCheckForValidListAndQueue.str1.4
                0x0800e238        0x5 CMakeFiles/Cyber-VCM.elf.dir/Middlewares/Third_Party/FreeRTOS/Source/timers.c.obj
 *fill*         0x0800e23d        0x3 
 .rodata.xTimerCreateTimerTask.str1.4
                0x0800e240        0x8 CMakeFiles/Cyber-VCM.elf.dir/Middlewares/Third_Party/FreeRTOS/Source/timers.c.obj
 .rodata._global_impure_ptr
                0x0800e248        0x4 d:/software/embededtools/drivers/gcc-arm-none-eabi/bin/../lib/gcc/arm-none-eabi/10.3.1/../../../../arm-none-eabi/lib/thumb/v7-m/nofp\libg.a(lib_a-impure.o)
                0x0800e248                _global_impure_ptr
 .rodata._puts_r.str1.4
                0x0800e24c        0x2 d:/software/embededtools/drivers/gcc-arm-none-eabi/bin/../lib/gcc/arm-none-eabi/10.3.1/../../../../arm-none-eabi/lib/thumb/v7-m/nofp\libg.a(lib_a-puts.o)
 *fill*         0x0800e24e        0x2 
 .rodata._vfprintf_r.str1.4
                0x0800e250       0x42 d:/software/embededtools/drivers/gcc-arm-none-eabi/bin/../lib/gcc/arm-none-eabi/10.3.1/../../../../arm-none-eabi/lib/thumb/v7-m/nofp\libg.a(lib_a-vfprintf.o)
 *fill*         0x0800e292        0x2 
 .rodata.blanks.1
                0x0800e294       0x10 d:/software/embededtools/drivers/gcc-arm-none-eabi/bin/../lib/gcc/arm-none-eabi/10.3.1/../../../../arm-none-eabi/lib/thumb/v7-m/nofp\libg.a(lib_a-vfprintf.o)
 .rodata.zeroes.0
                0x0800e2a4       0x10 d:/software/embededtools/drivers/gcc-arm-none-eabi/bin/../lib/gcc/arm-none-eabi/10.3.1/../../../../arm-none-eabi/lib/thumb/v7-m/nofp\libg.a(lib_a-vfprintf.o)
 .rodata._dtoa_r.str1.4
                0x0800e2b4       0xa2 d:/software/embededtools/drivers/gcc-arm-none-eabi/bin/../lib/gcc/arm-none-eabi/10.3.1/../../../../arm-none-eabi/lib/thumb/v7-m/nofp\libg.a(lib_a-dtoa.o)
                                 0xa6 (size before relaxing)
 *fill*         0x0800e356        0x2 
 .rodata.__multadd.str1.4
                0x0800e358       0x7f d:/software/embededtools/drivers/gcc-arm-none-eabi/bin/../lib/gcc/arm-none-eabi/10.3.1/../../../../arm-none-eabi/lib/thumb/v7-m/nofp\libg.a(lib_a-mprec.o)
                                 0x93 (size before relaxing)
 *fill*         0x0800e3d7        0x1 
 .rodata.__mprec_bigtens
                0x0800e3d8       0x28 d:/software/embededtools/drivers/gcc-arm-none-eabi/bin/../lib/gcc/arm-none-eabi/10.3.1/../../../../arm-none-eabi/lib/thumb/v7-m/nofp\libg.a(lib_a-mprec.o)
                0x0800e3d8                __mprec_bigtens
 .rodata.__mprec_tens
                0x0800e400       0xc8 d:/software/embededtools/drivers/gcc-arm-none-eabi/bin/../lib/gcc/arm-none-eabi/10.3.1/../../../../arm-none-eabi/lib/thumb/v7-m/nofp\libg.a(lib_a-mprec.o)
                0x0800e400                __mprec_tens
 .rodata.p05.0  0x0800e4c8        0xc d:/software/embededtools/drivers/gcc-arm-none-eabi/bin/../lib/gcc/arm-none-eabi/10.3.1/../../../../arm-none-eabi/lib/thumb/v7-m/nofp\libg.a(lib_a-mprec.o)
 .rodata._vfiprintf_r.str1.4
                0x0800e4d4       0x2f d:/software/embededtools/drivers/gcc-arm-none-eabi/bin/../lib/gcc/arm-none-eabi/10.3.1/../../../../arm-none-eabi/lib/thumb/v7-m/nofp\libg.a(lib_a-vfiprintf.o)
 .rodata.blanks.1
                0x0800e4d4       0x10 d:/software/embededtools/drivers/gcc-arm-none-eabi/bin/../lib/gcc/arm-none-eabi/10.3.1/../../../../arm-none-eabi/lib/thumb/v7-m/nofp\libg.a(lib_a-vfiprintf.o)
 .rodata.zeroes.0
                0x0800e4e4       0x10 d:/software/embededtools/drivers/gcc-arm-none-eabi/bin/../lib/gcc/arm-none-eabi/10.3.1/../../../../arm-none-eabi/lib/thumb/v7-m/nofp\libg.a(lib_a-vfiprintf.o)
 .rodata.__assert_func.str1.4
                0x0800e4f4       0x3f d:/software/embededtools/drivers/gcc-arm-none-eabi/bin/../lib/gcc/arm-none-eabi/10.3.1/../../../../arm-none-eabi/lib/thumb/v7-m/nofp\libg.a(lib_a-assert.o)
                                 0x43 (size before relaxing)
 *fill*         0x0800e533        0x1 
 .rodata._setlocale_r.str1.4
                0x0800e534        0xa d:/software/embededtools/drivers/gcc-arm-none-eabi/bin/../lib/gcc/arm-none-eabi/10.3.1/../../../../arm-none-eabi/lib/thumb/v7-m/nofp\libg.a(lib_a-locale.o)
                                  0xd (size before relaxing)
 *fill*         0x0800e53e        0x2 
 .rodata.str1.4
                0x0800e540        0x2 d:/software/embededtools/drivers/gcc-arm-none-eabi/bin/../lib/gcc/arm-none-eabi/10.3.1/../../../../arm-none-eabi/lib/thumb/v7-m/nofp\libg.a(lib_a-locale.o)
 *fill*         0x0800e542        0x2 
 .rodata._ctype_
                0x0800e544      0x101 d:/software/embededtools/drivers/gcc-arm-none-eabi/bin/../lib/gcc/arm-none-eabi/10.3.1/../../../../arm-none-eabi/lib/thumb/v7-m/nofp\libg.a(lib_a-ctype_.o)
                0x0800e544                _ctype_
                0x0800e648                . = ALIGN (0x4)
 *fill*         0x0800e645        0x3 

.ARM.extab
 *(.ARM.extab* .gnu.linkonce.armextab.*)

.ARM            0x0800e648        0x8
                0x0800e648                __exidx_start = .
 *(.ARM.exidx*)
 .ARM.exidx     0x0800e648        0x8 d:/software/embededtools/drivers/gcc-arm-none-eabi/bin/../lib/gcc/arm-none-eabi/10.3.1/thumb/v7-m/nofp\libgcc.a(_udivmoddi4.o)
                0x0800e650                __exidx_end = .

.rel.dyn        0x0800e650        0x0
 .rel.iplt      0x0800e650        0x0 d:/software/embededtools/drivers/gcc-arm-none-eabi/bin/../lib/gcc/arm-none-eabi/10.3.1/thumb/v7-m/nofp/crtbegin.o

.preinit_array  0x0800e650        0x0
                0x0800e650                PROVIDE (__preinit_array_start = .)
 *(.preinit_array*)
                0x0800e650                PROVIDE (__preinit_array_end = .)

.init_array     0x0800e650        0x8
                0x0800e650                PROVIDE (__init_array_start = .)
 *(SORT_BY_NAME(.init_array.*))
 .init_array.00000
                0x0800e650        0x4 d:/software/embededtools/drivers/gcc-arm-none-eabi/bin/../lib/gcc/arm-none-eabi/10.3.1/../../../../arm-none-eabi/lib/thumb/v7-m/nofp\libg.a(lib_a-__call_atexit.o)
 *(.init_array*)
 .init_array    0x0800e654        0x4 d:/software/embededtools/drivers/gcc-arm-none-eabi/bin/../lib/gcc/arm-none-eabi/10.3.1/thumb/v7-m/nofp/crtbegin.o
                0x0800e658                PROVIDE (__init_array_end = .)

.fini_array     0x0800e658        0x4
                0x0800e658                PROVIDE (__fini_array_start = .)
 *(SORT_BY_NAME(.fini_array.*))
 *(.fini_array*)
 .fini_array    0x0800e658        0x4 d:/software/embededtools/drivers/gcc-arm-none-eabi/bin/../lib/gcc/arm-none-eabi/10.3.1/thumb/v7-m/nofp/crtbegin.o
                0x0800e65c                PROVIDE (__fini_array_end = .)
                0x0800e65c                _sidata = LOADADDR (.data)

.data           0x20000000      0x9c0 load address 0x0800e65c
                0x20000000                . = ALIGN (0x4)
                0x20000000                _sdata = .
 *(.data)
 *(.data*)
 .data.SystemCoreClock
                0x20000000        0x4 CMakeFiles/Cyber-VCM.elf.dir/Core/Src/system_stm32f1xx.c.obj
                0x20000000                SystemCoreClock
 .data.uwTickFreq
                0x20000004        0x1 CMakeFiles/Cyber-VCM.elf.dir/Drivers/STM32F1xx_HAL_Driver/Src/stm32f1xx_hal.c.obj
                0x20000004                uwTickFreq
 *fill*         0x20000005        0x3 
 .data.uwTickPrio
                0x20000008        0x4 CMakeFiles/Cyber-VCM.elf.dir/Drivers/STM32F1xx_HAL_Driver/Src/stm32f1xx_hal.c.obj
                0x20000008                uwTickPrio
 .data.uxCriticalNesting
                0x2000000c        0x4 CMakeFiles/Cyber-VCM.elf.dir/Middlewares/Third_Party/FreeRTOS/Source/portable/GCC/ARM_CM3/port.c.obj
 .data._impure_ptr
                0x20000010        0x4 d:/software/embededtools/drivers/gcc-arm-none-eabi/bin/../lib/gcc/arm-none-eabi/10.3.1/../../../../arm-none-eabi/lib/thumb/v7-m/nofp\libg.a(lib_a-impure.o)
                0x20000010                _impure_ptr
 *fill*         0x20000014        0x4 
 .data.impure_data
                0x20000018      0x428 d:/software/embededtools/drivers/gcc-arm-none-eabi/bin/../lib/gcc/arm-none-eabi/10.3.1/../../../../arm-none-eabi/lib/thumb/v7-m/nofp\libg.a(lib_a-impure.o)
 .data.__atexit_recursive_mutex
                0x20000440        0x4 d:/software/embededtools/drivers/gcc-arm-none-eabi/bin/../lib/gcc/arm-none-eabi/10.3.1/../../../../arm-none-eabi/lib/thumb/v7-m/nofp\libg.a(lib_a-__call_atexit.o)
                0x20000440                __atexit_recursive_mutex
 .data.__malloc_av_
                0x20000444      0x408 d:/software/embededtools/drivers/gcc-arm-none-eabi/bin/../lib/gcc/arm-none-eabi/10.3.1/../../../../arm-none-eabi/lib/thumb/v7-m/nofp\libg.a(lib_a-mallocr.o)
                0x20000444                __malloc_av_
 .data.__malloc_sbrk_base
                0x2000084c        0x4 d:/software/embededtools/drivers/gcc-arm-none-eabi/bin/../lib/gcc/arm-none-eabi/10.3.1/../../../../arm-none-eabi/lib/thumb/v7-m/nofp\libg.a(lib_a-mallocr.o)
                0x2000084c                __malloc_sbrk_base
 .data.__malloc_trim_threshold
                0x20000850        0x4 d:/software/embededtools/drivers/gcc-arm-none-eabi/bin/../lib/gcc/arm-none-eabi/10.3.1/../../../../arm-none-eabi/lib/thumb/v7-m/nofp\libg.a(lib_a-mallocr.o)
                0x20000850                __malloc_trim_threshold
 .data.__global_locale
                0x20000854      0x16c d:/software/embededtools/drivers/gcc-arm-none-eabi/bin/../lib/gcc/arm-none-eabi/10.3.1/../../../../arm-none-eabi/lib/thumb/v7-m/nofp\libg.a(lib_a-locale.o)
                0x20000854                __global_locale
                0x200009c0                . = ALIGN (0x4)
                0x200009c0                _edata = .

.igot.plt       0x200009c0        0x0 load address 0x0800f01c
 .igot.plt      0x200009c0        0x0 d:/software/embededtools/drivers/gcc-arm-none-eabi/bin/../lib/gcc/arm-none-eabi/10.3.1/thumb/v7-m/nofp/crtbegin.o
                0x200009c0                . = ALIGN (0x4)

.bss            0x200009c0     0x22e8 load address 0x0800f01c
                0x200009c0                _sbss = .
                0x200009c0                __bss_start__ = _sbss
 *(.bss)
 .bss           0x200009c0       0x1c d:/software/embededtools/drivers/gcc-arm-none-eabi/bin/../lib/gcc/arm-none-eabi/10.3.1/thumb/v7-m/nofp/crtbegin.o
 *(.bss*)
 .bss.gVCMEncoder
                0x200009dc        0x8 CMakeFiles/Cyber-VCM.elf.dir/Control/AM26C32.c.obj
                0x200009dc                gVCMEncoder
 .bss.hadc1     0x200009e4       0x30 CMakeFiles/Cyber-VCM.elf.dir/Core/Src/adc.c.obj
                0x200009e4                hadc1
 .bss.hdma_adc1
                0x20000a14       0x44 CMakeFiles/Cyber-VCM.elf.dir/Core/Src/adc.c.obj
                0x20000a14                hdma_adc1
 .bss.ControlHandle
                0x20000a58        0x4 CMakeFiles/Cyber-VCM.elf.dir/Core/Src/freertos.c.obj
                0x20000a58                ControlHandle
 .bss.DataGetTaskHandle
                0x20000a5c        0x4 CMakeFiles/Cyber-VCM.elf.dir/Core/Src/freertos.c.obj
                0x20000a5c                DataGetTaskHandle
 .bss.ADC_Value
                0x20000a60      0x190 CMakeFiles/Cyber-VCM.elf.dir/Core/Src/main.c.obj
                0x20000a60                ADC_Value
 .bss.htim1     0x20000bf0       0x48 CMakeFiles/Cyber-VCM.elf.dir/Core/Src/stm32f1xx_hal_timebase_tim.c.obj
                0x20000bf0                htim1
 .bss.heap_end.0
                0x20000c38        0x4 CMakeFiles/Cyber-VCM.elf.dir/Core/Src/syscalls.c.obj
 .bss.htim2     0x20000c3c       0x48 CMakeFiles/Cyber-VCM.elf.dir/Core/Src/tim.c.obj
                0x20000c3c                htim2
 .bss.htim3     0x20000c84       0x48 CMakeFiles/Cyber-VCM.elf.dir/Core/Src/tim.c.obj
                0x20000c84                htim3
 .bss.huart1    0x20000ccc       0x44 CMakeFiles/Cyber-VCM.elf.dir/Core/Src/usart.c.obj
                0x20000ccc                huart1
 .bss.OLED_GRAM
                0x20000d10      0x600 CMakeFiles/Cyber-VCM.elf.dir/Display/oled.c.obj
                0x20000d10                OLED_GRAM
 .bss.gHuart    0x20001310        0x4 CMakeFiles/Cyber-VCM.elf.dir/Display/retarget.c.obj
                0x20001310                gHuart
 .bss.uwTick    0x20001314        0x4 CMakeFiles/Cyber-VCM.elf.dir/Drivers/STM32F1xx_HAL_Driver/Src/stm32f1xx_hal.c.obj
                0x20001314                uwTick
 .bss.Idle_Stack
                0x20001318      0x200 CMakeFiles/Cyber-VCM.elf.dir/Middlewares/Third_Party/FreeRTOS/Source/CMSIS_RTOS_V2/cmsis_os2.c.obj
 .bss.Idle_TCB  0x20001518       0x5c CMakeFiles/Cyber-VCM.elf.dir/Middlewares/Third_Party/FreeRTOS/Source/CMSIS_RTOS_V2/cmsis_os2.c.obj
 .bss.KernelState
                0x20001574        0x4 CMakeFiles/Cyber-VCM.elf.dir/Middlewares/Third_Party/FreeRTOS/Source/CMSIS_RTOS_V2/cmsis_os2.c.obj
 .bss.Timer_Stack
                0x20001578      0x400 CMakeFiles/Cyber-VCM.elf.dir/Middlewares/Third_Party/FreeRTOS/Source/CMSIS_RTOS_V2/cmsis_os2.c.obj
 .bss.Timer_TCB
                0x20001978       0x5c CMakeFiles/Cyber-VCM.elf.dir/Middlewares/Third_Party/FreeRTOS/Source/CMSIS_RTOS_V2/cmsis_os2.c.obj
 .bss.ucMaxSysCallPriority
                0x200019d4        0x1 CMakeFiles/Cyber-VCM.elf.dir/Middlewares/Third_Party/FreeRTOS/Source/portable/GCC/ARM_CM3/port.c.obj
 *fill*         0x200019d5        0x3 
 .bss.ulMaxPRIGROUPValue
                0x200019d8        0x4 CMakeFiles/Cyber-VCM.elf.dir/Middlewares/Third_Party/FreeRTOS/Source/portable/GCC/ARM_CM3/port.c.obj
 .bss.pxEnd     0x200019dc        0x4 CMakeFiles/Cyber-VCM.elf.dir/Middlewares/Third_Party/FreeRTOS/Source/portable/MemMang/heap_4.c.obj
 .bss.ucHeap    0x200019e0      0xc00 CMakeFiles/Cyber-VCM.elf.dir/Middlewares/Third_Party/FreeRTOS/Source/portable/MemMang/heap_4.c.obj
 .bss.xBlockAllocatedBit
                0x200025e0        0x4 CMakeFiles/Cyber-VCM.elf.dir/Middlewares/Third_Party/FreeRTOS/Source/portable/MemMang/heap_4.c.obj
 .bss.xFreeBytesRemaining
                0x200025e4        0x4 CMakeFiles/Cyber-VCM.elf.dir/Middlewares/Third_Party/FreeRTOS/Source/portable/MemMang/heap_4.c.obj
 .bss.xMinimumEverFreeBytesRemaining
                0x200025e8        0x4 CMakeFiles/Cyber-VCM.elf.dir/Middlewares/Third_Party/FreeRTOS/Source/portable/MemMang/heap_4.c.obj
 .bss.xStart    0x200025ec        0x8 CMakeFiles/Cyber-VCM.elf.dir/Middlewares/Third_Party/FreeRTOS/Source/portable/MemMang/heap_4.c.obj
 .bss.xQueueRegistry
                0x200025f4       0x40 CMakeFiles/Cyber-VCM.elf.dir/Middlewares/Third_Party/FreeRTOS/Source/queue.c.obj
                0x200025f4                xQueueRegistry
 .bss.pxCurrentTCB
                0x20002634        0x4 CMakeFiles/Cyber-VCM.elf.dir/Middlewares/Third_Party/FreeRTOS/Source/tasks.c.obj
                0x20002634                pxCurrentTCB
 .bss.pxDelayedTaskList
                0x20002638        0x4 CMakeFiles/Cyber-VCM.elf.dir/Middlewares/Third_Party/FreeRTOS/Source/tasks.c.obj
 .bss.pxOverflowDelayedTaskList
                0x2000263c        0x4 CMakeFiles/Cyber-VCM.elf.dir/Middlewares/Third_Party/FreeRTOS/Source/tasks.c.obj
 .bss.pxReadyTasksLists
                0x20002640      0x460 CMakeFiles/Cyber-VCM.elf.dir/Middlewares/Third_Party/FreeRTOS/Source/tasks.c.obj
 .bss.uxCurrentNumberOfTasks
                0x20002aa0        0x4 CMakeFiles/Cyber-VCM.elf.dir/Middlewares/Third_Party/FreeRTOS/Source/tasks.c.obj
 .bss.uxDeletedTasksWaitingCleanUp