Component: ARM Compiler 5.06 update 7 (build 960) Tool: armlink [4d3601]

==============================================================================

Section Cross References

    startup_stm32f103xb.o(RESET) refers to startup_stm32f103xb.o(STACK) for __initial_sp
    startup_stm32f103xb.o(RESET) refers to startup_stm32f103xb.o(.text) for Reset_Handler
    startup_stm32f103xb.o(RESET) refers to stm32f1xx_it.o(i.NMI_Handler) for NMI_Handler
    startup_stm32f103xb.o(RESET) refers to stm32f1xx_it.o(i.HardFault_Handler) for HardFault_Handler
    startup_stm32f103xb.o(RESET) refers to stm32f1xx_it.o(i.MemManage_Handler) for MemManage_Handler
    startup_stm32f103xb.o(RESET) refers to stm32f1xx_it.o(i.BusFault_Handler) for BusFault_Handler
    startup_stm32f103xb.o(RESET) refers to stm32f1xx_it.o(i.UsageFault_Handler) for UsageFault_Handler
    startup_stm32f103xb.o(RESET) refers to port.o(.emb_text) for SVC_Handler
    startup_stm32f103xb.o(RESET) refers to stm32f1xx_it.o(i.DebugMon_Handler) for DebugMon_Handler
    startup_stm32f103xb.o(RESET) refers to port.o(i.SysTick_Handler) for SysTick_Handler
    startup_stm32f103xb.o(RESET) refers to stm32f1xx_it.o(i.DMA1_Channel1_IRQHandler) for DMA1_Channel1_IRQHandler
    startup_stm32f103xb.o(RESET) refers to stm32f1xx_it.o(i.ADC1_2_IRQHandler) for ADC1_2_IRQHandler
    startup_stm32f103xb.o(RESET) refers to stm32f1xx_it.o(i.TIM1_UP_IRQHandler) for TIM1_UP_IRQHandler
    startup_stm32f103xb.o(RESET) refers to stm32f1xx_it.o(i.TIM4_IRQHandler) for TIM4_IRQHandler
    startup_stm32f103xb.o(RESET) refers to stm32f1xx_it.o(i.USART1_IRQHandler) for USART1_IRQHandler
    startup_stm32f103xb.o(RESET) refers to stm32f1xx_it.o(i.USART3_IRQHandler) for USART3_IRQHandler
    startup_stm32f103xb.o(.text) refers to system_stm32f1xx.o(i.SystemInit) for SystemInit
    startup_stm32f103xb.o(.text) refers to entry.o(.ARM.Collect$$$$00000000) for __main
    tof200f_uart.o(i.HAL_UART_RxCpltCallback) refers to stm32f1xx_hal_uart.o(i.HAL_UART_Receive_IT) for HAL_UART_Receive_IT
    tof200f_uart.o(i.HAL_UART_RxCpltCallback) refers to stm32f1xx_hal.o(i.HAL_GetTick) for HAL_GetTick
    tof200f_uart.o(i.HAL_UART_RxCpltCallback) refers to tof200f_uart.o(.data) for .data
    tof200f_uart.o(i.HAL_UART_RxCpltCallback) refers to tof200f_uart.o(.bss) for .bss
    tof200f_uart.o(i.HAL_UART_RxCpltCallback) refers to usart.o(.bss) for huart1
    tof200f_uart.o(i.crc16) refers to tof200f_uart.o(.constdata) for .constdata
    tof200f_uart.o(i.tof200f_init) refers to stm32f1xx_hal_uart.o(i.HAL_UART_Receive_IT) for HAL_UART_Receive_IT
    tof200f_uart.o(i.tof200f_init) refers to tof200f_uart.o(.data) for .data
    tof200f_uart.o(i.tof200f_init) refers to tof200f_uart.o(.bss) for .bss
    tof200f_uart.o(i.tof200f_init) refers to usart.o(.bss) for huart1
    tof200f_uart.o(i.tof200f_trans) refers to stm32f1xx_hal.o(i.HAL_GetTick) for HAL_GetTick
    tof200f_uart.o(i.tof200f_trans) refers to tof200f_uart.o(i.uart1_transact) for uart1_transact
    tof200f_uart.o(i.tof200f_trans) refers to stm32f1xx_hal_uart.o(i.HAL_UART_Receive_IT) for HAL_UART_Receive_IT
    tof200f_uart.o(i.tof200f_trans) refers to tof200f_uart.o(.data) for .data
    tof200f_uart.o(i.tof200f_trans) refers to tof200f_uart.o(.bss) for .bss
    tof200f_uart.o(i.tof200f_trans) refers to usart.o(.bss) for huart1
    tof200f_uart.o(i.uart1_transact) refers to tof200f_uart.o(i.crc16) for crc16
    main.o(i.HAL_TIM_PeriodElapsedCallback) refers to stm32f1xx_hal.o(i.HAL_IncTick) for HAL_IncTick
    main.o(i.SystemClock_Config) refers to memseta.o(.text) for __aeabi_memclr4
    main.o(i.SystemClock_Config) refers to stm32f1xx_hal_rcc.o(i.HAL_RCC_OscConfig) for HAL_RCC_OscConfig
    main.o(i.SystemClock_Config) refers to stm32f1xx_hal_rcc.o(i.HAL_RCC_ClockConfig) for HAL_RCC_ClockConfig
    main.o(i.SystemClock_Config) refers to stm32f1xx_hal_rcc_ex.o(i.HAL_RCCEx_PeriphCLKConfig) for HAL_RCCEx_PeriphCLKConfig
    main.o(i.main) refers to stm32f1xx_hal.o(i.HAL_Init) for HAL_Init
    main.o(i.main) refers to main.o(i.SystemClock_Config) for SystemClock_Config
    main.o(i.main) refers to gpio.o(i.MX_GPIO_Init) for MX_GPIO_Init
    main.o(i.main) refers to adc.o(i.MX_ADC1_Init) for MX_ADC1_Init
    main.o(i.main) refers to tim.o(i.MX_TIM2_Init) for MX_TIM2_Init
    main.o(i.main) refers to tim.o(i.MX_TIM3_Init) for MX_TIM3_Init
    main.o(i.main) refers to dma.o(i.MX_DMA_Init) for MX_DMA_Init
    main.o(i.main) refers to usart.o(i.MX_USART1_UART_Init) for MX_USART1_UART_Init
    main.o(i.main) refers to tim.o(i.MX_TIM4_Init) for MX_TIM4_Init
    main.o(i.main) refers to usart.o(i.MX_USART3_UART_Init) for MX_USART3_UART_Init
    main.o(i.main) refers to stm32f1xx_hal_adc.o(i.HAL_ADC_Start_IT) for HAL_ADC_Start_IT
    main.o(i.main) refers to stm32f1xx_hal_gpio.o(i.HAL_GPIO_TogglePin) for HAL_GPIO_TogglePin
    main.o(i.main) refers to stm32f1xx_hal_tim.o(i.HAL_TIM_Base_Start_IT) for HAL_TIM_Base_Start_IT
[...]
    prvProcessReceivedCommands               0x08004915   Thumb Code   198  timers.o(i.prvProcessReceivedCommands)
    i.prvProcessTimerOrBlockTask             0x080049e0   Section        0  timers.o(i.prvProcessTimerOrBlockTask)
    prvProcessTimerOrBlockTask               0x080049e1   Thumb Code   172  timers.o(i.prvProcessTimerOrBlockTask)
    i.prvResetNextTaskUnblockTime            0x08004a94   Section        0  tasks.o(i.prvResetNextTaskUnblockTime)
    prvResetNextTaskUnblockTime              0x08004a95   Thumb Code    26  tasks.o(i.prvResetNextTaskUnblockTime)
    i.prvSampleTimeNow                       0x08004ab4   Section        0  timers.o(i.prvSampleTimeNow)
    prvSampleTimeNow                         0x08004ab5   Thumb Code    36  timers.o(i.prvSampleTimeNow)
    i.prvSwitchTimerLists                    0x08004adc   Section        0  timers.o(i.prvSwitchTimerLists)
    prvSwitchTimerLists                      0x08004add   Thumb Code   102  timers.o(i.prvSwitchTimerLists)
    i.prvTaskExitError                       0x08004b48   Section        0  port.o(i.prvTaskExitError)
    prvTaskExitError                         0x08004b49   Thumb Code    36  port.o(i.prvTaskExitError)
    i.prvTimerTask                           0x08004b70   Section        0  timers.o(i.prvTimerTask)
    prvTimerTask                             0x08004b71   Thumb Code    32  timers.o(i.prvTimerTask)
    i.prvUnlockQueue                         0x08004b94   Section        0  queue.o(i.prvUnlockQueue)
    prvUnlockQueue                           0x08004b95   Thumb Code   106  queue.o(i.prvUnlockQueue)
    i.pvPortMalloc                           0x08004c00   Section        0  heap_4.o(i.pvPortMalloc)
    i.pxPortInitialiseStack                  0x08004cd8   Section        0  port.o(i.pxPortInitialiseStack)
    i.tof200f_init                           0x08004cfc   Section        0  tof200f_uart.o(i.tof200f_init)
    i.tof200f_trans                          0x08004d1c   Section        0  tof200f_uart.o(i.tof200f_trans)
    i.uart1_transact                         0x08004d58   Section        0  tof200f_uart.o(i.uart1_transact)
    i.uxListRemove                           0x08004d74   Section        0  list.o(i.uxListRemove)
    i.vApplicationGetIdleTaskMemory          0x08004d9c   Section        0  cmsis_os2.o(i.vApplicationGetIdleTaskMemory)
    i.vApplicationGetTimerTaskMemory         0x08004db0   Section        0  cmsis_os2.o(i.vApplicationGetTimerTaskMemory)
    i.vListInitialise                        0x08004dc8   Section        0  list.o(i.vListInitialise)
    i.vListInitialiseItem                    0x08004dde   Section        0  list.o(i.vListInitialiseItem)
    i.vListInsert                            0x08004de4   Section        0  list.o(i.vListInsert)
    i.vListInsertEnd                         0x08004e14   Section        0  list.o(i.vListInsertEnd)
    i.vPortEnterCritical                     0x08004e2c   Section        0  port.o(i.vPortEnterCritical)
    i.vPortExitCritical                      0x08004e6c   Section        0  port.o(i.vPortExitCritical)
    i.vPortFree                              0x08004e94   Section        0  heap_4.o(i.vPortFree)
    i.vPortSetupTimerInterrupt               0x08004ef0   Section        0  port.o(i.vPortSetupTimerInterrupt)
    i.vPortValidateInterruptPriority         0x08004f14   Section        0  port.o(i.vPortValidateInterruptPriority)
    i.vQueueAddToRegistry                    0x08004f68   Section        0  queue.o(i.vQueueAddToRegistry)
    i.vQueueWaitForMessageRestricted         0x08004f90   Section        0  queue.o(i.vQueueWaitForMessageRestricted)
    i.vTaskDelay                             0x08004fd4   Section        0  tasks.o(i.vTaskDelay)
    i.vTaskInternalSetTimeOutState           0x08005020   Section        0  tasks.o(i.vTaskInternalSetTimeOutState)
    i.vTaskMissedYield                       0x08005030   Section        0  tasks.o(i.vTaskMissedYield)
    i.vTaskPlaceOnEventList                  0x0800503c   Section        0  tasks.o(i.vTaskPlaceOnEventList)
    i.vTaskPlaceOnEventListRestricted        0x0800506c   Section        0  tasks.o(i.vTaskPlaceOnEventListRestricted)
    i.vTaskStartScheduler                    0x080050a4   Section        0  tasks.o(i.vTaskStartScheduler)
    i.vTaskSuspendAll                        0x0800512c   Section        0  tasks.o(i.vTaskSuspendAll)
    i.vTaskSwitchContext                     0x0800513c   Section        0  tasks.o(i.vTaskSwitchContext)
    i.xPortStartScheduler                    0x080051a0   Section        0  port.o(i.xPortStartScheduler)
    i.xQueueGenericCreateStatic              0x08005248   Section        0  queue.o(i.xQueueGenericCreateStatic)
    i.xQueueGenericReset                     0x080052b0   Section        0  queue.o(i.xQueueGenericReset)
    i.xQueueGenericSend                      0x08005338   Section        0  queue.o(i.xQueueGenericSend)
    i.xQueueGenericSendFromISR               0x08005498   Section        0  queue.o(i.xQueueGenericSendFromISR)
    i.xQueueReceive                          0x08005554   Section        0  queue.o(i.xQueueReceive)
    i.xTaskCheckForTimeOut                   0x0800568c   Section        0  tasks.o(i.xTaskCheckForTimeOut)
    i.xTaskCreate                            0x08005700   Section        0  tasks.o(i.xTaskCreate)
    i.xTaskCreateStatic                      0x0800575a   Section        0  tasks.o(i.xTaskCreateStatic)
    i.xTaskGetSchedulerState                 0x080057b0   Section        0  tasks.o(i.xTaskGetSchedulerState)
    i.xTaskGetTickCount                      0x080057cc   Section        0  tasks.o(i.xTaskGetTickCount)
    i.xTaskIncrementTick                     0x080057d8   Section        0  tasks.o(i.xTaskIncrementTick)
    i.xTaskPriorityDisinherit                0x080058a0   Section        0  tasks.o(i.xTaskPriorityDisinherit)
    i.xTaskRemoveFromEventList               0x08005920   Section        0  tasks.o(i.xTaskRemoveFromEventList)
    i.xTaskResumeAll                         0x08005990   Section        0  tasks.o(i.xTaskResumeAll)
    i.xTimerCreateTimerTask                  0x08005a54   Section        0  timers.o(i.xTimerCreateTimerTask)
    i.xTimerGenericCommand                   0x08005ab4   Section        0  timers.o(i.xTimerGenericCommand)
    .constdata                               0x08005b1c   Section      512  tof200f_uart.o(.constdata)
    .constdata                               0x08005d1c   Section      108  freertos.o(.constdata)
    .constdata                               0x08005d88   Section     7728  oled.o(.constdata)
    .constdata                               0x08007bb8   Section       16  system_stm32f1xx.o(.constdata)
    .constdata                               0x08007bc8   Section        8  system_stm32f1xx.o(.constdata)
    .conststring                             0x08007bd0   Section       41  freertos.o(.conststring)
    .data                                    0x20000000   Section        8  tof200f_uart.o(.data)
    distance                                 0x20000002   Data           2  tof200f_uart.o(.data)
    .data                                    0x20000008   Section       54  freertos.o(.data)
    .data                                    0x20000040   Section       12  adc.o(.data)
    .data                                    0x2000004c   Section        8  speedpid.o(.data)
    position                                 0x2000004c   Data           4  speedpid.o(.data)
    lastposition                             0x20000050   Data           4  speedpid.o(.data)
    .data                                    0x20000054   Section        8  am26c32.o(.data)
    .data                                    0x2000005c   Section        8  vcmcontrol.o(.data)
    .data                                    0x20000064   Section       24  tof200f.o(.data)
    ekf                                      0x20000064   Data          24  tof200f.o(.data)
    .data                                    0x2000007c   Section       12  stm32f1xx_hal.o(.data)
    .data                                    0x20000088   Section        4  system_stm32f1xx.o(.data)
    .data                                    0x2000008c   Section       60  tasks.o(.data)
    pxDelayedTaskList                        0x20000090   Data           4  tasks.o(.data)
    pxOverflowDelayedTaskList                0x20000094   Data           4  tasks.o(.data)
    uxDeletedTasksWaitingCleanUp             0x20000098   Data           4  tasks.o(.data)
    uxCurrentNumberOfTasks                   0x2000009c   Data           4  tasks.o(.data)
    xTickCount                               0x200000a0   Data           4  tasks.o(.data)
    uxTopReadyPriority                       0x200000a4   Data           4  tasks.o(.data)
    xSchedulerRunning                        0x200000a8   Data           4  tasks.o(.data)
    uxPendedTicks                            0x200000ac   Data           4  tasks.o(.data)
    xYieldPending                            0x200000b0   Data           4  tasks.o(.data)
    xNumOfOverflows                          0x200000b4   Data           4  tasks.o(.data)
    uxTaskNumber                             0x200000b8   Data           4  tasks.o(.data)
    xNextTaskUnblockTime                     0x200000bc   Data           4  tasks.o(.data)
    xIdleTaskHandle                          0x200000c0   Data           4  tasks.o(.data)
    uxSchedulerSuspended                     0x200000c4   Data           4  tasks.o(.data)
    .data                                    0x200000c8   Section       20  timers.o(.data)
    pxCurrentTimerList                       0x200000c8   Data           4  timers.o(.data)
    pxOverflowTimerList                      0x200000cc   Data           4  timers.o(.data)
    xTimerQueue                              0x200000d0   Data           4  timers.o(.data)
    xTimerTaskHandle                         0x200000d4   Data           4  timers.o(.data)
    xLastTime                                0x200000d8   Data           4  timers.o(.data)
    .data                                    0x200000dc   Section        4  cmsis_os2.o(.data)
    KernelState                              0x200000dc   Data           4  cmsis_os2.o(.data)
    .data                                    0x200000e0   Section       24  heap_4.o(.data)
    pxEnd                                    0x200000e0   Data           4  heap_4.o(.data)
    xFreeBytesRemaining                      0x200000e4   Data           4  heap_4.o(.data)
    xMinimumEverFreeBytesRemaining           0x200000e8   Data           4  heap_4.o(.data)
    xBlockAllocatedBit                       0x200000ec   Data           4  heap_4.o(.data)
    xStart                                   0x200000f0   Data           8  heap_4.o(.data)
    .data                                    0x200000f8   Section       12  port.o(.data)
    ucMaxSysCallPriority                     0x200000f8   Data           1  port.o(.data)
    uxCriticalNesting                        0x200000fc   Data           4  port.o(.data)
    ulMaxPRIGROUPValue                       0x20000100   Data           4  port.o(.data)
    .data                                    0x20000104   Section        4  stdout.o(.data)
    .bss                                     0x20000108   Section       64  tof200f_uart.o(.bss)
    .bss                                     0x20000148   Section      196  adc.o(.bss)
    .bss                                     0x2000020c   Section      216  tim.o(.bss)
    .bss                                     0x200002e4   Section      136  usart.o(.bss)
    .bss                                     0x2000036c   Section       72  stm32f1xx_hal_timebase_tim.o(.bss)
    .bss                                     0x200003b4   Section       16  vcmcontrol.o(.bss)
    .bss                                     0x200003c4   Section     1536  oled.o(.bss)
    .bss                                     0x200009c4   Section       64  queue.o(.bss)
    .bss                                     0x20000a04   Section     1220  tasks.o(.bss)
    pxReadyTasksLists                        0x20000a04   Data        1120  tasks.o(.bss)
    xDelayedTaskList1                        0x20000e64   Data          20  tasks.o(.bss)
    xDelayedTaskList2                        0x20000e78   Data          20  tasks.o(.bss)
    xPendingReadyList                        0x20000e8c   Data          20  tasks.o(.bss)
    xTasksWaitingTermination                 0x20000ea0   Data          20  tasks.o(.bss)
    xSuspendedTaskList                       0x20000eb4   Data          20  tasks.o(.bss)
    .bss                                     0x20000ec8   Section      280  timers.o(.bss)
    xActiveTimerList1                        0x20000ec8   Data          20  timers.o(.bss)
    xActiveTimerList2                        0x20000edc   Data          20  timers.o(.bss)
    xStaticTimerQueue                        0x20000ef0   Data          80  timers.o(.bss)
    ucStaticTimerQueueStorage                0x20000f40   Data         160  timers.o(.bss)
    .bss                                     0x20000fe0   Section     1720  cmsis_os2.o(.bss)
    Idle_TCB                                 0x20000fe0   Data          92  cmsis_os2.o(.bss)
    Idle_Stack                               0x2000103c   Data         512  cmsis_os2.o(.bss)
    Timer_TCB                                0x2000123c   Data          92  cmsis_os2.o(.bss)
    Timer_Stack                              0x20001298   Data        1024  cmsis_os2.o(.bss)
    .bss                                     0x20001698   Section     3072  heap_4.o(.bss)
    ucHeap                                   0x20001698   Data        3072  heap_4.o(.bss)
    STACK                                    0x20002298   Section     1024  startup_stm32f103xb.o(STACK)

    Global Symbols

    Symbol Name                              Value     Ov Type        Size  Object(Section)

    BuildAttributes$$THM_ISAv4$P$D$K$B$S$PE$A:L22UL41UL21$X:L11$S22US41US21$IEEE1$IW$USESV6$~STKCKD$USESV7$~SHL$OTIME$ROPI$EBA8$MICROLIB$REQ8$PRES8$EABIv2 0x00000000   Number         0  anon$$obj.o ABSOLUTE
    __ARM_use_no_argv                        0x00000000   Number         0  main.o ABSOLUTE
    _printf_a                                0x00000000   Number         0  stubs.o ABSOLUTE
    _printf_c                                0x00000000   Number         0  stubs.o ABSOLUTE
    _printf_charcount                        0x00000000   Number         0  stubs.o ABSOLUTE
    _printf_d                                0x00000000   Number         0  stubs.o ABSOLUTE
    _printf_e                                0x00000000   Number         0  stubs.o ABSOLUTE
    _printf_f                                0x00000000   Number         0  stubs.o ABSOLUTE
    _printf_flags                            0x00000000   Number         0  stubs.o ABSOLUTE
    _printf_fp_dec                           0x00000000   Number         0  stubs.o ABSOLUTE
    _printf_fp_hex                           0x00000000   Number         0  stubs.o ABSOLUTE
    _printf_g                                0x00000000   Number         0  stubs.o ABSOLUTE
    _printf_i                                0x00000000   Number         0  stubs.o ABSOLUTE
    _printf_int_dec                          0x00000000   Number         0  stubs.o ABSOLUTE
    _printf_l                                0x00000000   Number         0  stubs.o ABSOLUTE
    _printf_lc                               0x00000000   Number         0  stubs.o ABSOLUTE
    _printf_ll                               0x00000000   Number         0  stubs.o ABSOLUTE
    _printf_lld                              0x00000000   Number         0  stubs.o ABSOLUTE
    _printf_lli                              0x00000000   Number         0  stubs.o ABSOLUTE
    _printf_llo                              0x00000000   Number         0  stubs.o ABSOLUTE
    _printf_llu                              0x00000000   Number         0  stubs.o ABSOLUTE
    _printf_llx                              0x00000000   Number         0  stubs.o ABSOLUTE
    _printf_longlong_dec                     0x00000000   Number         0  stubs.o ABSOLUTE
    _printf_longlong_hex                     0x00000000   Number         0  stubs.o ABSOLUTE
    _printf_longlong_oct                     0x00000000   Number         0  stubs.o ABSOLUTE
    _printf_ls                               0x00000000   Number         0  stubs.o ABSOLUTE
    _printf_mbtowc                           0x00000000   Number         0  stubs.o ABSOLUTE
    _printf_n                                0x00000000   Number         0  stubs.o ABSOLUTE
    _printf_o                                0x00000000   Number         0  stubs.o ABSOLUTE
    _printf_p                                0x00000000   Number         0  stubs.o ABSOLUTE
    _printf_percent                          0x00000000   Number         0  stubs.o ABSOLUTE
    _printf_pre_padding                      0x00000000   Number         0  stubs.o ABSOLUTE
    _printf_return_value                     0x00000000   Number         0  stubs.o ABSOLUTE
    _printf_s                                0x00000000   Number         0  stubs.o ABSOLUTE
    _printf_sizespec                         0x00000000   Number         0  stubs.o ABSOLUTE
    _printf_str                              0x00000000   Number         0  stubs.o ABSOLUTE
    _printf_truncate_signed                  0x00000000   Number         0  stubs.o ABSOLUTE
    _printf_truncate_unsigned                0x00000000   Number         0  stubs.o ABSOLUTE
    _printf_u                                0x00000000   Number         0  stubs.o ABSOLUTE
    _printf_wc                               0x00000000   Number         0  stubs.o ABSOLUTE
    _printf_wctomb                           0x00000000   Number         0  stubs.o ABSOLUTE
    _printf_widthprec                        0x00000000   Number         0  stubs.o ABSOLUTE
    _printf_x                                0x00000000   Number         0  stubs.o ABSOLUTE
    __arm_fini_                               - Undefined Weak Reference
    __cpp_initialize__aeabi_                  - Undefined Weak Reference
    __cxa_finalize                            - Undefined Weak Reference
    __decompress                              - Undefined Weak Reference
    _clock_init                               - Undefined Weak Reference
    _microlib_exit                            - Undefined Weak Reference
    __Vectors_Size                           0x000000ec   Number         0  startup_stm32f103xb.o ABSOLUTE
    __Vectors                                0x08000000   Data           4  startup_stm32f103xb.o(RESET)
    __Vectors_End                            0x080000ec   Data           0  startup_stm32f103xb.o(RESET)
    __main                                   0x080000ed   Thumb Code     0  entry.o(.ARM.Collect$$$$00000000)
    _main_stk                                0x080000ed   Thumb Code     0  entry2.o(.ARM.Collect$$$$00000001)
    _main_scatterload                        0x080000f1   Thumb Code     0  entry5.o(.ARM.Collect$$$$00000004)
    __main_after_scatterload                 0x080000f5   Thumb Code     0  entry5.o(.ARM.Collect$$$$00000004)
    _main_clock                              0x080000f5   Thumb Code     0  entry7b.o(.ARM.Collect$$$$00000008)
    _main_cpp_init                           0x080000f5   Thumb Code     0  entry8b.o(.ARM.Collect$$$$0000000A)
    _main_init                               0x080000f5   Thumb Code     0  entry9a.o(.ARM.Collect$$$$0000000B)
    __rt_lib_shutdown_fini                   0x080000fd   Thumb Code     0  entry12b.o(.ARM.Collect$$$$0000000E)
    __rt_final_cpp                           0x08000101   Thumb Code     0  entry10a.o(.ARM.Collect$$$$0000000F)
    __rt_final_exit                          0x08000101   Thumb Code     0  entry11a.o(.ARM.Collect$$$$00000011)
    SVC_Handler                              0x08000105   Thumb Code    32  port.o(.emb_text)
    __asm___6_port_c_39a90d8d__prvStartFirstTask 0x08000129   Thumb Code    28  port.o(.emb_text)
    PendSV_Handler                           0x08000149   Thumb Code    72  port.o(.emb_text)
    vPortGetIPSR                             0x08000195   Thumb Code     6  port.o(.emb_text)
    Reset_Handler                            0x0800019d   Thumb Code     8  startup_stm32f103xb.o(.text)
    CAN1_RX1_IRQHandler                      0x080001b7   Thumb Code     0  startup_stm32f103xb.o(.text)
    CAN1_SCE_IRQHandler                      0x080001b7   Thumb Code     0  startup_stm32f103xb.o(.text)
    DMA1_Channel2_IRQHandler                 0x080001b7   Thumb Code     0  startup_stm32f103xb.o(.text)
    DMA1_Channel3_IRQHandler                 0x080001b7   Thumb Code     0  startup_stm32f103xb.o(.text)
    DMA1_Channel4_IRQHandler                 0x080001b7   Thumb Code     0  startup_stm32f103xb.o(.text)
    DMA1_Channel5_IRQHandler                 0x080001b7   Thumb Code     0  startup_stm32f103xb.o(.text)
    DMA1_Channel6_IRQHandler                 0x080001b7   Thumb Code     0  startup_stm32f103xb.o(.text)
    DMA1_Channel7_IRQHandler                 0x080001b7   Thumb Code     0  startup_stm32f103xb.o(.text)
    EXTI0_IRQHandler                         0x080001b7   Thumb Code     0  startup_stm32f103xb.o(.text)
    EXTI15_10_IRQHandler                     0x080001b7   Thumb Code     0  startup_stm32f103xb.o(.text)
    EXTI1_IRQHandler                         0x080001b7   Thumb Code     0  startup_stm32f103xb.o(.text)
    EXTI2_IRQHandler                         0x080001b7   Thumb Code     0  startup_stm32f103xb.o(.text)
    EXTI3_IRQHandler                         0x080001b7   Thumb Code     0  startup_stm32f103xb.o(.text)
    EXTI4_IRQHandler                         0x080001b7   Thumb Code     0  startup_stm32f103xb.o(.text)
    EXTI9_5_IRQHandler                       0x080001b7   Thumb Code     0  startup_stm32f103xb.o(.text)
    FLASH_IRQHandler                         0x080001b7   Thumb Code     0  startup_stm32f103xb.o(.text)
    I2C1_ER_IRQHandler                       0x080001b7   Thumb Code     0  startup_stm32f103xb.o(.text)
    I2C1_EV_IRQHandler                       0x080001b7   Thumb Code     0  startup_stm32f103xb.o(.text)
    I2C2_ER_IRQHandler                       0x080001b7   Thumb Code     0  startup_stm32f103xb.o(.text)
    I2C2_EV_IRQHandler                       0x080001b7   Thumb Code     0  startup_stm32f103xb.o(.text)
    PVD_IRQHandler                           0x080001b7   Thumb Code     0  startup_stm32f103xb.o(.text)
    RCC_IRQHandler                           0x080001b7   Thumb Code     0  startup_stm32f103xb.o(.text)
    RTC_Alarm_IRQHandler                     0x080001b7   Thumb Code     0  startup_stm32f103xb.o(.text)
    RTC_IRQHandler                           0x080001b7   Thumb Code     0  startup_stm32f103xb.o(.text)
    SPI1_IRQHandler                          0x080001b7   Thumb Code     0  startup_stm32f103xb.o(.text)
    SPI2_IRQHandler                          0x080001b7   Thumb Code     0  startup_stm32f103xb.o(.text)
    TAMPER_IRQHandler                        0x080001b7   Thumb Code     0  startup_stm32f103xb.o(.text)
    TIM1_BRK_IRQHandler                      0x080001b7   Thumb Code     0  startup_stm32f103xb.o(.text)
    TIM1_CC_IRQHandler                       0x080001b7   Thumb Code     0  startup_stm32f103xb.o(.text)
    TIM1_TRG_COM_IRQHandler                  0x080001b7   Thumb Code     0  startup_stm32f103xb.o(.text)
    TIM2_IRQHandler                          0x080001b7   Thumb Code     0  startup_stm32f103xb.o(.text)
    TIM3_IRQHandler                          0x080001b7   Thumb Code     0  startup_stm32f103xb.o(.text)
    USART2_IRQHandler                        0x080001b7   Thumb Code     0  startup_stm32f103xb.o(.text)
    USBWakeUp_IRQHandler                     0x080001b7   Thumb Code     0  startup_stm32f103xb.o(.text)
    USB_HP_CAN1_TX_IRQHandler                0x080001b7   Thumb Code     0  startup_stm32f103xb.o(.text)
    USB_LP_CAN1_RX0_IRQHandler               0x080001b7   Thumb Code     0  startup_stm32f103xb.o(.text)
    WWDG_IRQHandler                          0x080001b7   Thumb Code     0  startup_stm32f103xb.o(.text)
    __aeabi_llsr                             0x080001c1   Thumb Code    32  llushr.o(.text)
    _ll_ushift_r                             0x080001c1   Thumb Code     0  llushr.o(.text)
    __aeabi_memcpy                           0x080001e1   Thumb Code    36  memcpya.o(.text)
    __aeabi_memcpy4                          0x080001e1   Thumb Code     0  memcpya.o(.text)
    __aeabi_memcpy8                          0x080001e1   Thumb Code     0  memcpya.o(.text)
    __aeabi_memset                           0x08000205   Thumb Code    14  memseta.o(.text)
    __aeabi_memset4                          0x08000205   Thumb Code     0  memseta.o(.text)
    __aeabi_memset8                          0x08000205   Thumb Code     0  memseta.o(.text)
    __aeabi_memclr                           0x08000213   Thumb Code     4  memseta.o(.text)
    __aeabi_memclr4                          0x08000213   Thumb Code     0  memseta.o(.text)
    __aeabi_memclr8                          0x08000213   Thumb Code     0  memseta.o(.text)
    memset                                   0x08000217   Thumb Code    18  memseta.o(.text)
    __aeabi_fadd                             0x08000229   Thumb Code   164  fadd.o(.text)
    __aeabi_fsub                             0x080002cd   Thumb Code     6  fadd.o(.text)
    __aeabi_frsub                            0x080002d3   Thumb Code     6  fadd.o(.text)
    __aeabi_fmul                             0x080002d9   Thumb Code   100  fmul.o(.text)
    __aeabi_fdiv                             0x0800033d   Thumb Code   124  fdiv.o(.text)
    __aeabi_dmul                             0x080003b9   Thumb Code   228  dmul.o(.text)
    __aeabi_i2f                              0x0800049d   Thumb Code    18  fflti.o(.text)
    __aeabi_ui2f                             0x080004af   Thumb Code    10  ffltui.o(.text)
    __aeabi_ui2d                             0x080004b9   Thumb Code    26  dfltui.o(.text)
    __aeabi_f2iz                             0x080004d3   Thumb Code    50  ffixi.o(.text)
    __aeabi_f2uiz                            0x08000505   Thumb Code    40  ffixui.o(.text)
    __aeabi_f2d                              0x0800052d   Thumb Code    38  f2d.o(.text)
    __aeabi_d2f                              0x08000553   Thumb Code    56  d2f.o(.text)
    __aeabi_uidiv                            0x0800058b   Thumb Code     0  uidiv.o(.text)
    __aeabi_uidivmod                         0x0800058b   Thumb Code    44  uidiv.o(.text)
    __aeabi_uldivmod                         0x080005b7   Thumb Code    98  uldiv.o(.text)
    __I$use$fp                               0x08000619   Thumb Code     0  iusefp.o(.text)
    _float_round                             0x08000619   Thumb Code    18  fepilogue.o(.text)
    _float_epilogue                          0x0800062b   Thumb Code    92  fepilogue.o(.text)
    _double_round                            0x08000687   Thumb Code    30  depilogue.o(.text)
    _double_epilogue                         0x080006a5   Thumb Code   156  depilogue.o(.text)
    __aeabi_dadd                             0x08000741   Thumb Code   322  dadd.o(.text)
    __aeabi_dsub                             0x08000883   Thumb Code     6  dadd.o(.text)
    __aeabi_drsub                            0x08000889   Thumb Code     6  dadd.o(.text)
    __aeabi_ddiv                             0x0800088f   Thumb Code   222  ddiv.o(.text)
    __aeabi_d2ulz                            0x0800096d   Thumb Code    48  dfixul.o(.text)
    __aeabi_cdrcmple                         0x0800099d   Thumb Code    48  cdrcmple.o(.text)
    __scatterload                            0x080009cd   Thumb Code    28  init.o(.text)
    __scatterload_rt2                        0x080009cd   Thumb Code     0  init.o(.text)
    __aeabi_llsl                             0x080009f1   Thumb Code    30  llshl.o(.text)
    _ll_shift_l                              0x080009f1   Thumb Code     0  llshl.o(.text)
    __aeabi_lasr                             0x08000a0f   Thumb Code    36  llsshr.o(.text)
    _ll_sshift_r                             0x08000a0f   Thumb Code     0  llsshr.o(.text)
    ADC1_2_IRQHandler                        0x08000a35   Thumb Code     6  stm32f1xx_it.o(i.ADC1_2_IRQHandler)
    ADC_ConversionStop_Disable               0x08000a41   Thumb Code    86  stm32f1xx_hal_adc.o(i.ADC_ConversionStop_Disable)
    ADC_Enable                               0x08000a99   Thumb Code   114  stm32f1xx_hal_adc.o(i.ADC_Enable)
    BusFault_Handler                         0x08000b15   Thumb Code     2  stm32f1xx_it.o(i.BusFault_Handler)
    DMA1_Channel1_IRQHandler                 0x08000b19   Thumb Code     6  stm32f1xx_it.o(i.DMA1_Channel1_IRQHandler)
    DebugMon_Handler                         0x08000b25   Thumb Code     2  stm32f1xx_it.o(i.DebugMon_Handler)
    Down_Move                                0x08000b29   Thumb Code    28  vcmcontrol.o(i.Down_Move)
    Error_Handler                            0x08000b4d   Thumb Code     4  main.o(i.Error_Handler)
    GetVCMPositon                            0x08000b51   Thumb Code     4  positionpid.o(i.GetVCMPositon)
    GetVCMPreSpeed                           0x08000b55   Thumb Code    22  speedpid.o(i.GetVCMPreSpeed)
    HAL_ADCEx_InjectedConvCpltCallback       0x08000b71   Thumb Code     2  stm32f1xx_hal_adc_ex.o(i.HAL_ADCEx_InjectedConvCpltCallback)
    HAL_ADC_ConfigChannel                    0x08000b75   Thumb Code   240  stm32f1xx_hal_adc.o(i.HAL_ADC_ConfigChannel)
    HAL_ADC_ConvCpltCallback                 0x08000c71   Thumb Code    48  adc.o(i.HAL_ADC_ConvCpltCallback)
    HAL_ADC_GetValue                         0x08000cb1   Thumb Code     6  stm32f1xx_hal_adc.o(i.HAL_ADC_GetValue)
    HAL_ADC_IRQHandler                       0x08000cb7   Thumb Code   230  stm32f1xx_hal_adc.o(i.HAL_ADC_IRQHandler)
    HAL_ADC_Init                             0x08000d9d   Thumb Code   272  stm32f1xx_hal_adc.o(i.HAL_ADC_Init)
    HAL_ADC_LevelOutOfWindowCallback         0x08000eb9   Thumb Code     2  stm32f1xx_hal_adc.o(i.HAL_ADC_LevelOutOfWindowCallback)
    HAL_ADC_MspInit                          0x08000ebd   Thumb Code   138  adc.o(i.HAL_ADC_MspInit)
    HAL_ADC_Start_IT                         0x08000f5d   Thumb Code   194  stm32f1xx_hal_adc.o(i.HAL_ADC_Start_IT)
    HAL_DMA_Abort                            0x08001029   Thumb Code    70  stm32f1xx_hal_dma.o(i.HAL_DMA_Abort)
    HAL_DMA_Abort_IT                         0x08001071   Thumb Code   148  stm32f1xx_hal_dma.o(i.HAL_DMA_Abort_IT)
    HAL_DMA_IRQHandler                       0x08001109   Thumb Code   316  stm32f1xx_hal_dma.o(i.HAL_DMA_IRQHandler)
    HAL_DMA_Init                             0x0800125d   Thumb Code    84  stm32f1xx_hal_dma.o(i.HAL_DMA_Init)
    HAL_Delay                                0x080012b9   Thumb Code    32  stm32f1xx_hal.o(i.HAL_Delay)
    HAL_GPIO_Init                            0x080012dd   Thumb Code   446  stm32f1xx_hal_gpio.o(i.HAL_GPIO_Init)
    HAL_GPIO_TogglePin                       0x080014bd   Thumb Code    16  stm32f1xx_hal_gpio.o(i.HAL_GPIO_TogglePin)
    HAL_GPIO_WritePin                        0x080014cd   Thumb Code    10  stm32f1xx_hal_gpio.o(i.HAL_GPIO_WritePin)
    HAL_GetTick                              0x080014d9   Thumb Code     6  stm32f1xx_hal.o(i.HAL_GetTick)
    HAL_IncTick                              0x080014e5   Thumb Code    12  stm32f1xx_hal.o(i.HAL_IncTick)
    HAL_Init                                 0x080014f5   Thumb Code    32  stm32f1xx_hal.o(i.HAL_Init)
    HAL_InitTick                             0x08001519   Thumb Code   100  stm32f1xx_hal_timebase_tim.o(i.HAL_InitTick)
    HAL_MspInit                              0x0800158d   Thumb Code    62  stm32f1xx_hal_msp.o(i.HAL_MspInit)
    HAL_NVIC_EnableIRQ                       0x080015d5   Thumb Code    26  stm32f1xx_hal_cortex.o(i.HAL_NVIC_EnableIRQ)
    HAL_NVIC_SetPriority                     0x080015f1   Thumb Code    60  stm32f1xx_hal_cortex.o(i.HAL_NVIC_SetPriority)
    HAL_NVIC_SetPriorityGrouping             0x08001631   Thumb Code    26  stm32f1xx_hal_cortex.o(i.HAL_NVIC_SetPriorityGrouping)
    HAL_RCCEx_PeriphCLKConfig                0x08001655   Thumb Code   224  stm32f1xx_hal_rcc_ex.o(i.HAL_RCCEx_PeriphCLKConfig)
    HAL_RCC_ClockConfig                      0x08001741   Thumb Code   280  stm32f1xx_hal_rcc.o(i.HAL_RCC_ClockConfig)
    HAL_RCC_GetClockConfig                   0x0800186d   Thumb Code    54  stm32f1xx_hal_rcc.o(i.HAL_RCC_GetClockConfig)
    HAL_RCC_GetPCLK1Freq                     0x080018ad   Thumb Code    20  stm32f1xx_hal_rcc.o(i.HAL_RCC_GetPCLK1Freq)
    HAL_RCC_GetPCLK2Freq                     0x080018cd   Thumb Code    20  stm32f1xx_hal_rcc.o(i.HAL_RCC_GetPCLK2Freq)
    HAL_RCC_GetSysClockFreq                  0x080018ed   Thumb Code    74  stm32f1xx_hal_rcc.o(i.HAL_RCC_GetSysClockFreq)
    HAL_RCC_OscConfig                        0x08001959   Thumb Code   778  stm32f1xx_hal_rcc.o(i.HAL_RCC_OscConfig)
    HAL_TIMEx_BreakCallback                  0x08001c79   Thumb Code     2  stm32f1xx_hal_tim_ex.o(i.HAL_TIMEx_BreakCallback)
    HAL_TIMEx_CommutCallback                 0x08001c7b   Thumb Code     2  stm32f1xx_hal_tim_ex.o(i.HAL_TIMEx_CommutCallback)
    HAL_TIMEx_MasterConfigSynchronization    0x08001c7d   Thumb Code    92  stm32f1xx_hal_tim_ex.o(i.HAL_TIMEx_MasterConfigSynchronization)
    HAL_TIM_Base_Init                        0x08001ce5   Thumb Code    90  stm32f1xx_hal_tim.o(i.HAL_TIM_Base_Init)
    HAL_TIM_Base_MspInit                     0x08001d41   Thumb Code    72  tim.o(i.HAL_TIM_Base_MspInit)
    HAL_TIM_Base_Start_IT                    0x08001d91   Thumb Code    76  stm32f1xx_hal_tim.o(i.HAL_TIM_Base_Start_IT)
    HAL_TIM_ConfigClockSource                0x08001de9   Thumb Code   214  stm32f1xx_hal_tim.o(i.HAL_TIM_ConfigClockSource)
    HAL_TIM_Encoder_Init                     0x08001ebf   Thumb Code   164  stm32f1xx_hal_tim.o(i.HAL_TIM_Encoder_Init)
    HAL_TIM_Encoder_MspInit                  0x08001f65   Thumb Code    72  tim.o(i.HAL_TIM_Encoder_MspInit)
    HAL_TIM_Encoder_Start                    0x08001fb9   Thumb Code   142  stm32f1xx_hal_tim.o(i.HAL_TIM_Encoder_Start)
    HAL_TIM_IC_CaptureCallback               0x08002047   Thumb Code     2  stm32f1xx_hal_tim.o(i.HAL_TIM_IC_CaptureCallback)
    HAL_TIM_IRQHandler                       0x08002049   Thumb Code   358  stm32f1xx_hal_tim.o(i.HAL_TIM_IRQHandler)
    HAL_TIM_MspPostInit                      0x080021b1   Thumb Code    82  tim.o(i.HAL_TIM_MspPostInit)
    HAL_TIM_OC_DelayElapsedCallback          0x08002211   Thumb Code     2  stm32f1xx_hal_tim.o(i.HAL_TIM_OC_DelayElapsedCallback)
    HAL_TIM_PWM_ConfigChannel                0x08002213   Thumb Code   198  stm32f1xx_hal_tim.o(i.HAL_TIM_PWM_ConfigChannel)
    HAL_TIM_PWM_Init                         0x080022d9   Thumb Code    90  stm32f1xx_hal_tim.o(i.HAL_TIM_PWM_Init)
    HAL_TIM_PWM_MspInit                      0x08002333   Thumb Code     2  stm32f1xx_hal_tim.o(i.HAL_TIM_PWM_MspInit)
    HAL_TIM_PWM_PulseFinishedCallback        0x08002335   Thumb Code     2  stm32f1xx_hal_tim.o(i.HAL_TIM_PWM_PulseFinishedCallback)
    HAL_TIM_PWM_Start                        0x08002339   Thumb Code   144  stm32f1xx_hal_tim.o(i.HAL_TIM_PWM_Start)
    HAL_TIM_PeriodElapsedCallback            0x080023d5   Thumb Code    14  main.o(i.HAL_TIM_PeriodElapsedCallback)
    HAL_TIM_TriggerCallback                  0x080023e9   Thumb Code     2  stm32f1xx_hal_tim.o(i.HAL_TIM_TriggerCallback)
    HAL_UARTEx_RxEventCallback               0x080023eb   Thumb Code     2  stm32f1xx_hal_uart.o(i.HAL_UARTEx_RxEventCallback)
    HAL_UART_ErrorCallback                   0x080023ed   Thumb Code     2  stm32f1xx_hal_uart.o(i.HAL_UART_ErrorCallback)
    HAL_UART_IRQHandler                      0x080023f1   Thumb Code   520  stm32f1xx_hal_uart.o(i.HAL_UART_IRQHandler)
    HAL_UART_Init                            0x080025fd   Thumb Code    98  stm32f1xx_hal_uart.o(i.HAL_UART_Init)
    HAL_UART_MspInit                         0x08002661   Thumb Code   214  usart.o(i.HAL_UART_MspInit)
    HAL_UART_Receive_IT                      0x0800274d   Thumb Code    42  stm32f1xx_hal_uart.o(i.HAL_UART_Receive_IT)
    HAL_UART_RxCpltCallback                  0x08002779   Thumb Code    44  tof200f_uart.o(i.HAL_UART_RxCpltCallback)
    HAL_UART_Transmit                        0x080027b5   Thumb Code   178  stm32f1xx_hal_uart.o(i.HAL_UART_Transmit)
    HAL_UART_TxCpltCallback                  0x08002867   Thumb Code     2  stm32f1xx_hal_uart.o(i.HAL_UART_TxCpltCallback)
    HardFault_Handler                        0x08002869   Thumb Code     2  stm32f1xx_it.o(i.HardFault_Handler)
    I2C_Start                                0x0800286d   Thumb Code    64  oled.o(i.I2C_Start)
    I2C_Stop                                 0x080028b1   Thumb Code    46  oled.o(i.I2C_Stop)
    I2C_WaitAck                              0x080028e5   Thumb Code    52  oled.o(i.I2C_WaitAck)
    IIC_delay                                0x0800291d   Thumb Code    10  oled.o(i.IIC_delay)
    MX_ADC1_Init                             0x08002929   Thumb Code    96  adc.o(i.MX_ADC1_Init)
    MX_DMA_Init                              0x08002991   Thumb Code    40  dma.o(i.MX_DMA_Init)
    MX_FREERTOS_Init                         0x080029bd   Thumb Code    46  freertos.o(i.MX_FREERTOS_Init)
    MX_GPIO_Init                             0x08002a01   Thumb Code   170  gpio.o(i.MX_GPIO_Init)
    MX_TIM2_Init                             0x08002abd   Thumb Code   144  tim.o(i.MX_TIM2_Init)
    MX_TIM3_Init                             0x08002b51   Thumb Code    96  tim.o(i.MX_TIM3_Init)
    MX_TIM4_Init                             0x08002bb9   Thumb Code    96  tim.o(i.MX_TIM4_Init)
    MX_USART1_UART_Init                      0x08002c21   Thumb Code    48  usart.o(i.MX_USART1_UART_Init)
    MX_USART3_UART_Init                      0x08002c59   Thumb Code    48  usart.o(i.MX_USART3_UART_Init)
    MemManage_Handler                        0x08002c91   Thumb Code     2  stm32f1xx_it.o(i.MemManage_Handler)
    NMI_Handler                              0x08002c93   Thumb Code     2  stm32f1xx_it.o(i.NMI_Handler)
    OLED_Clear                               0x08002c95   Thumb Code    40  oled.o(i.OLED_Clear)
    OLED_DrawLine                            0x08002cc1   Thumb Code   202  oled.o(i.OLED_DrawLine)
    OLED_DrawPoint                           0x08002d8d   Thumb Code    40  oled.o(i.OLED_DrawPoint)
    OLED_Init                                0x08002db9   Thumb Code   284  oled.o(i.OLED_Init)
    OLED_Refresh                             0x08002edd   Thumb Code   100  oled.o(i.OLED_Refresh)
    OLED_ShowChar                            0x08002f45   Thumb Code   212  oled.o(i.OLED_ShowChar)
    OLED_ShowString                          0x08003029   Thumb Code    60  oled.o(i.OLED_ShowString)
    OLED_WR_Byte                             0x08003065   Thumb Code    54  oled.o(i.OLED_WR_Byte)
    OLED_Windows_Style1                      0x0800309d   Thumb Code   152  oled.o(i.OLED_Windows_Style1)
    Send_Byte                                0x08003151   Thumb Code    78  oled.o(i.Send_Byte)
    StartControlMethodTask                   0x080031a5   Thumb Code   152  freertos.o(i.StartControlMethodTask)
    StartGetDataTask                         0x08003251   Thumb Code    46  freertos.o(i.StartGetDataTask)
    StartShowDataTask                        0x08003291   Thumb Code    28  freertos.o(i.StartShowDataTask)
    SysTick_Handler                          0x080032b1   Thumb Code    38  port.o(i.SysTick_Handler)
    SystemClock_Config                       0x080032dd   Thumb Code   122  main.o(i.SystemClock_Config)
    SystemInit                               0x08003357   Thumb Code     2  system_stm32f1xx.o(i.SystemInit)
    TIM1_UP_IRQHandler                       0x08003359   Thumb Code     6  stm32f1xx_it.o(i.TIM1_UP_IRQHandler)
    TIM4_IRQHandler                          0x08003365   Thumb Code     6  stm32f1xx_it.o(i.TIM4_IRQHandler)
    TIM_Base_SetConfig                       0x08003371   Thumb Code    94  stm32f1xx_hal_tim.o(i.TIM_Base_SetConfig)
    TIM_CCxChannelCmd                        0x080033dd   Thumb Code    26  stm32f1xx_hal_tim.o(i.TIM_CCxChannelCmd)
    TIM_ETR_SetConfig                        0x080033f7   Thumb Code    20  stm32f1xx_hal_tim.o(i.TIM_ETR_SetConfig)
    TIM_OC2_SetConfig                        0x0800346d   Thumb Code    84  stm32f1xx_hal_tim.o(i.TIM_OC2_SetConfig)
    TOF_HEXConvertToEngineerValye            0x080035a9   Thumb Code    22  tof200f.o(i.TOF_HEXConvertToEngineerValye)
    TOF_OriData_Filter                       0x080035c5   Thumb Code    30  tof200f.o(i.TOF_OriData_Filter)
    UART_Start_Receive_IT                    0x0800379d   Thumb Code    54  stm32f1xx_hal_uart.o(i.UART_Start_Receive_IT)
    USART1_IRQHandler                        0x08003839   Thumb Code     6  stm32f1xx_it.o(i.USART1_IRQHandler)
    USART3_IRQHandler                        0x08003845   Thumb Code     6  stm32f1xx_it.o(i.USART3_IRQHandler)
    UsageFault_Handler                       0x08003851   Thumb Code     2  stm32f1xx_it.o(i.UsageFault_Handler)
    VCMEncoderGetCnt                         0x08003855   Thumb Code    56  am26c32.o(i.VCMEncoderGetCnt)
    VCMEncoderGetPosition                    0x08003895   Thumb Code    36  am26c32.o(i.VCMEncoderGetPosition)
    VCMEncoderInit                           0x080038c5   Thumb Code    30  am26c32.o(i.VCMEncoderInit)
    VCMGoToOrigin                            0x080038ed   Thumb Code    68  vcmcontrol.o(i.VCMGoToOrigin)
    __0printf                                0x08003935   Thumb Code    22  printfa.o(i.__0printf)
    __1printf                                0x08003935   Thumb Code     0  printfa.o(i.__0printf)
    __2printf                                0x08003935   Thumb Code     0  printfa.o(i.__0printf)
    __c89printf                              0x08003935   Thumb Code     0  printfa.o(i.__0printf)
    printf                                   0x08003935   Thumb Code     0  printfa.o(i.__0printf)
    __scatterload_copy                       0x08003975   Thumb Code    14  handlers.o(i.__scatterload_copy)
    __scatterload_null                       0x08003983   Thumb Code     2  handlers.o(i.__scatterload_null)
    __scatterload_zeroinit                   0x08003985   Thumb Code    14  handlers.o(i.__scatterload_zeroinit)
    crc16                                    0x08004221   Thumb Code    40  tof200f_uart.o(i.crc16)
    fputc                                    0x0800424d   Thumb Code    20  usart.o(i.fputc)
    kalman_1                                 0x08004265   Thumb Code    84  filter.o(i.kalman_1)
    main                                     0x080042b9   Thumb Code   138  main.o(i.main)
    osDelay                                  0x0800436d   Thumb Code    46  cmsis_os2.o(i.osDelay)
    osKernelInitialize                       0x080043a1   Thumb Code    50  cmsis_os2.o(i.osKernelInitialize)
    osKernelStart                            0x080043d9   Thumb Code    58  cmsis_os2.o(i.osKernelStart)
    osThreadNew                              0x08004419   Thumb Code   160  cmsis_os2.o(i.osThreadNew)
    pvPortMalloc                             0x08004c01   Thumb Code   210  heap_4.o(i.pvPortMalloc)
    pxPortInitialiseStack                    0x08004cd9   Thumb Code    32  port.o(i.pxPortInitialiseStack)
    tof200f_init                             0x08004cfd   Thumb Code    18  tof200f_uart.o(i.tof200f_init)
    tof200f_trans                            0x08004d1d   Thumb Code    46  tof200f_uart.o(i.tof200f_trans)
    uart1_transact                           0x08004d59   Thumb Code    28  tof200f_uart.o(i.uart1_transact)
    uxListRemove                             0x08004d75   Thumb Code    38  list.o(i.uxListRemove)
    vApplicationGetIdleTaskMemory            0x08004d9d   Thumb Code    16  cmsis_os2.o(i.vApplicationGetIdleTaskMemory)
    vApplicationGetTimerTaskMemory           0x08004db1   Thumb Code    18  cmsis_os2.o(i.vApplicationGetTimerTaskMemory)
    vListInitialise                          0x08004dc9   Thumb Code    22  list.o(i.vListInitialise)
    vListInitialiseItem                      0x08004ddf   Thumb Code     6  list.o(i.vListInitialiseItem)
    vListInsert                              0x08004de5   Thumb Code    48  list.o(i.vListInsert)
    vListInsertEnd                           0x08004e15   Thumb Code    24  list.o(i.vListInsertEnd)
    vPortEnterCritical                       0x08004e2d   Thumb Code    54  port.o(i.vPortEnterCritical)
    vPortExitCritical                        0x08004e6d   Thumb Code    34  port.o(i.vPortExitCritical)
    vPortFree                                0x08004e95   Thumb Code    88  heap_4.o(i.vPortFree)
    vPortSetupTimerInterrupt                 0x08004ef1   Thumb Code    32  port.o(i.vPortSetupTimerInterrupt)
    vPortValidateInterruptPriority           0x08004f15   Thumb Code    74  port.o(i.vPortValidateInterruptPriority)
    vQueueAddToRegistry                      0x08004f69   Thumb Code    34  queue.o(i.vQueueAddToRegistry)
    vQueueWaitForMessageRestricted           0x08004f91   Thumb Code    68  queue.o(i.vQueueWaitForMessageRestricted)
    vTaskDelay                               0x08004fd5   Thumb Code    66  tasks.o(i.vTaskDelay)
    vTaskInternalSetTimeOutState             0x08005021   Thumb Code    12  tasks.o(i.vTaskInternalSetTimeOutState)
    vTaskMissedYield                         0x08005031   Thumb Code     8  tasks.o(i.vTaskMissedYield)
    vTaskPlaceOnEventList                    0x0800503d   Thumb Code    44  tasks.o(i.vTaskPlaceOnEventList)
    vTaskPlaceOnEventListRestricted          0x0800506d   Thumb Code    52  tasks.o(i.vTaskPlaceOnEventListRestricted)
    vTaskStartScheduler                      0x080050a5   Thumb Code   118  tasks.o(i.vTaskStartScheduler)
    vTaskSuspendAll                          0x0800512d   Thumb Code    10  tasks.o(i.vTaskSuspendAll)
    vTaskSwitchContext                       0x0800513d   Thumb Code    90  tasks.o(i.vTaskSwitchContext)
    xPortStartScheduler                      0x080051a1   Thumb Code   154  port.o(i.xPortStartScheduler)
    xQueueGenericCreateStatic                0x08005249   Thumb Code   102  queue.o(i.xQueueGenericCreateStatic)
    xQueueGenericReset                       0x080052b1   Thumb Code   132  queue.o(i.xQueueGenericReset)
    xQueueGenericSend                        0x08005339   Thumb Code   346  queue.o(i.xQueueGenericSend)
    xQueueGenericSendFromISR                 0x08005499   Thumb Code   188  queue.o(i.xQueueGenericSendFromISR)
    xQueueReceive                            0x08005555   Thumb Code   308  queue.o(i.xQueueReceive)
    xTaskCheckForTimeOut                     0x0800568d   Thumb Code   112  tasks.o(i.xTaskCheckForTimeOut)
    xTaskCreate                              0x08005701   Thumb Code    90  tasks.o(i.xTaskCreate)
    xTaskCreateStatic                        0x0800575b   Thumb Code    86  tasks.o(i.xTaskCreateStatic)
    xTaskGetSchedulerState                   0x080057b1   Thumb Code    22  tasks.o(i.xTaskGetSchedulerState)
    xTaskGetTickCount                        0x080057cd   Thumb Code     6  tasks.o(i.xTaskGetTickCount)
    xTaskIncrementTick                       0x080057d9   Thumb Code   190  tasks.o(i.xTaskIncrementTick)
    xTaskPriorityDisinherit                  0x080058a1   Thumb Code   118  tasks.o(i.xTaskPriorityDisinherit)
    xTaskRemoveFromEventList                 0x08005921   Thumb Code    98  tasks.o(i.xTaskRemoveFromEventList)
    xTaskResumeAll                           0x08005991   Thumb Code   182  tasks.o(i.xTaskResumeAll)
    xTimerCreateTimerTask                    0x08005a55   Thumb Code    78  timers.o(i.xTimerCreateTimerTask)
    xTimerGenericCommand                     0x08005ab5   Thumb Code    98  timers.o(i.xTimerGenericCommand)
    auchCRCHi                                0x08005b1c   Data         256  tof200f_uart.o(.constdata)
    auchCRCLo                                0x08005c1c   Data         256  tof200f_uart.o(.constdata)
    GetDataTask_attributes                   0x08005d1c   Data          36  freertos.o(.constdata)
    ShowDataTask_attributes                  0x08005d40   Data          36  freertos.o(.constdata)
    ControlMethodTa_attributes               0x08005d64   Data          36  freertos.o(.constdata)
    asc2_0806                                0x08005d88   Data         552  oled.o(.constdata)
    asc2_1206                                0x08005fb0   Data        1140  oled.o(.constdata)
    asc2_1608                                0x08006424   Data        1520  oled.o(.constdata)
    asc2_2412                                0x08006a14   Data        3420  oled.o(.constdata)
    Hzk1                                     0x08007770   Data         384  oled.o(.constdata)
    Hzk2                                     0x080078f0   Data          72  oled.o(.constdata)
    Hzk3                                     0x08007938   Data         128  oled.o(.constdata)
    Hzk4                                     0x080079b8   Data         512  oled.o(.constdata)
    AHBPrescTable                            0x08007bb8   Data          16  system_stm32f1xx.o(.constdata)
    APBPrescTable                            0x08007bc8   Data           8  system_stm32f1xx.o(.constdata)
    Region$$Table$$Base                      0x08007bfc   Number         0  anon$$obj.o(Region$$Table)
    Region$$Table$$Limit                     0x08007c1c   Number         0  anon$$obj.o(Region$$Table)
    uart1_rec_num                            0x20000000   Data           1  tof200f_uart.o(.data)
    uart1_rec_tick                           0x20000004   Data           4  tof200f_uart.o(.data)
    pre_position                             0x20000008   Data           4  freertos.o(.data)
    set_position                             0x2000000c   Data           4  freertos.o(.data)
    Actual_Position                          0x20000010   Data           4  freertos.o(.data)
    error_position                           0x20000014   Data           4  freertos.o(.data)
    error_position_old                       0x20000018   Data           4  freertos.o(.data)
    error_position_old2                      0x2000001c   Data           4  freertos.o(.data)
    Kp_Position                              0x20000020   Data           4  freertos.o(.data)
    Ki_Position                              0x20000024   Data           4  freertos.o(.data)
    Filter_distance                          0x20000028   Data           4  freertos.o(.data)
    GetDataTaskHandle                        0x2000002c   Data           4  freertos.o(.data)
    ShowDataTaskHandle                       0x20000030   Data           4  freertos.o(.data)
    ControlMethodTaHandle                    0x20000034   Data           4  freertos.o(.data)
    Sensor_data                              0x20000038   Data           6  freertos.o(.data)
    n                                        0x20000040   Data           1  adc.o(.data)
    i                                        0x20000041   Data           1  adc.o(.data)
    _u32Value1                               0x20000044   Data           4  adc.o(.data)
    _u32Value2                               0x20000048   Data           4  adc.o(.data)
    gVCMEncoder                              0x20000054   Data           8  am26c32.o(.data)
    pwm_control_params                       0x2000005c   Data           8  vcmcontrol.o(.data)
    uwTickFreq                               0x2000007c   Data           1  stm32f1xx_hal.o(.data)
    uwTickPrio                               0x20000080   Data           4  stm32f1xx_hal.o(.data)
    uwTick                                   0x20000084   Data           4  stm32f1xx_hal.o(.data)
    SystemCoreClock                          0x20000088   Data           4  system_stm32f1xx.o(.data)
    pxCurrentTCB                             0x2000008c   Data           4  tasks.o(.data)
    __stdout                                 0x20000104   Data           4  stdout.o(.data)
    sz_uart1_buf                             0x20000108   Data          64  tof200f_uart.o(.bss)
    hadc1                                    0x20000148   Data          48  adc.o(.bss)
    hdma_adc1                                0x20000178   Data          68  adc.o(.bss)
    adc_value                                0x200001bc   Data          80  adc.o(.bss)
    htim2                                    0x2000020c   Data          72  tim.o(.bss)
    htim3                                    0x20000254   Data          72  tim.o(.bss)
    htim4                                    0x2000029c   Data          72  tim.o(.bss)
    huart1                                   0x200002e4   Data          68  usart.o(.bss)
    huart3                                   0x20000328   Data          68  usart.o(.bss)
    htim1                                    0x2000036c   Data          72  stm32f1xx_hal_timebase_tim.o(.bss)
    main_data                                0x200003b4   Data          16  vcmcontrol.o(.bss)
    OLED_GRAM                                0x200003c4   Data        1536  oled.o(.bss)
    xQueueRegistry                           0x200009c4   Data          64  queue.o(.bss)
    __initial_sp                             0x20002698   Data           0  startup_stm32f103xb.o(STACK)



==============================================================================

Memory Map of the image

  Image Entry point : 0x080000ed

  Load Region LR_IROM1 (Base: 0x08000000, Size: 0x00007d24, Max: 0x00020000, ABSOLUTE)

    Execution Region ER_IROM1 (Exec base: 0x08000000, Load base: 0x08000000, Size: 0x00007c1c, Max: 0x00020000, ABSOLUTE)

    Exec Addr    Load Addr    Size         Type   Attr      Idx    E Section Name        Object

    0x08000000   0x08000000   0x000000ec   Data   RO            3    RESET               startup_stm32f103xb.o
    0x080000ec   0x080000ec   0x00000000   Code   RO         5597  * .ARM.Collect$$$$00000000  mc_w.l(entry.o)
    0x080000ec   0x080000ec   0x00000004   Code   RO         5895    .ARM.Collect$$$$00000001  mc_w.l(entry2.o)
    0x080000f0   0x080000f0   0x00000004   Code   RO         5898    .ARM.Collect$$$$00000004  mc_w.l(entry5.o)
    0x080000f4   0x080000f4   0x00000000   Code   RO         5900    .ARM.Collect$$$$00000008  mc_w.l(entry7b.o)
    0x080000f4   0x080000f4   0x00000000   Code   RO         5902    .ARM.Collect$$$$0000000A  mc_w.l(entry8b.o)
    0x080000f4   0x080000f4   0x00000008   Code   RO         5903    .ARM.Collect$$$$0000000B  mc_w.l(entry9a.o)
    0x080000fc   0x080000fc   0x00000004   Code   RO         5910    .ARM.Collect$$$$0000000E  mc_w.l(entry12b.o)
    0x08000100   0x08000100   0x00000000   Code   RO         5905    .ARM.Collect$$$$0000000F  mc_w.l(entry10a.o)
    0x08000100   0x08000100   0x00000000   Code   RO         5907    .ARM.Collect$$$$00000011  mc_w.l(entry11a.o)
    0x08000100   0x08000100   0x00000004   Code   RO         5896    .ARM.Collect$$$$00002712  mc_w.l(entry2.o)
    0x08000104   0x08000104   0x00000096   Code   RO         5520    .emb_text           port.o
    0x0800019a   0x0800019a   0x00000002   PAD
    0x0800019c   0x0800019c   0x00000024   Code   RO            4    .text               startup_stm32f103xb.o
    0x080001c0   0x080001c0   0x00000020   Code   RO         5600    .text               mc_w.l(llushr.o)
    0x080001e0   0x080001e0   0x00000024   Code   RO         5602    .text               mc_w.l(memcpya.o)
    0x08000204   0x08000204   0x00000024   Code   RO         5606    .text               mc_w.l(memseta.o)
    0x08000228   0x08000228   0x000000b0   Code   RO         5871    .text               mf_w.l(fadd.o)
    0x080002d8   0x080002d8   0x00000064   Code   RO         5873    .text               mf_w.l(fmul.o)
    0x0800033c   0x0800033c   0x0000007c   Code   RO         5875    .text               mf_w.l(fdiv.o)
    0x080003b8   0x080003b8   0x000000e4   Code   RO         5877    .text               mf_w.l(dmul.o)
    0x0800049c   0x0800049c   0x00000012   Code   RO         5879    .text               mf_w.l(fflti.o)
    0x080004ae   0x080004ae   0x0000000a   Code   RO         5881    .text               mf_w.l(ffltui.o)
    0x080004b8   0x080004b8   0x0000001a   Code   RO         5885    .text               mf_w.l(dfltui.o)
    0x080004d2   0x080004d2   0x00000032   Code   RO         5887    .text               mf_w.l(ffixi.o)
    0x08000504   0x08000504   0x00000028   Code   RO         5889    .text               mf_w.l(ffixui.o)
    0x0800052c   0x0800052c   0x00000026   Code   RO         5891    .text               mf_w.l(f2d.o)
    0x08000552   0x08000552   0x00000038   Code   RO         5893    .text               mf_w.l(d2f.o)
    0x0800058a   0x0800058a   0x0000002c   Code   RO         5912    .text               mc_w.l(uidiv.o)
    0x080005b6   0x080005b6   0x00000062   Code   RO         5914    .text               mc_w.l(uldiv.o)
    0x08000618   0x08000618   0x00000000   Code   RO         5916    .text               mc_w.l(iusefp.o)
    0x08000618   0x08000618   0x0000006e   Code   RO         5917    .text               mf_w.l(fepilogue.o)
    0x08000686   0x08000686   0x000000ba   Code   RO         5919    .text               mf_w.l(depilogue.o)
    0x08000740   0x08000740   0x0000014e   Code   RO         5921    .text               mf_w.l(dadd.o)
    0x0800088e   0x0800088e   0x000000de   Code   RO         5923    .text               mf_w.l(ddiv.o)
    0x0800096c   0x0800096c   0x00000030   Code   RO         5925    .text               mf_w.l(dfixul.o)
    0x0800099c   0x0800099c   0x00000030   Code   RO         5927    .text               mf_w.l(cdrcmple.o)
    0x080009cc   0x080009cc   0x00000024   Code   RO         5929    .text               mc_w.l(init.o)
    0x080009f0   0x080009f0   0x0000001e   Code   RO         5931    .text               mc_w.l(llshl.o)
    0x08000a0e   0x08000a0e   0x00000024   Code   RO         5933    .text               mc_w.l(llsshr.o)
    0x08000a32   0x08000a32   0x00000002   PAD
    0x08000a34   0x08000a34   0x0000000c   Code   RO          690    i.ADC1_2_IRQHandler  stm32f1xx_it.o
    0x08000a40   0x08000a40   0x00000056   Code   RO         1334    i.ADC_ConversionStop_Disable  stm32f1xx_hal_adc.o
    0x08000a96   0x08000a96   0x00000002   PAD
    0x08000a98   0x08000a98   0x0000007c   Code   RO         1338    i.ADC_Enable        stm32f1xx_hal_adc.o
    0x08000b14   0x08000b14   0x00000002   Code   RO          691    i.BusFault_Handler  stm32f1xx_it.o
    0x08000b16   0x08000b16   0x00000002   PAD
    0x08000b18   0x08000b18   0x0000000c   Code   RO          692    i.DMA1_Channel1_IRQHandler  stm32f1xx_it.o
    0x08000b24   0x08000b24   0x00000002   Code   RO          693    i.DebugMon_Handler  stm32f1xx_it.o
    0x08000b26   0x08000b26   0x00000002   PAD
    0x08000b28   0x08000b28   0x00000024   Code   RO          997    i.Down_Move         vcmcontrol.o
    0x08000b4c   0x08000b4c   0x00000004   Code   RO          159    i.Error_Handler     main.o
    0x08000b50   0x08000b50   0x00000004   Code   RO          878    i.GetVCMPositon     positionpid.o
    0x08000b54   0x08000b54   0x0000001c   Code   RO          847    i.GetVCMPreSpeed    speedpid.o
    0x08000b70   0x08000b70   0x00000002   Code   RO         1516    i.HAL_ADCEx_InjectedConvCpltCallback  stm32f1xx_hal_adc_ex.o
    0x08000b72   0x08000b72   0x00000002   PAD
    0x08000b74   0x08000b74   0x000000fc   Code   RO         1340    i.HAL_ADC_ConfigChannel  stm32f1xx_hal_adc.o
    0x08000c70   0x08000c70   0x00000040   Code   RO          472    i.HAL_ADC_ConvCpltCallback  adc.o
    0x08000cb0   0x08000cb0   0x00000006   Code   RO         1347    i.HAL_ADC_GetValue  stm32f1xx_hal_adc.o
    0x08000cb6   0x08000cb6   0x000000e6   Code   RO         1348    i.HAL_ADC_IRQHandler  stm32f1xx_hal_adc.o
    0x08000d9c   0x08000d9c   0x0000011c   Code   RO         1349    i.HAL_ADC_Init      stm32f1xx_hal_adc.o
    0x08000eb8   0x08000eb8   0x00000002   Code   RO         1350    i.HAL_ADC_LevelOutOfWindowCallback  stm32f1xx_hal_adc.o
    0x08000eba   0x08000eba   0x00000002   PAD
    0x08000ebc   0x08000ebc   0x000000a0   Code   RO          474    i.HAL_ADC_MspInit   adc.o
    0x08000f5c   0x08000f5c   0x000000cc   Code   RO         1357    i.HAL_ADC_Start_IT  stm32f1xx_hal_adc.o
    0x08001028   0x08001028   0x00000046   Code   RO         1989    i.HAL_DMA_Abort     stm32f1xx_hal_dma.o
    0x0800106e   0x0800106e   0x00000002   PAD
    0x08001070   0x08001070   0x00000098   Code   RO         1990    i.HAL_DMA_Abort_IT  stm32f1xx_hal_dma.o
    0x08001108   0x08001108   0x00000154   Code   RO         1994    i.HAL_DMA_IRQHandler  stm32f1xx_hal_dma.o
    0x0800125c   0x0800125c   0x0000005c   Code   RO         1995    i.HAL_DMA_Init      stm32f1xx_hal_dma.o
    0x080012b8   0x080012b8   0x00000024   Code   RO         1617    i.HAL_Delay         stm32f1xx_hal.o
    0x080012dc   0x080012dc   0x000001e0   Code   RO         1925    i.HAL_GPIO_Init     stm32f1xx_hal_gpio.o
    0x080014bc   0x080014bc   0x00000010   Code   RO         1928    i.HAL_GPIO_TogglePin  stm32f1xx_hal_gpio.o
    0x080014cc   0x080014cc   0x0000000a   Code   RO         1929    i.HAL_GPIO_WritePin  stm32f1xx_hal_gpio.o
    0x080014d6   0x080014d6   0x00000002   PAD
    0x080014d8   0x080014d8   0x0000000c   Code   RO         1621    i.HAL_GetTick       stm32f1xx_hal.o
    0x080014e4   0x080014e4   0x00000010   Code   RO         1627    i.HAL_IncTick       stm32f1xx_hal.o
    0x080014f4   0x080014f4   0x00000024   Code   RO         1628    i.HAL_Init          stm32f1xx_hal.o
    0x08001518   0x08001518   0x00000074   Code   RO          808    i.HAL_InitTick      stm32f1xx_hal_timebase_tim.o
    0x0800158c   0x0800158c   0x00000048   Code   RO          784    i.HAL_MspInit       stm32f1xx_hal_msp.o
    0x080015d4   0x080015d4   0x0000001a   Code   RO         2085    i.HAL_NVIC_EnableIRQ  stm32f1xx_hal_cortex.o
    0x080015ee   0x080015ee   0x00000002   PAD
    0x080015f0   0x080015f0   0x00000040   Code   RO         2091    i.HAL_NVIC_SetPriority  stm32f1xx_hal_cortex.o
    0x08001630   0x08001630   0x00000024   Code   RO         2092    i.HAL_NVIC_SetPriorityGrouping  stm32f1xx_hal_cortex.o
    0x08001654   0x08001654   0x000000ec   Code   RO         1888    i.HAL_RCCEx_PeriphCLKConfig  stm32f1xx_hal_rcc_ex.o
    0x08001740   0x08001740   0x0000012c   Code   RO         1785    i.HAL_RCC_ClockConfig  stm32f1xx_hal_rcc.o
    0x0800186c   0x0800186c   0x00000040   Code   RO         1789    i.HAL_RCC_GetClockConfig  stm32f1xx_hal_rcc.o
    0x080018ac   0x080018ac   0x00000020   Code   RO         1792    i.HAL_RCC_GetPCLK1Freq  stm32f1xx_hal_rcc.o
    0x080018cc   0x080018cc   0x00000020   Code   RO         1793    i.HAL_RCC_GetPCLK2Freq  stm32f1xx_hal_rcc.o
    0x080018ec   0x080018ec   0x0000006c   Code   RO         1794    i.HAL_RCC_GetSysClockFreq  stm32f1xx_hal_rcc.o
    0x08001958   0x08001958   0x00000320   Code   RO         1797    i.HAL_RCC_OscConfig  stm32f1xx_hal_rcc.o
    0x08001c78   0x08001c78   0x00000002   Code   RO         3291    i.HAL_TIMEx_BreakCallback  stm32f1xx_hal_tim_ex.o
    0x08001c7a   0x08001c7a   0x00000002   Code   RO         3292    i.HAL_TIMEx_CommutCallback  stm32f1xx_hal_tim_ex.o
    0x08001c7c   0x08001c7c   0x00000068   Code   RO         3310    i.HAL_TIMEx_MasterConfigSynchronization  stm32f1xx_hal_tim_ex.o
    0x08001ce4   0x08001ce4   0x0000005a   Code   RO         2587    i.HAL_TIM_Base_Init  stm32f1xx_hal_tim.o
    0x08001d3e   0x08001d3e   0x00000002   PAD
    0x08001d40   0x08001d40   0x00000050   Code   RO          559    i.HAL_TIM_Base_MspInit  tim.o
    0x08001d90   0x08001d90   0x00000058   Code   RO         2592    i.HAL_TIM_Base_Start_IT  stm32f1xx_hal_tim.o
    0x08001de8   0x08001de8   0x000000d6   Code   RO         2596    i.HAL_TIM_ConfigClockSource  stm32f1xx_hal_tim.o
    0x08001ebe   0x08001ebe   0x000000a4   Code   RO         2608    i.HAL_TIM_Encoder_Init  stm32f1xx_hal_tim.o
    0x08001f62   0x08001f62   0x00000002   PAD
    0x08001f64   0x08001f64   0x00000054   Code   RO          561    i.HAL_TIM_Encoder_MspInit  tim.o
    0x08001fb8   0x08001fb8   0x0000008e   Code   RO         2611    i.HAL_TIM_Encoder_Start  stm32f1xx_hal_tim.o
    0x08002046   0x08002046   0x00000002   Code   RO         2621    i.HAL_TIM_IC_CaptureCallback  stm32f1xx_hal_tim.o
    0x08002048   0x08002048   0x00000166   Code   RO         2635    i.HAL_TIM_IRQHandler  stm32f1xx_hal_tim.o
    0x080021ae   0x080021ae   0x00000002   PAD
    0x080021b0   0x080021b0   0x00000060   Code   RO          562    i.HAL_TIM_MspPostInit  tim.o
    0x08002210   0x08002210   0x00000002   Code   RO         2638    i.HAL_TIM_OC_DelayElapsedCallback  stm32f1xx_hal_tim.o
    0x08002212   0x08002212   0x000000c6   Code   RO         2659    i.HAL_TIM_PWM_ConfigChannel  stm32f1xx_hal_tim.o
    0x080022d8   0x080022d8   0x0000005a   Code   RO         2662    i.HAL_TIM_PWM_Init  stm32f1xx_hal_tim.o
    0x08002332   0x08002332   0x00000002   Code   RO         2664    i.HAL_TIM_PWM_MspInit  stm32f1xx_hal_tim.o
    0x08002334   0x08002334   0x00000002   Code   RO         2665    i.HAL_TIM_PWM_PulseFinishedCallback  stm32f1xx_hal_tim.o
    0x08002336   0x08002336   0x00000002   PAD
    0x08002338   0x08002338   0x0000009c   Code   RO         2667    i.HAL_TIM_PWM_Start  stm32f1xx_hal_tim.o
    0x080023d4   0x080023d4   0x00000014   Code   RO          160    i.HAL_TIM_PeriodElapsedCallback  main.o
    0x080023e8   0x080023e8   0x00000002   Code   RO         2678    i.HAL_TIM_TriggerCallback  stm32f1xx_hal_tim.o
    0x080023ea   0x080023ea   0x00000002   Code   RO         3569    i.HAL_UARTEx_RxEventCallback  stm32f1xx_hal_uart.o
    0x080023ec   0x080023ec   0x00000002   Code   RO         3583    i.HAL_UART_ErrorCallback  stm32f1xx_hal_uart.o
    0x080023ee   0x080023ee   0x00000002   PAD
    0x080023f0   0x080023f0   0x0000020c   Code   RO         3586    i.HAL_UART_IRQHandler  stm32f1xx_hal_uart.o
    0x080025fc   0x080025fc   0x00000062   Code   RO         3587    i.HAL_UART_Init     stm32f1xx_hal_uart.o
    0x0800265e   0x0800265e   0x00000002   PAD
    0x08002660   0x08002660   0x000000ec   Code   RO          631    i.HAL_UART_MspInit  usart.o
    0x0800274c   0x0800274c   0x0000002a   Code   RO         3592    i.HAL_UART_Receive_IT  stm32f1xx_hal_uart.o
    0x08002776   0x08002776   0x00000002   PAD
    0x08002778   0x08002778   0x0000003c   Code   RO           13    i.HAL_UART_RxCpltCallback  tof200f_uart.o
    0x080027b4   0x080027b4   0x000000b2   Code   RO         3595    i.HAL_UART_Transmit  stm32f1xx_hal_uart.o
    0x08002866   0x08002866   0x00000002   Code   RO         3598    i.HAL_UART_TxCpltCallback  stm32f1xx_hal_uart.o
    0x08002868   0x08002868   0x00000002   Code   RO          694    i.HardFault_Handler  stm32f1xx_it.o
    0x0800286a   0x0800286a   0x00000002   PAD
    0x0800286c   0x0800286c   0x00000044   Code   RO         1129    i.I2C_Start         oled.o
    0x080028b0   0x080028b0   0x00000034   Code   RO         1130    i.I2C_Stop          oled.o
    0x080028e4   0x080028e4   0x00000038   Code   RO         1131    i.I2C_WaitAck       oled.o
    0x0800291c   0x0800291c   0x0000000a   Code   RO         1132    i.IIC_delay         oled.o
    0x08002926   0x08002926   0x00000002   PAD
    0x08002928   0x08002928   0x00000068   Code   RO          475    i.MX_ADC1_Init      adc.o
    0x08002990   0x08002990   0x0000002c   Code   RO          531    i.MX_DMA_Init       dma.o
    0x080029bc   0x080029bc   0x00000044   Code   RO          391    i.MX_FREERTOS_Init  freertos.o
    0x08002a00   0x08002a00   0x000000bc   Code   RO          364    i.MX_GPIO_Init      gpio.o
    0x08002abc   0x08002abc   0x00000094   Code   RO          563    i.MX_TIM2_Init      tim.o
    0x08002b50   0x08002b50   0x00000068   Code   RO          564    i.MX_TIM3_Init      tim.o
    0x08002bb8   0x08002bb8   0x00000068   Code   RO          565    i.MX_TIM4_Init      tim.o
    0x08002c20   0x08002c20   0x00000038   Code   RO          632    i.MX_USART1_UART_Init  usart.o
    0x08002c58   0x08002c58   0x00000038   Code   RO          633    i.MX_USART3_UART_Init  usart.o
    0x08002c90   0x08002c90   0x00000002   Code   RO          695    i.MemManage_Handler  stm32f1xx_it.o
    0x08002c92   0x08002c92   0x00000002   Code   RO          696    i.NMI_Handler       stm32f1xx_it.o
    0x08002c94   0x08002c94   0x0000002c   Code   RO         1133    i.OLED_Clear        oled.o
    0x08002cc0   0x08002cc0   0x000000ca   Code   RO         1139    i.OLED_DrawLine     oled.o
    0x08002d8a   0x08002d8a   0x00000002   PAD
    0x08002d8c   0x08002d8c   0x0000002c   Code   RO         1140    i.OLED_DrawPoint    oled.o
    0x08002db8   0x08002db8   0x00000124   Code   RO         1141    i.OLED_Init         oled.o
    0x08002edc   0x08002edc   0x00000068   Code   RO         1143    i.OLED_Refresh      oled.o
    0x08002f44   0x08002f44   0x000000e4   Code   RO         1145    i.OLED_ShowChar     oled.o
    0x08003028   0x08003028   0x0000003c   Code   RO         1149    i.OLED_ShowString   oled.o
    0x08003064   0x08003064   0x00000036   Code   RO         1150    i.OLED_WR_Byte      oled.o
    0x0800309a   0x0800309a   0x00000002   PAD
    0x0800309c   0x0800309c   0x000000b4   Code   RO         1151    i.OLED_Windows_Style1  oled.o
    0x08003150   0x08003150   0x00000054   Code   RO         1152    i.Send_Byte         oled.o
    0x080031a4   0x080031a4   0x000000ac   Code   RO          392    i.StartControlMethodTask  freertos.o
    0x08003250   0x08003250   0x00000040   Code   RO          393    i.StartGetDataTask  freertos.o
    0x08003290   0x08003290   0x00000020   Code   RO          394    i.StartShowDataTask  freertos.o
    0x080032b0   0x080032b0   0x0000002c   Code   RO         5521    i.SysTick_Handler   port.o
    0x080032dc   0x080032dc   0x0000007a   Code   RO          161    i.SystemClock_Config  main.o
    0x08003356   0x08003356   0x00000002   Code   RO         3916    i.SystemInit        system_stm32f1xx.o
    0x08003358   0x08003358   0x0000000c   Code   RO          697    i.TIM1_UP_IRQHandler  stm32f1xx_it.o
    0x08003364   0x08003364   0x0000000c   Code   RO          698    i.TIM4_IRQHandler   stm32f1xx_it.o
    0x08003370   0x08003370   0x0000006c   Code   RO         2680    i.TIM_Base_SetConfig  stm32f1xx_hal_tim.o
    0x080033dc   0x080033dc   0x0000001a   Code   RO         2681    i.TIM_CCxChannelCmd  stm32f1xx_hal_tim.o
    0x080033f6   0x080033f6   0x00000014   Code   RO         2691    i.TIM_ETR_SetConfig  stm32f1xx_hal_tim.o
    0x0800340a   0x0800340a   0x00000010   Code   RO         2692    i.TIM_ITRx_SetConfig  stm32f1xx_hal_tim.o
    0x0800341a   0x0800341a   0x00000002   PAD
    0x0800341c   0x0800341c   0x00000050   Code   RO         2693    i.TIM_OC1_SetConfig  stm32f1xx_hal_tim.o
    0x0800346c   0x0800346c   0x00000058   Code   RO         2694    i.TIM_OC2_SetConfig  stm32f1xx_hal_tim.o
    0x080034c4   0x080034c4   0x00000058   Code   RO         2695    i.TIM_OC3_SetConfig  stm32f1xx_hal_tim.o
    0x0800351c   0x0800351c   0x00000044   Code   RO         2696    i.TIM_OC4_SetConfig  stm32f1xx_hal_tim.o
    0x08003560   0x08003560   0x00000022   Code   RO         2698    i.TIM_TI1_ConfigInputStage  stm32f1xx_hal_tim.o
    0x08003582   0x08003582   0x00000024   Code   RO         2700    i.TIM_TI2_ConfigInputStage  stm32f1xx_hal_tim.o
    0x080035a6   0x080035a6   0x00000002   PAD
    0x080035a8   0x080035a8   0x0000001c   Code   RO         1091    i.TOF_HEXConvertToEngineerValye  tof200f.o
    0x080035c4   0x080035c4   0x00000028   Code   RO         1092    i.TOF_OriData_Filter  tof200f.o
    0x080035ec   0x080035ec   0x00000010   Code   RO         3600    i.UART_DMAAbortOnError  stm32f1xx_hal_uart.o
    0x080035fc   0x080035fc   0x00000030   Code   RO         3610    i.UART_EndRxTransfer  stm32f1xx_hal_uart.o
    0x0800362c   0x0800362c   0x000000b6   Code   RO         3612    i.UART_Receive_IT   stm32f1xx_hal_uart.o
    0x080036e2   0x080036e2   0x00000002   PAD
    0x080036e4   0x080036e4   0x000000b8   Code   RO         3613    i.UART_SetConfig    stm32f1xx_hal_uart.o
    0x0800379c   0x0800379c   0x00000036   Code   RO         3615    i.UART_Start_Receive_IT  stm32f1xx_hal_uart.o
    0x080037d2   0x080037d2   0x00000064   Code   RO         3616    i.UART_WaitOnFlagUntilTimeout  stm32f1xx_hal_uart.o
    0x08003836   0x08003836   0x00000002   PAD
    0x08003838   0x08003838   0x0000000c   Code   RO          699    i.USART1_IRQHandler  stm32f1xx_it.o
    0x08003844   0x08003844   0x0000000c   Code   RO          700    i.USART3_IRQHandler  stm32f1xx_it.o
    0x08003850   0x08003850   0x00000002   Code   RO          701    i.UsageFault_Handler  stm32f1xx_it.o
    0x08003852   0x08003852   0x00000002   PAD
    0x08003854   0x08003854   0x00000040   Code   RO          905    i.VCMEncoderGetCnt  am26c32.o
    0x08003894   0x08003894   0x00000030   Code   RO          906    i.VCMEncoderGetPosition  am26c32.o
    0x080038c4   0x080038c4   0x00000028   Code   RO          907    i.VCMEncoderInit    am26c32.o
    0x080038ec   0x080038ec   0x00000048   Code   RO          999    i.VCMGoToOrigin     vcmcontrol.o
    0x08003934   0x08003934   0x00000020   Code   RO         5843    i.__0printf         mc_w.l(printfa.o)
    0x08003954   0x08003954   0x00000020   Code   RO         2098    i.__NVIC_SetPriority  stm32f1xx_hal_cortex.o
    0x08003974   0x08003974   0x0000000e   Code   RO         5937    i.__scatterload_copy  mc_w.l(handlers.o)
    0x08003982   0x08003982   0x00000002   Code   RO         5938    i.__scatterload_null  mc_w.l(handlers.o)
    0x08003984   0x08003984   0x0000000e   Code   RO         5939    i.__scatterload_zeroinit  mc_w.l(handlers.o)
    0x08003992   0x08003992   0x00000002   PAD
    0x08003994   0x08003994   0x00000184   Code   RO         5850    i._fp_digits        mc_w.l(printfa.o)
    0x08003b18   0x08003b18   0x000006b4   Code   RO         5851    i._printf_core      mc_w.l(printfa.o)
    0x080041cc   0x080041cc   0x00000024   Code   RO         5852    i._printf_post_padding  mc_w.l(printfa.o)
    0x080041f0   0x080041f0   0x0000002e   Code   RO         5853    i._printf_pre_padding  mc_w.l(printfa.o)
    0x0800421e   0x0800421e   0x00000002   PAD
    0x08004220   0x08004220   0x0000002c   Code   RO           14    i.crc16             tof200f_uart.o
    0x0800424c   0x0800424c   0x00000018   Code   RO          635    i.fputc             usart.o
    0x08004264   0x08004264   0x00000054   Code   RO         1046    i.kalman_1          filter.o
    0x080042b8   0x080042b8   0x000000b4   Code   RO          162    i.main              main.o
    0x0800436c   0x0800436c   0x00000034   Code   RO         5050    i.osDelay           cmsis_os2.o
    0x080043a0   0x080043a0   0x00000038   Code   RO         5064    i.osKernelInitialize  cmsis_os2.o
    0x080043d8   0x080043d8   0x00000040   Code   RO         5067    i.osKernelStart     cmsis_os2.o
    0x08004418   0x08004418   0x000000a4   Code   RO         5101    i.osThreadNew       cmsis_os2.o
    0x080044bc   0x080044bc   0x0000005c   Code   RO         4546    i.prvAddCurrentTaskToDelayedList  tasks.o
    0x08004518   0x08004518   0x000000d0   Code   RO         4547    i.prvAddNewTaskToReadyList  tasks.o
    0x080045e8   0x080045e8   0x00000058   Code   RO         4896    i.prvCheckForValidListAndQueue  timers.o
    0x08004640   0x08004640   0x00000026   Code   RO         4149    i.prvCopyDataFromQueue  queue.o
    0x08004666   0x08004666   0x0000006c   Code   RO         4150    i.prvCopyDataToQueue  queue.o
    0x080046d2   0x080046d2   0x00000034   Code   RO         4548    i.prvDeleteTCB      tasks.o
    0x08004706   0x08004706   0x00000002   PAD
    0x08004708   0x08004708   0x0000004c   Code   RO         5471    i.prvHeapInit       heap_4.o
    0x08004754   0x08004754   0x00000060   Code   RO         4549    i.prvIdleTask       tasks.o
    0x080047b4   0x080047b4   0x00000022   Code   RO         4152    i.prvInitialiseNewQueue  queue.o
    0x080047d6   0x080047d6   0x0000009c   Code   RO         4550    i.prvInitialiseNewTask  tasks.o
    0x08004872   0x08004872   0x00000002   PAD
    0x08004874   0x08004874   0x0000004c   Code   RO         5472    i.prvInsertBlockIntoFreeList  heap_4.o
    0x080048c0   0x080048c0   0x00000038   Code   RO         4898    i.prvInsertTimerInActiveList  timers.o
    0x080048f8   0x080048f8   0x0000001c   Code   RO         4153    i.prvIsQueueEmpty   queue.o
    0x08004914   0x08004914   0x000000cc   Code   RO         4899    i.prvProcessReceivedCommands  timers.o
    0x080049e0   0x080049e0   0x000000b4   Code   RO         4900    i.prvProcessTimerOrBlockTask  timers.o
    0x08004a94   0x08004a94   0x00000020   Code   RO         4552    i.prvResetNextTaskUnblockTime  tasks.o
    0x08004ab4   0x08004ab4   0x00000028   Code   RO         4901    i.prvSampleTimeNow  timers.o
    0x08004adc   0x08004adc   0x0000006c   Code   RO         4902    i.prvSwitchTimerLists  timers.o
    0x08004b48   0x08004b48   0x00000028   Code   RO         5522    i.prvTaskExitError  port.o
    0x08004b70   0x08004b70   0x00000024   Code   RO         4903    i.prvTimerTask      timers.o
    0x08004b94   0x08004b94   0x0000006a   Code   RO         4154    i.prvUnlockQueue    queue.o
    0x08004bfe   0x08004bfe   0x00000002   PAD
    0x08004c00   0x08004c00   0x000000d8   Code   RO         5473    i.pvPortMalloc      heap_4.o
    0x08004cd8   0x08004cd8   0x00000024   Code   RO         5523    i.pxPortInitialiseStack  port.o
    0x08004cfc   0x08004cfc   0x00000020   Code   RO           15    i.tof200f_init      tof200f_uart.o
    0x08004d1c   0x08004d1c   0x0000003c   Code   RO           16    i.tof200f_trans     tof200f_uart.o
    0x08004d58   0x08004d58   0x0000001c   Code   RO           17    i.uart1_transact    tof200f_uart.o
    0x08004d74   0x08004d74   0x00000026   Code   RO         4109    i.uxListRemove      list.o
    0x08004d9a   0x08004d9a   0x00000002   PAD
    0x08004d9c   0x08004d9c   0x00000014   Code   RO         5113    i.vApplicationGetIdleTaskMemory  cmsis_os2.o
    0x08004db0   0x08004db0   0x00000018   Code   RO         5114    i.vApplicationGetTimerTaskMemory  cmsis_os2.o
    0x08004dc8   0x08004dc8   0x00000016   Code   RO         4110    i.vListInitialise   list.o
    0x08004dde   0x08004dde   0x00000006   Code   RO         4111    i.vListInitialiseItem  list.o
    0x08004de4   0x08004de4   0x00000030   Code   RO         4112    i.vListInsert       list.o
    0x08004e14   0x08004e14   0x00000018   Code   RO         4113    i.vListInsertEnd    list.o
    0x08004e2c   0x08004e2c   0x00000040   Code   RO         5525    i.vPortEnterCritical  port.o
    0x08004e6c   0x08004e6c   0x00000028   Code   RO         5526    i.vPortExitCritical  port.o
    0x08004e94   0x08004e94   0x0000005c   Code   RO         5474    i.vPortFree         heap_4.o
    0x08004ef0   0x08004ef0   0x00000024   Code   RO         5527    i.vPortSetupTimerInterrupt  port.o
    0x08004f14   0x08004f14   0x00000054   Code   RO         5528    i.vPortValidateInterruptPriority  port.o
    0x08004f68   0x08004f68   0x00000028   Code   RO         4160    i.vQueueAddToRegistry  queue.o
    0x08004f90   0x08004f90   0x00000044   Code   RO         4164    i.vQueueWaitForMessageRestricted  queue.o
    0x08004fd4   0x08004fd4   0x0000004c   Code   RO         4564    i.vTaskDelay        tasks.o
    0x08005020   0x08005020   0x00000010   Code   RO         4569    i.vTaskInternalSetTimeOutState  tasks.o
    0x08005030   0x08005030   0x0000000c   Code   RO         4570    i.vTaskMissedYield  tasks.o
    0x0800503c   0x0800503c   0x00000030   Code   RO         4572    i.vTaskPlaceOnEventList  tasks.o
    0x0800506c   0x0800506c   0x00000038   Code   RO         4573    i.vTaskPlaceOnEventListRestricted  tasks.o
    0x080050a4   0x080050a4   0x00000088   Code   RO         4581    i.vTaskStartScheduler  tasks.o
    0x0800512c   0x0800512c   0x00000010   Code   RO         4583    i.vTaskSuspendAll   tasks.o
    0x0800513c   0x0800513c   0x00000064   Code   RO         4584    i.vTaskSwitchContext  tasks.o
    0x080051a0   0x080051a0   0x000000a8   Code   RO         5529    i.xPortStartScheduler  port.o
    0x08005248   0x08005248   0x00000066   Code   RO         4170    i.xQueueGenericCreateStatic  queue.o
    0x080052ae   0x080052ae   0x00000002   PAD
    0x080052b0   0x080052b0   0x00000088   Code   RO         4171    i.xQueueGenericReset  queue.o
    0x08005338   0x08005338   0x00000160   Code   RO         4172    i.xQueueGenericSend  queue.o
    0x08005498   0x08005498   0x000000bc   Code   RO         4173    i.xQueueGenericSendFromISR  queue.o
    0x08005554   0x08005554   0x00000138   Code   RO         4182    i.xQueueReceive     queue.o
    0x0800568c   0x0800568c   0x00000074   Code   RO         4585    i.xTaskCheckForTimeOut  tasks.o
    0x08005700   0x08005700   0x0000005a   Code   RO         4586    i.xTaskCreate       tasks.o
    0x0800575a   0x0800575a   0x00000056   Code   RO         4587    i.xTaskCreateStatic  tasks.o
    0x080057b0   0x080057b0   0x0000001c   Code   RO         4591    i.xTaskGetSchedulerState  tasks.o
    0x080057cc   0x080057cc   0x0000000c   Code   RO         4592    i.xTaskGetTickCount  tasks.o
    0x080057d8   0x080057d8   0x000000c8   Code   RO         4594    i.xTaskIncrementTick  tasks.o
    0x080058a0   0x080058a0   0x00000080   Code   RO         4597    i.xTaskPriorityDisinherit  tasks.o
    0x08005920   0x08005920   0x00000070   Code   RO         4599    i.xTaskRemoveFromEventList  tasks.o
    0x08005990   0x08005990   0x000000c4   Code   RO         4600    i.xTaskResumeAll    tasks.o
    0x08005a54   0x08005a54   0x00000060   Code   RO         4910    i.xTimerCreateTimerTask  timers.o
    0x08005ab4   0x08005ab4   0x00000068   Code   RO         4911    i.xTimerGenericCommand  timers.o
    0x08005b1c   0x08005b1c   0x00000200   Data   RO           19    .constdata          tof200f_uart.o
    0x08005d1c   0x08005d1c   0x0000006c   Data   RO          395    .constdata          freertos.o
    0x08005d88   0x08005d88   0x00001e30   Data   RO         1154    .constdata          oled.o
    0x08007bb8   0x08007bb8   0x00000010   Data   RO         3917    .constdata          system_stm32f1xx.o
    0x08007bc8   0x08007bc8   0x00000008   Data   RO         3918    .constdata          system_stm32f1xx.o
    0x08007bd0   0x08007bd0   0x00000029   Data   RO          396    .conststring        freertos.o
    0x08007bf9   0x08007bf9   0x00000003   PAD
    0x08007bfc   0x08007bfc   0x00000020   Data   RO         5935    Region$$Table       anon$$obj.o


    Execution Region RW_IRAM1 (Exec base: 0x20000000, Load base: 0x08007c1c, Size: 0x00002698, Max: 0x00005000, ABSOLUTE)

    Exec Addr    Load Addr    Size         Type   Attr      Idx    E Section Name        Object

    0x20000000   0x08007c1c   0x00000008   Data   RW           20    .data               tof200f_uart.o
    0x20000008   0x08007c24   0x00000036   Data   RW          403    .data               freertos.o
    0x2000003e   0x08007c5a   0x00000002   PAD
    0x20000040   0x08007c5c   0x0000000c   Data   RW          477    .data               adc.o
    0x2000004c   0x08007c68   0x00000008   Data   RW          848    .data               speedpid.o
    0x20000054   0x08007c70   0x00000008   Data   RW          908    .data               am26c32.o
    0x2000005c   0x08007c78   0x00000008   Data   RW         1001    .data               vcmcontrol.o
    0x20000064   0x08007c80   0x00000018   Data   RW         1093    .data               tof200f.o
    0x2000007c   0x08007c98   0x0000000c   Data   RW         1635    .data               stm32f1xx_hal.o
    0x20000088   0x08007ca4   0x00000004   Data   RW         3919    .data               system_stm32f1xx.o
    0x2000008c   0x08007ca8   0x0000003c   Data   RW         4603    .data               tasks.o
    0x200000c8   0x08007ce4   0x00000014   Data   RW         4919    .data               timers.o
    0x200000dc   0x08007cf8   0x00000004   Data   RW         5116    .data               cmsis_os2.o
    0x200000e0   0x08007cfc   0x00000018   Data   RW         5479    .data               heap_4.o
    0x200000f8   0x08007d14   0x0000000c   Data   RW         5530    .data               port.o
    0x20000104   0x08007d20   0x00000004   Data   RW         5911    .data               mc_w.l(stdout.o)
    0x20000108        -       0x00000040   Zero   RW           18    .bss                tof200f_uart.o
    0x20000148        -       0x000000c4   Zero   RW          476    .bss                adc.o
    0x2000020c        -       0x000000d8   Zero   RW          566    .bss                tim.o
    0x200002e4        -       0x00000088   Zero   RW          636    .bss                usart.o
    0x2000036c        -       0x00000048   Zero   RW          811    .bss                stm32f1xx_hal_timebase_tim.o
    0x200003b4        -       0x00000010   Zero   RW         1000    .bss                vcmcontrol.o
    0x200003c4        -       0x00000600   Zero   RW         1153    .bss                oled.o
    0x200009c4        -       0x00000040   Zero   RW         4186    .bss                queue.o
    0x20000a04        -       0x000004c4   Zero   RW         4602    .bss                tasks.o
    0x20000ec8        -       0x00000118   Zero   RW         4918    .bss                timers.o
    0x20000fe0        -       0x000006b8   Zero   RW         5115    .bss                cmsis_os2.o
    0x20001698        -       0x00000c00   Zero   RW         5478    .bss                heap_4.o
    0x20002298        -       0x00000400   Zero   RW            1    STACK               startup_stm32f103xb.o


==============================================================================

Image component sizes


      Code (inc. data)   RO Data    RW Data    ZI Data      Debug   Object Name

       328         46          0         12        196       2466   adc.o
       152         30          0          8          0       2162   am26c32.o
       380         32          0          4       1720      14318   cmsis_os2.o
         0          0          0          0          0       7076   croutine.o
        44          4          0          0          0        750   dma.o
         0          0          0          0          0      20188   event_groups.o
        84          0          0          0          0       1315   filter.o
       336         64        149         54          0       4151   freertos.o
       188         18          0          0          0        963   gpio.o
       460         24          0         24       3072       4655   heap_4.o
       138          0          0          0          0       3378   list.o
       326         48          0          0          0     414681   main.o
      1478         84       7728          0       1536      10350   oled.o
       662         70          0         12          0      10761   port.o
         4          0          0          0          0        448   positionpid.o
      1512         20          0          0         64      16848   queue.o
        28          6          0          8          0        533   speedpid.o
        36          8        236          0       1024        800   startup_stm32f103xb.o
       100         18          0         12          0       5214   stm32f1xx_hal.o
      1188         44          0          0          0       6703   stm32f1xx_hal_adc.o
         2          0          0          0          0       1049   stm32f1xx_hal_adc_ex.o
       158         14          0          0          0      28174   stm32f1xx_hal_cortex.o
       654         36          0          0          0       3367   stm32f1xx_hal_dma.o
       506         34          0          0          0       3489   stm32f1xx_hal_gpio.o
        72         10          0          0          0        862   stm32f1xx_hal_msp.o
      1336        110          0          0          0       5785   stm32f1xx_hal_rcc.o
       236         12          0          0          0       1372   stm32f1xx_hal_rcc_ex.o
      2074         58          0          0          0      17665   stm32f1xx_hal_tim.o
       108         12          0          0          0       2353   stm32f1xx_hal_tim_ex.o
       116         16          0          0         72       1411   stm32f1xx_hal_timebase_tim.o
      1432         10          0          0          0      10468   stm32f1xx_hal_uart.o
        84         36          0          0          0       5159   stm32f1xx_it.o
         0          0          0          0          0       8928   stream_buffer.o
         2          0         24          4          0       1107   system_stm32f1xx.o
      2064        170          0         60       1220      23136   tasks.o
       616         54          0          0        216       4280   tim.o
       912         82          0         20        280      25951   timers.o
        68         16          0         24          0       1609   tof200f.o
       224         48        512          8         64     450019   tof200f_uart.o
       372         42          0          0        136       2859   usart.o
       108         12          0          8         16       2271   vcmcontrol.o

    ----------------------------------------------------------------------
     18648       1288       8684        260       9616    1129074   Object Totals
         0          0         32          0          0          0   (incl. Generated)
        60          0          3          2          0          0   (incl. Padding)

    ----------------------------------------------------------------------

      Code (inc. data)   RO Data    RW Data    ZI Data      Debug   Library Member Name

         0          0          0          0          0          0   entry.o
         0          0          0          0          0          0   entry10a.o
         0          0          0          0          0          0   entry11a.o
         4          0          0          0          0          0   entry12b.o
         8          4          0          0          0          0   entry2.o
         4          0          0          0          0          0   entry5.o
         0          0          0          0          0          0   entry7b.o
         0          0          0          0          0          0   entry8b.o
         8          4          0          0          0          0   entry9a.o
        30          0          0          0          0          0   handlers.o
        36          8          0          0          0         68   init.o
         0          0          0          0          0          0   iusefp.o
        30          0          0          0          0         68   llshl.o
        36          0          0          0          0         68   llsshr.o
        32          0          0          0          0         68   llushr.o
        36          0          0          0          0         68   memcpya.o
        36          0          0          0          0        108   memseta.o
      2218         90          0          0          0        464   printfa.o
         0          0          0          4          0          0   stdout.o
        44          0          0          0          0         80   uidiv.o
        98          0          0          0          0         92   uldiv.o
        48          0          0          0          0         68   cdrcmple.o
        56          0          0          0          0         88   d2f.o
       334          0          0          0          0        148   dadd.o
       222          0          0          0          0        100   ddiv.o
       186          0          0          0          0        176   depilogue.o
        48          0          0          0          0         68   dfixul.o
        26          0          0          0          0         76   dfltui.o
       228          0          0          0          0         96   dmul.o
        38          0          0          0          0         68   f2d.o
       176          0          0          0          0        140   fadd.o
       124          0          0          0          0         88   fdiv.o
       110          0          0          0          0        168   fepilogue.o
        50          0          0          0          0         68   ffixi.o
        40          0          0          0          0         68   ffixui.o
        18          0          0          0          0         68   fflti.o
        10          0          0          0          0         68   ffltui.o
       100          0          0          0          0         76   fmul.o

    ----------------------------------------------------------------------
      4440        106          0          4          0       2716   Library Totals
         6          0          0          0          0          0   (incl. Padding)

    ----------------------------------------------------------------------

      Code (inc. data)   RO Data    RW Data    ZI Data      Debug   Library Name

      2620        106          0          4          0       1084   mc_w.l
      1814          0          0          0          0       1632   mf_w.l

    ----------------------------------------------------------------------
      4440        106          0          4          0       2716   Library Totals

    ----------------------------------------------------------------------

==============================================================================


      Code (inc. data)   RO Data    RW Data    ZI Data      Debug   

     23088       1394       8684        264       9616    1119930   Grand Totals
     23088       1394       8684        264       9616    1119930   ELF Image Totals
     23088       1394       8684        264          0          0   ROM Totals

==============================================================================

    Total RO  Size (Code + RO Data)                31772 (  31.03kB)
    Total RW  Size (RW Data + ZI Data)              9880 (   9.65kB)
    Total ROM Size (Code + RO Data + RW Data)      32036 (  31.29kB)

==============================================================================

